2025-04-25 06:05:16,585 [INFO] {2226783} koji.build.buildroot:509 Running mock as kojibuilder
ERROR: Option --new-chroot has been deprecated. Use --isolation=nspawn instead.
INFO: mock.py version 6.1 starting (python version = 3.13.2, NVR = mock-6.1-1.fc41), args: /usr/libexec/mock/mock -r koji/f43-build-59088491-6571000 --new-chroot --init
Start(bootstrap): init plugins
INFO: selinux enabled
INFO: rpmautospec: initialized
Finish(bootstrap): init plugins
Start: init plugins
INFO: selinux enabled
INFO: rpmautospec: initialized
Finish: init plugins
INFO: Signal handler active
Start: run
Start: clean chroot
Finish: clean chroot
Mock Version: 6.1
INFO: Mock Version: 6.1
Start(bootstrap): chroot init
INFO: calling preinit hooks
INFO: Package manager dnf5 detected and used (fallback)
Start(bootstrap): installing dnf5 tooling
Finish(bootstrap): installing dnf5 tooling
Finish(bootstrap): chroot init
Start: chroot init
INFO: calling preinit hooks
INFO: enabled HW Info plugin
INFO: Package manager dnf5 detected and used (direct choice)
Start: installing minimal buildroot with dnf5
Finish: installing minimal buildroot with dnf5
Finish: chroot init
INFO: Installed packages:
INFO: add-determinism-0.6.0-1.fc43.x86_64
alternatives-1.32-1.fc43.x86_64
ansible-srpm-macros-1-17.1.fc42.noarch
audit-libs-4.0.3-2.fc42.x86_64
bash-5.2.37-3.fc43.x86_64
binutils-2.44-3.fc43.x86_64
build-reproducibility-srpm-macros-0.6.0-1.fc43.noarch
bzip2-1.0.8-20.fc42.x86_64
bzip2-libs-1.0.8-20.fc42.x86_64
ca-certificates-2024.2.69_v8.0.401-5.fc42.noarch
coreutils-9.7-1.fc43.x86_64
coreutils-common-9.7-1.fc43.x86_64
cpio-2.15-2.fc41.x86_64
crypto-policies-20250402-2.git86c0178.fc43.noarch
curl-8.13.0-1.fc43.x86_64
cyrus-sasl-lib-2.1.28-30.fc42.x86_64
debugedit-5.1-6.fc43.x86_64
diffutils-3.12-1.fc43.x86_64
dwz-0.15-9.fc42.x86_64
ed-1.21-2.fc42.x86_64
efi-srpm-macros-6-3.fc43.noarch
elfutils-0.192-8.fc42.x86_64
elfutils-debuginfod-client-0.192-8.fc42.x86_64
elfutils-default-yama-scope-0.192-8.fc42.noarch
elfutils-libelf-0.192-8.fc42.x86_64
elfutils-libs-0.192-8.fc42.x86_64
fedora-gpg-keys-43-0.1.noarch
fedora-release-43-0.15.noarch
fedora-release-common-43-0.15.noarch
fedora-release-identity-basic-43-0.15.noarch
fedora-repos-43-0.1.noarch
fedora-repos-rawhide-43-0.1.noarch
file-5.46-1.fc42.x86_64
file-libs-5.46-1.fc42.x86_64
filesystem-3.18-40.fc43.x86_64
filesystem-srpm-macros-3.18-40.fc43.noarch
findutils-4.10.0-5.fc42.x86_64
fonts-srpm-macros-2.0.5-21.fc42.noarch
forge-srpm-macros-0.4.0-2.fc42.noarch
fpc-srpm-macros-1.3-14.fc42.noarch
gawk-5.3.2-1.fc43.x86_64
gdb-minimal-16.2-3.fc43.x86_64
gdbm-libs-1.23-9.fc42.x86_64
ghc-srpm-macros-1.9.2-2.fc42.noarch
glibc-2.41.9000-10.fc43.x86_64
glibc-common-2.41.9000-10.fc43.x86_64
glibc-gconv-extra-2.41.9000-10.fc43.x86_64
glibc-minimal-langpack-2.41.9000-10.fc43.x86_64
gmp-6.3.0-3.fc43.x86_64
gnat-srpm-macros-6-7.fc42.noarch
gnupg2-2.4.7-3.fc43.x86_64
gnutls-3.8.9-5.fc43.x86_64
go-srpm-macros-3.6.0-7.fc43.noarch
grep-3.12-1.fc43.x86_64
gzip-1.13-3.fc42.x86_64
ima-evm-utils-libs-1.6.2-5.fc43.x86_64
info-7.2-3.fc42.x86_64
jansson-2.14-2.fc42.x86_64
json-c-0.18-2.fc42.x86_64
kernel-srpm-macros-1.0-25.fc42.noarch
keyutils-libs-1.6.3-5.fc42.x86_64
krb5-libs-1.21.3-5.fc42.x86_64
libacl-2.3.2-3.fc42.x86_64
libarchive-3.7.7-4.fc43.x86_64
libassuan-2.5.7-3.fc42.x86_64
libattr-2.5.2-5.fc42.x86_64
libblkid-2.40.4-7.fc43.x86_64
libbrotli-1.1.0-6.fc42.x86_64
libcap-2.76-1.fc43.x86_64
libcap-ng-0.8.5-4.fc42.x86_64
libcom_err-1.47.2-3.fc42.x86_64
libcurl-8.13.0-1.fc43.x86_64
libeconf-0.7.6-1.fc43.x86_64
libevent-2.1.12-15.fc42.x86_64
libfdisk-2.40.4-7.fc43.x86_64
libffi-3.4.7-4.fc43.x86_64
libfsverity-1.6-2.fc42.x86_64
libgcc-15.0.1-0.14.fc43.x86_64
libgcrypt-1.11.0-5.fc42.x86_64
libgomp-15.0.1-0.14.fc43.x86_64
libgpg-error-1.55-1.fc43.x86_64
libidn2-2.3.8-1.fc43.x86_64
libksba-1.6.7-3.fc42.x86_64
libmount-2.40.4-7.fc43.x86_64
libnghttp2-1.65.0-1.fc43.x86_64
libpkgconf-2.3.0-2.fc42.x86_64
libpsl-0.21.5-5.fc42.x86_64
libselinux-3.8-1.fc42.x86_64
libsemanage-3.8-1.fc42.x86_64
libsepol-3.8-1.fc42.x86_64
libsmartcols-2.40.4-7.fc43.x86_64
libssh-0.11.1-4.fc42.x86_64
libssh-config-0.11.1-4.fc42.noarch
libstdc++-15.0.1-0.14.fc43.x86_64
libtasn1-4.20.0-1.fc43.x86_64
libtool-ltdl-2.5.4-4.fc42.x86_64
libunistring-1.1-9.fc42.x86_64
libusb1-1.0.28-2.fc43.x86_64
libuuid-2.40.4-7.fc43.x86_64
libverto-0.3.2-10.fc42.x86_64
libxcrypt-4.4.38-7.fc43.x86_64
libxml2-2.12.10-1.fc43.x86_64
libzstd-1.5.7-1.fc43.x86_64
lua-libs-5.4.7-3.fc43.x86_64
lua-srpm-macros-1-15.fc42.noarch
lz4-libs-1.10.0-2.fc42.x86_64
mpfr-4.2.2-1.fc43.x86_64
ncurses-base-6.5-5.20250125.fc42.noarch
ncurses-libs-6.5-5.20250125.fc42.x86_64
nettle-3.10.1-1.fc43.x86_64
npth-1.8-2.fc42.x86_64
ocaml-srpm-macros-10-4.fc42.noarch
openblas-srpm-macros-2-19.fc42.noarch
openldap-2.6.9-5.fc43.x86_64
openssl-libs-3.5.0-3.fc43.x86_64
p11-kit-0.25.5-5.fc42.x86_64
p11-kit-trust-0.25.5-5.fc42.x86_64
package-notes-srpm-macros-0.5-13.fc42.noarch
pam-libs-1.7.0-4.fc42.x86_64
patch-2.8-1.fc43.x86_64
pcre2-10.45-1.fc43.x86_64
pcre2-syntax-10.45-1.fc43.noarch
perl-srpm-macros-1-57.fc42.noarch
pkgconf-2.3.0-2.fc42.x86_64
pkgconf-m4-2.3.0-2.fc42.noarch
pkgconf-pkg-config-2.3.0-2.fc42.x86_64
popt-1.19-8.fc42.x86_64
publicsuffix-list-dafsa-20250116-1.fc42.noarch
pyproject-srpm-macros-1.18.1-1.fc43.noarch
python-srpm-macros-3.13-5.fc43.noarch
qt5-srpm-macros-5.15.16-1.fc43.noarch
qt6-srpm-macros-6.9.0-2.fc43.noarch
readline-8.2-13.fc43.x86_64
redhat-rpm-config-343-4.fc43.noarch
rpm-5.99.90-3.fc43.x86_64
rpm-build-5.99.90-3.fc43.x86_64
rpm-build-libs-5.99.90-3.fc43.x86_64
rpm-libs-5.99.90-3.fc43.x86_64
rpm-sequoia-1.8.0-1.fc43.x86_64
rpm-sign-libs-5.99.90-3.fc43.x86_64
rust-srpm-macros-26.3-4.fc42.noarch
sed-4.9-4.fc42.x86_64
setup-2.15.0-23.fc43.noarch
shadow-utils-4.17.4-1.fc43.x86_64
sqlite-libs-3.49.0-1.fc43.x86_64
systemd-libs-257.5-2.fc43.x86_64
systemd-standalone-sysusers-257.5-2.fc43.x86_64
tar-1.35-5.fc42.x86_64
tpm2-tss-4.1.3-7.fc43.x86_64
tree-sitter-srpm-macros-0.2.4-1.fc43.noarch
unzip-6.0-66.fc42.x86_64
util-linux-2.40.4-7.fc43.x86_64
util-linux-core-2.40.4-7.fc43.x86_64
which-2.23-1.fc42.x86_64
xxhash-libs-0.8.3-2.fc42.x86_64
xz-5.8.1-1.fc43.x86_64
xz-libs-5.8.1-1.fc43.x86_64
zig-srpm-macros-1-4.fc42.noarch
zip-3.0-43.fc42.x86_64
zlib-ng-compat-2.2.4-2.fc43.x86_64
zstd-1.5.7-1.fc43.x86_64
Finish: run
2025-04-25 06:06:01,678 [INFO] {2231281} koji.build.buildroot:509 Running mock as kojibuilder
ERROR: Option --new-chroot has been deprecated. Use --isolation=nspawn instead.
INFO: mock.py version 6.1 starting (python version = 3.13.2, NVR = mock-6.1-1.fc41), args: /usr/libexec/mock/mock -r koji/f43-build-59088491-6571000 --new-chroot --chroot 'uname -r'
Start(bootstrap): init plugins
INFO: selinux enabled
INFO: rpmautospec: initialized
Finish(bootstrap): init plugins
Start: init plugins
INFO: selinux enabled
INFO: rpmautospec: initialized
Finish: init plugins
INFO: Signal handler active
Start: run
Mock Version: 6.1
INFO: Mock Version: 6.1
Start(bootstrap): chroot init
INFO: calling preinit hooks
INFO: Package manager dnf5 detected and used (fallback)
Finish(bootstrap): chroot init
Start: chroot init
INFO: calling preinit hooks
INFO: enabled HW Info plugin
INFO: Package manager dnf5 detected and used (direct choice)
Finish: chroot init
INFO: Running in chroot: ['uname -r']
Start: chroot ['uname -r']
6.13.8-200.fc41.x86_64
Finish: chroot ['uname -r']
Finish: run
2025-04-25 06:06:06,005 [INFO] {2231312} koji.build.buildroot:509 Running mock as kojibuilder
ERROR: Option --new-chroot has been deprecated. Use --isolation=nspawn instead.
INFO: mock.py version 6.1 starting (python version = 3.13.2, NVR = mock-6.1-1.fc41), args: /usr/libexec/mock/mock -r koji/f43-build-59088491-6571000 --new-chroot --no-clean --target x86_64 --rebuild '/var/tmp/koji/tasks/1339/131961339/local/work/tasks/1288/131961288/glimpse-4.12.6^git20161025.4945711-4.fc43.src.rpm'
Start(bootstrap): init plugins
INFO: selinux enabled
INFO: rpmautospec: initialized
Finish(bootstrap): init plugins
Start: init plugins
INFO: selinux enabled
INFO: rpmautospec: initialized
Finish: init plugins
INFO: Signal handler active
Start: run
INFO: Start(/var/tmp/koji/tasks/1339/131961339/local/work/tasks/1288/131961288/glimpse-4.12.6^git20161025.4945711-4.fc43.src.rpm)  Config(f43-build-59088491-6571000)
Mock Version: 6.1
INFO: Mock Version: 6.1
Start(bootstrap): chroot init
INFO: calling preinit hooks
INFO: Package manager dnf5 detected and used (fallback)
Finish(bootstrap): chroot init
Start: chroot init
INFO: calling preinit hooks
INFO: enabled HW Info plugin
INFO: Package manager dnf5 detected and used (direct choice)
INFO: Buildroot is handled by package management installed into bootstrap:
  rpm-5.99.90-3.fc43.x86_64
  rpm-sequoia-1.8.0-1.fc43.x86_64
  dnf5-5.2.13.1-1.fc43.x86_64
  dnf5-plugins-5.2.13.1-1.fc43.x86_64
Finish: chroot init
Start: build phase for glimpse-4.12.6^git20161025.4945711-4.fc43.src.rpm
Start: build setup for glimpse-4.12.6^git20161025.4945711-4.fc43.src.rpm
Finish: build setup for glimpse-4.12.6^git20161025.4945711-4.fc43.src.rpm
Start: rpmbuild glimpse-4.12.6^git20161025.4945711-4.fc43.src.rpm
Finish: rpmbuild glimpse-4.12.6^git20161025.4945711-4.fc43.src.rpm
Finish: build phase for glimpse-4.12.6^git20161025.4945711-4.fc43.src.rpm
ERROR: Exception(/var/tmp/koji/tasks/1339/131961339/local/work/tasks/1288/131961288/glimpse-4.12.6^git20161025.4945711-4.fc43.src.rpm) Config(f43-build-59088491-6571000) 0 minutes 19 seconds
INFO: Results and/or logs in: /var/lib/mock/f43-build-59088491-6571000/result
ERROR: Command failed: 
 # /usr/bin/systemd-nspawn -q -M 490ab7d35a1a4744a37daf083f623494 -D /var/lib/mock/f43-build-59088491-6571000/root -a -u mockbuild --capability=cap_ipc_lock --bind=/tmp/mock-resolv.uqk8_svh:/etc/resolv.conf --bind=/dev/btrfs-control --bind=/dev/mapper/control --bind=/dev/fuse --bind=/dev/loop-control --bind=/dev/loop0 --bind=/dev/loop1 --bind=/dev/loop2 --bind=/dev/loop3 --bind=/dev/loop4 --bind=/dev/loop5 --bind=/dev/loop6 --bind=/dev/loop7 --bind=/dev/loop8 --bind=/dev/loop9 --bind=/dev/loop10 --bind=/dev/loop11 --console=pipe --setenv=TERM=vt100 --setenv=SHELL=/bin/bash --setenv=HOME=/builddir --setenv=HOSTNAME=mock --setenv=PATH=/usr/bin:/bin:/usr/sbin:/sbin '--setenv=PROMPT_COMMAND=printf "\033]0;<mock-chroot>\007"' '--setenv=PS1=<mock-chroot> \s-\v\$ ' --setenv=LANG=C.UTF-8 --resolv-conf=off bash --login -c '/usr/bin/rpmbuild -bb --noclean --target x86_64 --nodeps /builddir/build/SPECS/glimpse.spec'

