Warning: Permanently added '2620:52:3:1:dead:beef:cafe:c1cb' (ED25519) to the list of known hosts.
Running (timeout=18000): unbuffer mock --spec /var/lib/copr-rpmbuild/workspace/workdir-ckh87q35/python-castor-extractor/python-castor-extractor.spec --sources /var/lib/copr-rpmbuild/workspace/workdir-ckh87q35/python-castor-extractor --resultdir /var/lib/copr-rpmbuild/results --uniqueext 1733404389.416193 -r /var/lib/copr-rpmbuild/results/configs/child.cfg
INFO: mock.py version 5.9 starting (python version = 3.13.0, NVR = mock-5.9-1.fc41), args: /usr/libexec/mock/mock --spec /var/lib/copr-rpmbuild/workspace/workdir-ckh87q35/python-castor-extractor/python-castor-extractor.spec --sources /var/lib/copr-rpmbuild/workspace/workdir-ckh87q35/python-castor-extractor --resultdir /var/lib/copr-rpmbuild/results --uniqueext 1733404389.416193 -r /var/lib/copr-rpmbuild/results/configs/child.cfg
Start(bootstrap): init plugins
INFO: tmpfs initialized
INFO: selinux enabled
INFO: chroot_scan: initialized
INFO: compress_logs: initialized
Finish(bootstrap): init plugins
Start: init plugins
INFO: tmpfs initialized
INFO: selinux enabled
INFO: chroot_scan: initialized
INFO: compress_logs: initialized
Finish: init plugins
INFO: Signal handler active
Start: run
INFO: Start(/var/lib/copr-rpmbuild/workspace/workdir-ckh87q35/python-castor-extractor/python-castor-extractor.spec)  Config(fedora-rawhide-x86_64)
Start: clean chroot
Finish: clean chroot
Mock Version: 5.9
INFO: Mock Version: 5.9
Start(bootstrap): chroot init
INFO: mounting tmpfs at /var/lib/mock/fedora-rawhide-x86_64-bootstrap-1733404389.416193/root.
INFO: calling preinit hooks
INFO: enabled root cache
INFO: enabled package manager cache
Start(bootstrap): cleaning package manager metadata
Finish(bootstrap): cleaning package manager metadata
INFO: Guessed host environment type: unknown
INFO: Using bootstrap image: registry.fedoraproject.org/fedora:rawhide
INFO: Pulling image: registry.fedoraproject.org/fedora:rawhide
INFO: Copy content of container registry.fedoraproject.org/fedora:rawhide to /var/lib/mock/fedora-rawhide-x86_64-bootstrap-1733404389.416193/root
INFO: Checking that registry.fedoraproject.org/fedora:rawhide image matches host's architecture
INFO: mounting registry.fedoraproject.org/fedora:rawhide with podman image mount
INFO: image registry.fedoraproject.org/fedora:rawhide as /var/lib/containers/storage/overlay/b7124e2ee623134e9006067db470adb3249a48bc52651f935445c477f0f83c0d/merged
INFO: umounting image registry.fedoraproject.org/fedora:rawhide (/var/lib/containers/storage/overlay/b7124e2ee623134e9006067db470adb3249a48bc52651f935445c477f0f83c0d/merged) with podman image umount
INFO: Package manager dnf5 detected and used (fallback)
INFO: Not updating bootstrap chroot, bootstrap_image_ready=True
Start(bootstrap): creating root cache
Finish(bootstrap): creating root cache
Finish(bootstrap): chroot init
Start: chroot init
INFO: mounting tmpfs at /var/lib/mock/fedora-rawhide-x86_64-1733404389.416193/root.
INFO: calling preinit hooks
INFO: enabled root cache
INFO: enabled package manager cache
Start: cleaning package manager metadata
Finish: cleaning package manager metadata
INFO: enabled HW Info plugin
INFO: Package manager dnf5 detected and used (direct choice)
INFO: Buildroot is handled by package management downloaded with a bootstrap image:
  rpm-4.20.0-1.fc42.x86_64
  rpm-sequoia-1.7.0-2.fc41.x86_64
  dnf5-5.2.7.0-1.fc42.x86_64
  dnf5-plugins-5.2.7.0-1.fc42.x86_64
Start: installing minimal buildroot with dnf5
Updating and loading repositories:
 fedora                                 100% |   1.0 MiB/s |  28.7 KiB |  00m00s
 Copr repository                        100% |  30.2 KiB/s |   1.5 KiB |  00m00s
 Copr repository                        100% |  71.6 MiB/s |  43.1 MiB |  00m01s
Repositories loaded.
Package                            Arch   Version                    Repository      Size
Installing group/module packages:
 bash                              x86_64 5.2.37-1.fc42              fedora       8.2 MiB
 bzip2                             x86_64 1.0.8-19.fc41              fedora      95.7 KiB
 coreutils                         x86_64 9.5-11.fc42                fedora       5.4 MiB
 cpio                              x86_64 2.15-2.fc41                fedora       1.1 MiB
 diffutils                         x86_64 3.10-8.fc41                fedora       1.6 MiB
 fedora-release-common             noarch 42-0.11                    fedora      19.8 KiB
 findutils                         x86_64 1:4.10.0-4.fc41            fedora       1.8 MiB
 gawk                              x86_64 5.3.0-4.fc41               fedora       1.7 MiB
 glibc-minimal-langpack            x86_64 2.40.9000-21.fc42          fedora       0.0   B
 grep                              x86_64 3.11-9.fc41                fedora       1.0 MiB
 gzip                              x86_64 1.13-2.fc41                fedora     389.0 KiB
 info                              x86_64 7.1.1-2.fc42               fedora     361.8 KiB
 patch                             x86_64 2.7.6-25.fc41              fedora     266.7 KiB
 redhat-rpm-config                 noarch 296-1.fc42                 fedora     186.6 KiB
 rpm-build                         x86_64 4.20.0-1.fc42              fedora     194.3 KiB
 sed                               x86_64 4.9-3.fc41                 fedora     861.5 KiB
 shadow-utils                      x86_64 2:4.16.0-7.fc42            fedora       4.0 MiB
 tar                               x86_64 2:1.35-4.fc41              fedora       2.9 MiB
 unzip                             x86_64 6.0-65.fc42                fedora     398.2 KiB
 util-linux                        x86_64 2.40.2-8.fc42              fedora       3.7 MiB
 which                             x86_64 2.21-42.fc41               fedora      80.2 KiB
 xz                                x86_64 1:5.6.3-2.fc42             fedora       1.2 MiB
Installing dependencies:
 add-determinism                   x86_64 0.4.3-1.fc42               fedora       2.4 MiB
 alternatives                      x86_64 1.30-1.fc41                fedora      66.3 KiB
 ansible-srpm-macros               noarch 1-16.fc41                  fedora      35.7 KiB
 audit-libs                        x86_64 4.0.2-1.fc41               fedora     331.3 KiB
 authselect                        x86_64 1.5.0-8.fc42               fedora     157.5 KiB
 authselect-libs                   x86_64 1.5.0-8.fc42               fedora     822.2 KiB
 basesystem                        noarch 11-21.fc41                 fedora       0.0   B
 binutils                          x86_64 2.43.50-9.fc42             fedora      25.8 MiB
 build-reproducibility-srpm-macros noarch 0.4.3-1.fc42               fedora     735.0   B
 bzip2-libs                        x86_64 1.0.8-19.fc41              fedora      80.7 KiB
 ca-certificates                   noarch 2024.2.69_v8.0.401-3.fc42  fedora       2.6 MiB
 coreutils-common                  x86_64 9.5-11.fc42                fedora      11.2 MiB
 cracklib                          x86_64 2.9.11-6.fc41              fedora     238.9 KiB
 crypto-policies                   noarch 20241128-1.gitbb7b0b0.fc42 fedora     137.3 KiB
 curl                              x86_64 8.10.1-2.fc42              fedora     453.3 KiB
 cyrus-sasl-lib                    x86_64 2.1.28-27.fc41             fedora       2.3 MiB
 debugedit                         x86_64 5.1-2.fc42                 fedora     200.3 KiB
 dwz                               x86_64 0.15-8.fc42                fedora     299.2 KiB
 ed                                x86_64 1.20.2-2.fc41              fedora     146.9 KiB
 efi-srpm-macros                   noarch 5-13.fc42                  fedora      40.2 KiB
 elfutils                          x86_64 0.192-7.fc42               fedora       2.6 MiB
 elfutils-debuginfod-client        x86_64 0.192-7.fc42               fedora      81.4 KiB
 elfutils-default-yama-scope       noarch 0.192-7.fc42               fedora       1.8 KiB
 elfutils-libelf                   x86_64 0.192-7.fc42               fedora       1.2 MiB
 elfutils-libs                     x86_64 0.192-7.fc42               fedora     662.9 KiB
 fedora-gpg-keys                   noarch 42-0.3                     fedora     126.4 KiB
 fedora-release                    noarch 42-0.11                    fedora       0.0   B
 fedora-release-identity-basic     noarch 42-0.11                    fedora     719.0   B
 fedora-repos                      noarch 42-0.3                     fedora       4.9 KiB
 fedora-repos-rawhide              noarch 42-0.3                     fedora       2.2 KiB
 file                              x86_64 5.45-8.fc42                fedora     103.7 KiB
 file-libs                         x86_64 5.45-8.fc42                fedora       9.9 MiB
 filesystem                        x86_64 3.18-29.fc42               fedora     106.0   B
 fonts-srpm-macros                 noarch 1:2.0.5-17.fc41            fedora      55.8 KiB
 forge-srpm-macros                 noarch 0.4.0-1.fc42               fedora      38.9 KiB
 fpc-srpm-macros                   noarch 1.3-13.fc41                fedora     144.0   B
 gdb-minimal                       x86_64 15.2-3.fc42                fedora      13.0 MiB
 gdbm                              x86_64 1:1.23-7.fc41              fedora     460.9 KiB
 gdbm-libs                         x86_64 1:1.23-7.fc41              fedora     121.9 KiB
 ghc-srpm-macros                   noarch 1.9.2-1.fc42               fedora     779.0   B
 glibc                             x86_64 2.40.9000-21.fc42          fedora       6.6 MiB
 glibc-common                      x86_64 2.40.9000-21.fc42          fedora       1.0 MiB
 glibc-gconv-extra                 x86_64 2.40.9000-21.fc42          fedora       8.0 MiB
 gmp                               x86_64 1:6.3.0-2.fc41             fedora     811.4 KiB
 gnat-srpm-macros                  noarch 6-6.fc41                   fedora       1.0 KiB
 go-srpm-macros                    noarch 3.6.0-5.fc42               fedora      60.8 KiB
 jansson                           x86_64 2.14-1.fc42                fedora      93.1 KiB
 json-c                            x86_64 0.18-1.fc42                fedora      83.3 KiB
 kernel-srpm-macros                noarch 1.0-24.fc41                fedora       1.9 KiB
 keyutils-libs                     x86_64 1.6.3-4.fc41               fedora      54.4 KiB
 krb5-libs                         x86_64 1.21.3-3.fc42              fedora       2.3 MiB
 libacl                            x86_64 2.3.2-2.fc41               fedora      40.0 KiB
 libarchive                        x86_64 3.7.7-1.fc42               fedora     932.3 KiB
 libattr                           x86_64 2.5.2-4.fc41               fedora      28.5 KiB
 libblkid                          x86_64 2.40.2-8.fc42              fedora     262.5 KiB
 libbrotli                         x86_64 1.1.0-5.fc41               fedora     837.6 KiB
 libcap                            x86_64 2.71-1.fc42                fedora     210.8 KiB
 libcap-ng                         x86_64 0.8.5-3.fc41               fedora      69.2 KiB
 libcom_err                        x86_64 1.47.1-6.fc42              fedora      67.2 KiB
 libcurl                           x86_64 8.10.1-2.fc42              fedora     838.4 KiB
 libeconf                          x86_64 0.7.4-3.fc42               fedora      65.7 KiB
 libevent                          x86_64 2.1.12-14.fc41             fedora     895.7 KiB
 libfdisk                          x86_64 2.40.2-8.fc42              fedora     362.9 KiB
 libffi                            x86_64 3.4.6-3.fc42               fedora      86.4 KiB
 libgcc                            x86_64 14.2.1-6.fc42              fedora     270.6 KiB
 libgomp                           x86_64 14.2.1-6.fc42              fedora     519.8 KiB
 libidn2                           x86_64 2.3.7-2.fc41               fedora     329.1 KiB
 libmount                          x86_64 2.40.2-8.fc42              fedora     355.8 KiB
 libnghttp2                        x86_64 1.64.0-1.fc42              fedora     174.5 KiB
 libnsl2                           x86_64 2.0.1-2.fc41               fedora      57.9 KiB
 libpkgconf                        x86_64 2.3.0-1.fc42               fedora      78.2 KiB
 libpsl                            x86_64 0.21.5-4.fc41              fedora      80.5 KiB
 libpwquality                      x86_64 1.4.5-11.fc41              fedora     417.8 KiB
 libselinux                        x86_64 3.7-7.fc42                 fedora     178.8 KiB
 libsemanage                       x86_64 3.7-4.fc42                 fedora     299.3 KiB
 libsepol                          x86_64 3.7-4.fc42                 fedora     821.5 KiB
 libsmartcols                      x86_64 2.40.2-8.fc42              fedora     180.4 KiB
 libssh                            x86_64 0.11.1-1.fc42              fedora     569.6 KiB
 libssh-config                     noarch 0.11.1-1.fc42              fedora     277.0   B
 libstdc++                         x86_64 14.2.1-6.fc42              fedora       2.8 MiB
 libtasn1                          x86_64 4.19.0-9.fc41              fedora     175.7 KiB
 libtirpc                          x86_64 1.3.6-1.fc42               fedora     205.5 KiB
 libtool-ltdl                      x86_64 2.4.7-12.fc41              fedora      66.2 KiB
 libunistring                      x86_64 1.1-8.fc41                 fedora       1.7 MiB
 libuuid                           x86_64 2.40.2-8.fc42              fedora      41.4 KiB
 libverto                          x86_64 0.3.2-9.fc41               fedora      29.5 KiB
 libxcrypt                         x86_64 4.4.36-11.fc42             fedora     271.4 KiB
 libxml2                           x86_64 2.12.8-2.fc41              fedora       1.7 MiB
 libzstd                           x86_64 1.5.6-2.fc41               fedora     795.9 KiB
 lua-libs                          x86_64 5.4.7-1.fc42               fedora     285.0 KiB
 lua-srpm-macros                   noarch 1-14.fc41                  fedora       1.3 KiB
 lz4-libs                          x86_64 1.10.0-1.fc41              fedora     145.5 KiB
 mpfr                              x86_64 4.2.1-5.fc41               fedora     832.1 KiB
 ncurses-base                      noarch 6.5-2.20240629.fc41        fedora     326.3 KiB
 ncurses-libs                      x86_64 6.5-2.20240629.fc41        fedora     975.2 KiB
 ocaml-srpm-macros                 noarch 10-3.fc41                  fedora       1.9 KiB
 openblas-srpm-macros              noarch 2-18.fc41                  fedora     112.0   B
 openldap                          x86_64 2.6.8-5.fc41               fedora     644.2 KiB
 openssl-libs                      x86_64 1:3.2.2-8.fc42             fedora       7.8 MiB
 p11-kit                           x86_64 0.25.5-4.fc42              fedora       2.2 MiB
 p11-kit-trust                     x86_64 0.25.5-4.fc42              fedora     403.8 KiB
 package-notes-srpm-macros         noarch 0.5-12.fc41                fedora       1.6 KiB
 pam                               x86_64 1.7.0-3.fc42               fedora       1.8 MiB
 pam-libs                          x86_64 1.7.0-3.fc42               fedora     139.4 KiB
 pcre2                             x86_64 10.44-1.fc41.1             fedora     653.5 KiB
 pcre2-syntax                      noarch 10.44-1.fc41.1             fedora     251.6 KiB
 perl-srpm-macros                  noarch 1-56.fc41                  fedora     861.0   B
 pkgconf                           x86_64 2.3.0-1.fc42               fedora      88.6 KiB
 pkgconf-m4                        noarch 2.3.0-1.fc42               fedora      14.4 KiB
 pkgconf-pkg-config                x86_64 2.3.0-1.fc42               fedora     989.0   B
 popt                              x86_64 1.19-7.fc41                fedora     136.9 KiB
 publicsuffix-list-dafsa           noarch 20240107-4.fc41            fedora      67.5 KiB
 pyproject-srpm-macros             noarch 1.16.3-1.fc42              fedora       1.9 KiB
 python-srpm-macros                noarch 3.13-3.fc41                fedora      51.0 KiB
 qt5-srpm-macros                   noarch 5.15.15-1.fc42             fedora     500.0   B
 qt6-srpm-macros                   noarch 6.8.0-1.fc42               fedora     456.0   B
 readline                          x86_64 8.2-11.fc42                fedora     493.1 KiB
 rpm                               x86_64 4.20.0-1.fc42              fedora       3.1 MiB
 rpm-build-libs                    x86_64 4.20.0-1.fc42              fedora     206.7 KiB
 rpm-libs                          x86_64 4.20.0-1.fc42              fedora     726.1 KiB
 rpm-sequoia                       x86_64 1.7.0-2.fc41               fedora       2.4 MiB
 rust-srpm-macros                  noarch 26.3-3.fc42                fedora       4.8 KiB
 setup                             noarch 2.15.0-5.fc41              fedora     720.7 KiB
 sqlite-libs                       x86_64 3.47.1-1.fc42              fedora       1.4 MiB
 systemd-libs                      x86_64 257~rc3-1.fc42             fedora       2.3 MiB
 util-linux-core                   x86_64 2.40.2-8.fc42              fedora       1.5 MiB
 xxhash-libs                       x86_64 0.8.2-4.fc42               fedora      88.4 KiB
 xz-libs                           x86_64 1:5.6.3-2.fc42             fedora     218.4 KiB
 zig-srpm-macros                   noarch 1-3.fc41                   fedora       1.1 KiB
 zip                               x86_64 3.0-41.fc41                fedora     703.2 KiB
 zlib-ng-compat                    x86_64 2.2.2-1.fc42               fedora     134.0 KiB
 zstd                              x86_64 1.5.6-2.fc41               fedora       1.7 MiB
Installing groups:
 Buildsystem building group                                                              

Transaction Summary:
 Installing:       154 packages

Total size of inbound packages is 52 MiB. Need to download 0 B.
After this operation, 179 MiB extra will be used (install 179 MiB, remove 0 B).
[1/1] tar-2:1.35-4.fc41.x86_64          100% |   0.0   B/s |   0.0   B |  00m00s
>>> Already downloaded
--------------------------------------------------------------------------------
[1/1] Total                             100% |   0.0   B/s |   0.0   B |  00m00s
[1/2] bzip2-0:1.0.8-19.fc41.x86_64      100% |   0.0   B/s |   0.0   B |  00m00s
>>> Already downloaded
--------------------------------------------------------------------------------
[2/2] Total                             100% |   0.0   B/s |   0.0   B |  00m00s
[1/3] redhat-rpm-config-0:296-1.fc42.no 100% |   0.0   B/s |   0.0   B |  00m00s
>>> Already downloaded
--------------------------------------------------------------------------------
[3/3] Total                             100% |   0.0   B/s |   0.0   B |  00m00s
[1/4] rpm-build-0:4.20.0-1.fc42.x86_64  100% |   0.0   B/s |   0.0   B |  00m00s
>>> Already downloaded
--------------------------------------------------------------------------------
[4/4] Total                             100% |   0.0   B/s |   0.0   B |  00m00s
[1/5] unzip-0:6.0-65.fc42.x86_64        100% |   0.0   B/s |   0.0   B |  00m00s
>>> Already downloaded
--------------------------------------------------------------------------------
[5/5] Total                             100% |   0.0   B/s |   0.0   B |  00m00s
[1/6] cpio-0:2.15-2.fc41.x86_64         100% |   0.0   B/s |   0.0   B |  00m00s
>>> Already downloaded
--------------------------------------------------------------------------------
[6/6] Total                             100% |   0.0   B/s |   0.0   B |  00m00s
[1/7] which-0:2.21-42.fc41.x86_64       100% |   0.0   B/s |   0.0   B |  00m00s
>>> Already downloaded
--------------------------------------------------------------------------------
[7/7] Total                             100% |   0.0   B/s |   0.0   B |  00m00s
[1/8] bash-0:5.2.37-1.fc42.x86_64       100% |   0.0   B/s |   0.0   B |  00m00s
>>> Already downloaded
--------------------------------------------------------------------------------
[8/8] Total                             100% |   0.0   B/s |   0.0   B |  00m00s
[1/9] coreutils-0:9.5-11.fc42.x86_64    100% |   0.0   B/s |   0.0   B |  00m00s
>>> Already downloaded
--------------------------------------------------------------------------------
[9/9] Total                             100% |   0.0   B/s |   0.0   B |  00m00s
[ 1/10] grep-0:3.11-9.fc41.x86_64       100% |   0.0   B/s |   0.0   B |  00m00s
>>> Already downloaded
--------------------------------------------------------------------------------
[10/10] Total                           100% |   0.0   B/s |   0.0   B |  00m00s
[ 1/11] patch-0:2.7.6-25.fc41.x86_64    100% |   0.0   B/s |   0.0   B |  00m00s
>>> Already downloaded
--------------------------------------------------------------------------------
[11/11] Total                           100% |   0.0   B/s |   0.0   B |  00m00s
[ 1/12] sed-0:4.9-3.fc41.x86_64         100% |   0.0   B/s |   0.0   B |  00m00s
>>> Already downloaded
--------------------------------------------------------------------------------
[12/12] Total                           100% |   0.0   B/s |   0.0   B |  00m00s
[ 1/13] shadow-utils-2:4.16.0-7.fc42.x8 100% |   0.0   B/s |   0.0   B |  00m00s
>>> Already downloaded
--------------------------------------------------------------------------------
[13/13] Total                           100% |   0.0   B/s |   0.0   B |  00m00s
[ 1/14] diffutils-0:3.10-8.fc41.x86_64  100% |   0.0   B/s |   0.0   B |  00m00s
>>> Already downloaded
--------------------------------------------------------------------------------
[14/14] Total                           100% |   0.0   B/s |   0.0   B |  00m00s
[ 1/15] fedora-release-common-0:42-0.11 100% |   0.0   B/s |   0.0   B |  00m00s
>>> Already downloaded
--------------------------------------------------------------------------------
[15/15] Total                           100% |   0.0   B/s |   0.0   B |  00m00s
[ 1/16] findutils-1:4.10.0-4.fc41.x86_6 100% |   0.0   B/s |   0.0   B |  00m00s
>>> Already downloaded
--------------------------------------------------------------------------------
[16/16] Total                           100% |   0.0   B/s |   0.0   B |  00m00s
[ 1/17] glibc-minimal-langpack-0:2.40.9 100% |   0.0   B/s |   0.0   B |  00m00s
>>> Already downloaded
--------------------------------------------------------------------------------
[17/17] Total                           100% |   0.0   B/s |   0.0   B |  00m00s
[ 1/18] gzip-0:1.13-2.fc41.x86_64       100% |   0.0   B/s |   0.0   B |  00m00s
>>> Already downloaded
--------------------------------------------------------------------------------
[18/18] Total                           100% |   0.0   B/s |   0.0   B |  00m00s
[ 1/19] info-0:7.1.1-2.fc42.x86_64      100% |   0.0   B/s |   0.0   B |  00m00s
>>> Already downloaded
--------------------------------------------------------------------------------
[19/19] Total                           100% |   0.0   B/s |   0.0   B |  00m00s
[ 1/20] xz-1:5.6.3-2.fc42.x86_64        100% |   0.0   B/s |   0.0   B |  00m00s
>>> Already downloaded
--------------------------------------------------------------------------------
[20/20] Total                           100% |   0.0   B/s |   0.0   B |  00m00s
[ 1/21] util-linux-0:2.40.2-8.fc42.x86_ 100% |   0.0   B/s |   0.0   B |  00m00s
>>> Already downloaded
--------------------------------------------------------------------------------
[21/21] Total                           100% |   0.0   B/s |   0.0   B |  00m00s
[ 1/22] gawk-0:5.3.0-4.fc41.x86_64      100% |   0.0   B/s |   0.0   B |  00m00s
>>> Already downloaded
--------------------------------------------------------------------------------
[22/22] Total                           100% |   0.0   B/s |   0.0   B |  00m00s
[ 1/23] glibc-0:2.40.9000-21.fc42.x86_6 100% |   0.0   B/s |   0.0   B |  00m00s
>>> Already downloaded
--------------------------------------------------------------------------------
[23/23] Total                           100% |   0.0   B/s |   0.0   B |  00m00s
[ 1/24] libacl-0:2.3.2-2.fc41.x86_64    100% |   0.0   B/s |   0.0   B |  00m00s
>>> Already downloaded
--------------------------------------------------------------------------------
[24/24] Total                           100% |   0.0   B/s |   0.0   B |  00m00s
[ 1/25] libselinux-0:3.7-7.fc42.x86_64  100% |   0.0   B/s |   0.0   B |  00m00s
>>> Already downloaded
--------------------------------------------------------------------------------
[25/25] Total                           100% |   0.0   B/s |   0.0   B |  00m00s
[ 1/26] bzip2-libs-0:1.0.8-19.fc41.x86_ 100% |   0.0   B/s |   0.0   B |  00m00s
>>> Already downloaded
--------------------------------------------------------------------------------
[26/26] Total                           100% |   0.0   B/s |   0.0   B |  00m00s
[ 1/27] ansible-srpm-macros-0:1-16.fc41 100% |   0.0   B/s |   0.0   B |  00m00s
>>> Already downloaded
--------------------------------------------------------------------------------
[27/27] Total                           100% |   0.0   B/s |   0.0   B |  00m00s
[ 1/28] build-reproducibility-srpm-macr 100% |   0.0   B/s |   0.0   B |  00m00s
>>> Already downloaded
--------------------------------------------------------------------------------
[28/28] Total                           100% |   0.0   B/s |   0.0   B |  00m00s
[ 1/29] dwz-0:0.15-8.fc42.x86_64        100% |   0.0   B/s |   0.0   B |  00m00s
>>> Already downloaded
--------------------------------------------------------------------------------
[29/29] Total                           100% |   0.0   B/s |   0.0   B |  00m00s
[ 1/30] efi-srpm-macros-0:5-13.fc42.noa 100% |   0.0   B/s |   0.0   B |  00m00s
>>> Already downloaded
--------------------------------------------------------------------------------
[30/30] Total                           100% |   0.0   B/s |   0.0   B |  00m00s
[ 1/31] file-0:5.45-8.fc42.x86_64       100% |   0.0   B/s |   0.0   B |  00m00s
>>> Already downloaded
--------------------------------------------------------------------------------
[31/31] Total                           100% |   0.0   B/s |   0.0   B |  00m00s
[ 1/32] fonts-srpm-macros-1:2.0.5-17.fc 100% |   0.0   B/s |   0.0   B |  00m00s
>>> Already downloaded
--------------------------------------------------------------------------------
[32/32] Total                           100% |   0.0   B/s |   0.0   B |  00m00s
[ 1/33] forge-srpm-macros-0:0.4.0-1.fc4 100% |   0.0   B/s |   0.0   B |  00m00s
>>> Already downloaded
--------------------------------------------------------------------------------
[33/33] Total                           100% |   0.0   B/s |   0.0   B |  00m00s
[ 1/34] fpc-srpm-macros-0:1.3-13.fc41.n 100% |   0.0   B/s |   0.0   B |  00m00s
>>> Already downloaded
--------------------------------------------------------------------------------
[34/34] Total                           100% |   0.0   B/s |   0.0   B |  00m00s
[ 1/35] ghc-srpm-macros-0:1.9.2-1.fc42. 100% |   0.0   B/s |   0.0   B |  00m00s
>>> Already downloaded
--------------------------------------------------------------------------------
[35/35] Total                           100% |   0.0   B/s |   0.0   B |  00m00s
[ 1/36] gnat-srpm-macros-0:6-6.fc41.noa 100% |   0.0   B/s |   0.0   B |  00m00s
>>> Already downloaded
--------------------------------------------------------------------------------
[36/36] Total                           100% |   0.0   B/s |   0.0   B |  00m00s
[ 1/37] go-srpm-macros-0:3.6.0-5.fc42.n 100% |   0.0   B/s |   0.0   B |  00m00s
>>> Already downloaded
--------------------------------------------------------------------------------
[37/37] Total                           100% |   0.0   B/s |   0.0   B |  00m00s
[ 1/38] kernel-srpm-macros-0:1.0-24.fc4 100% |   0.0   B/s |   0.0   B |  00m00s
>>> Already downloaded
--------------------------------------------------------------------------------
[38/38] Total                           100% |   0.0   B/s |   0.0   B |  00m00s
[ 1/39] lua-srpm-macros-0:1-14.fc41.noa 100% |   0.0   B/s |   0.0   B |  00m00s
>>> Already downloaded
--------------------------------------------------------------------------------
[39/39] Total                           100% |   0.0   B/s |   0.0   B |  00m00s
[ 1/40] ocaml-srpm-macros-0:10-3.fc41.n 100% |   0.0   B/s |   0.0   B |  00m00s
>>> Already downloaded
--------------------------------------------------------------------------------
[40/40] Total                           100% |   0.0   B/s |   0.0   B |  00m00s
[ 1/41] openblas-srpm-macros-0:2-18.fc4 100% |   0.0   B/s |   0.0   B |  00m00s
>>> Already downloaded
--------------------------------------------------------------------------------
[41/41] Total                           100% |   0.0   B/s |   0.0   B |  00m00s
[ 1/42] package-notes-srpm-macros-0:0.5 100% |   0.0   B/s |   0.0   B |  00m00s
>>> Already downloaded
--------------------------------------------------------------------------------
[42/42] Total                           100% |   0.0   B/s |   0.0   B |  00m00s
[ 1/43] perl-srpm-macros-0:1-56.fc41.no 100% |   0.0   B/s |   0.0   B |  00m00s
>>> Already downloaded
--------------------------------------------------------------------------------
[43/43] Total                           100% |   0.0   B/s |   0.0   B |  00m00s
[ 1/44] pyproject-srpm-macros-0:1.16.3- 100% |   0.0   B/s |   0.0   B |  00m00s
>>> Already downloaded
--------------------------------------------------------------------------------
[44/44] Total                           100% |   0.0   B/s |   0.0   B |  00m00s
[ 1/45] python-srpm-macros-0:3.13-3.fc4 100% |   0.0   B/s |   0.0   B |  00m00s
>>> Already downloaded
--------------------------------------------------------------------------------
[45/45] Total                           100% |   0.0   B/s |   0.0   B |  00m00s
[ 1/46] qt5-srpm-macros-0:5.15.15-1.fc4 100% |   0.0   B/s |   0.0   B |  00m00s
>>> Already downloaded
--------------------------------------------------------------------------------
[46/46] Total                           100% |   0.0   B/s |   0.0   B |  00m00s
[ 1/47] qt6-srpm-macros-0:6.8.0-1.fc42. 100% |   0.0   B/s |   0.0   B |  00m00s
>>> Already downloaded
--------------------------------------------------------------------------------
[47/47] Total                           100% |   0.0   B/s |   0.0   B |  00m00s
[ 1/48] rpm-0:4.20.0-1.fc42.x86_64      100% |   0.0   B/s |   0.0   B |  00m00s
>>> Already downloaded
--------------------------------------------------------------------------------
[48/48] Total                           100% |   0.0   B/s |   0.0   B |  00m00s
[ 1/49] rust-srpm-macros-0:26.3-3.fc42. 100% |   0.0   B/s |   0.0   B |  00m00s
>>> Already downloaded
--------------------------------------------------------------------------------
[49/49] Total                           100% |   0.0   B/s |   0.0   B |  00m00s
[ 1/50] zig-srpm-macros-0:1-3.fc41.noar 100% |   0.0   B/s |   0.0   B |  00m00s
>>> Already downloaded
--------------------------------------------------------------------------------
[50/50] Total                           100% |   0.0   B/s |   0.0   B |  00m00s
[ 1/51] zip-0:3.0-41.fc41.x86_64        100% |   0.0   B/s |   0.0   B |  00m00s
>>> Already downloaded
--------------------------------------------------------------------------------
[51/51] Total                           100% |   0.0   B/s |   0.0   B |  00m00s
[ 1/52] debugedit-0:5.1-2.fc42.x86_64   100% |   0.0   B/s |   0.0   B |  00m00s
>>> Already downloaded
--------------------------------------------------------------------------------
[52/52] Total                           100% |   0.0   B/s |   0.0   B |  00m00s
[ 1/53] elfutils-0:0.192-7.fc42.x86_64  100% |   0.0   B/s |   0.0   B |  00m00s
>>> Already downloaded
--------------------------------------------------------------------------------
[53/53] Total                           100% |   0.0   B/s |   0.0   B |  00m00s
[ 1/54] elfutils-libelf-0:0.192-7.fc42. 100% |   0.0   B/s |   0.0   B |  00m00s
>>> Already downloaded
--------------------------------------------------------------------------------
[54/54] Total                           100% |   0.0   B/s |   0.0   B |  00m00s
[ 1/55] libarchive-0:3.7.7-1.fc42.x86_6 100% |   0.0   B/s |   0.0   B |  00m00s
>>> Already downloaded
--------------------------------------------------------------------------------
[55/55] Total                           100% |   0.0   B/s |   0.0   B |  00m00s
[ 1/56] popt-0:1.19-7.fc41.x86_64       100% |   0.0   B/s |   0.0   B |  00m00s
>>> Already downloaded
--------------------------------------------------------------------------------
[56/56] Total                           100% |   0.0   B/s |   0.0   B |  00m00s
[ 1/57] readline-0:8.2-11.fc42.x86_64   100% |   0.0   B/s |   0.0   B |  00m00s
>>> Already downloaded
--------------------------------------------------------------------------------
[57/57] Total                           100% |   0.0   B/s |   0.0   B |  00m00s
[ 1/58] rpm-build-libs-0:4.20.0-1.fc42. 100% |   0.0   B/s |   0.0   B |  00m00s
>>> Already downloaded
--------------------------------------------------------------------------------
[58/58] Total                           100% |   0.0   B/s |   0.0   B |  00m00s
[ 1/59] rpm-libs-0:4.20.0-1.fc42.x86_64 100% |   0.0   B/s |   0.0   B |  00m00s
>>> Already downloaded
--------------------------------------------------------------------------------
[59/59] Total                           100% |   0.0   B/s |   0.0   B |  00m00s
[ 1/60] zstd-0:1.5.6-2.fc41.x86_64      100% |   0.0   B/s |   0.0   B |  00m00s
>>> Already downloaded
--------------------------------------------------------------------------------
[60/60] Total                           100% |   0.0   B/s |   0.0   B |  00m00s
[ 1/61] filesystem-0:3.18-29.fc42.x86_6 100% |   0.0   B/s |   0.0   B |  00m00s
>>> Already downloaded
--------------------------------------------------------------------------------
[61/61] Total                           100% |   0.0   B/s |   0.0   B |  00m00s
[ 1/62] ncurses-libs-0:6.5-2.20240629.f 100% |   0.0   B/s |   0.0   B |  00m00s
>>> Already downloaded
--------------------------------------------------------------------------------
[62/62] Total                           100% |   0.0   B/s |   0.0   B |  00m00s
[ 1/63] coreutils-common-0:9.5-11.fc42. 100% |   0.0   B/s |   0.0   B |  00m00s
>>> Already downloaded
--------------------------------------------------------------------------------
[63/63] Total                           100% |   0.0   B/s |   0.0   B |  00m00s
[ 1/64] gmp-1:6.3.0-2.fc41.x86_64       100% |   0.0   B/s |   0.0   B |  00m00s
>>> Already downloaded
--------------------------------------------------------------------------------
[64/64] Total                           100% |   0.0   B/s |   0.0   B |  00m00s
[ 1/65] libattr-0:2.5.2-4.fc41.x86_64   100% |   0.0   B/s |   0.0   B |  00m00s
>>> Already downloaded
--------------------------------------------------------------------------------
[65/65] Total                           100% |   0.0   B/s |   0.0   B |  00m00s
[ 1/66] libcap-0:2.71-1.fc42.x86_64     100% |   0.0   B/s |   0.0   B |  00m00s
>>> Already downloaded
--------------------------------------------------------------------------------
[66/66] Total                           100% |   0.0   B/s |   0.0   B |  00m00s
[ 1/67] openssl-libs-1:3.2.2-8.fc42.x86 100% |   0.0   B/s |   0.0   B |  00m00s
>>> Already downloaded
--------------------------------------------------------------------------------
[67/67] Total                           100% |   0.0   B/s |   0.0   B |  00m00s
[ 1/68] systemd-libs-0:257~rc3-1.fc42.x 100% |   0.0   B/s |   0.0   B |  00m00s
>>> Already downloaded
--------------------------------------------------------------------------------
[68/68] Total                           100% |   0.0   B/s |   0.0   B |  00m00s
[ 1/69] pcre2-0:10.44-1.fc41.1.x86_64   100% |   0.0   B/s |   0.0   B |  00m00s
>>> Already downloaded
--------------------------------------------------------------------------------
[69/69] Total                           100% |   0.0   B/s |   0.0   B |  00m00s
[ 1/70] ed-0:1.20.2-2.fc41.x86_64       100% |   0.0   B/s |   0.0   B |  00m00s
>>> Already downloaded
--------------------------------------------------------------------------------
[70/70] Total                           100% |   0.0   B/s |   0.0   B |  00m00s
[ 1/71] audit-libs-0:4.0.2-1.fc41.x86_6 100% |   0.0   B/s |   0.0   B |  00m00s
>>> Already downloaded
--------------------------------------------------------------------------------
[71/71] Total                           100% |   0.0   B/s |   0.0   B |  00m00s
[ 1/72] libeconf-0:0.7.4-3.fc42.x86_64  100% |   0.0   B/s |   0.0   B |  00m00s
>>> Already downloaded
--------------------------------------------------------------------------------
[72/72] Total                           100% |   0.0   B/s |   0.0   B |  00m00s
[ 1/73] libsemanage-0:3.7-4.fc42.x86_64 100% |   0.0   B/s |   0.0   B |  00m00s
>>> Already downloaded
--------------------------------------------------------------------------------
[73/73] Total                           100% |   0.0   B/s |   0.0   B |  00m00s
[ 1/74] libxcrypt-0:4.4.36-11.fc42.x86_ 100% |   0.0   B/s |   0.0   B |  00m00s
>>> Already downloaded
--------------------------------------------------------------------------------
[74/74] Total                           100% |   0.0   B/s |   0.0   B |  00m00s
[ 1/75] pam-libs-0:1.7.0-3.fc42.x86_64  100% |   0.0   B/s |   0.0   B |  00m00s
>>> Already downloaded
--------------------------------------------------------------------------------
[75/75] Total                           100% |   0.0   B/s |   0.0   B |  00m00s
[ 1/76] setup-0:2.15.0-5.fc41.noarch    100% |   0.0   B/s |   0.0   B |  00m00s
>>> Already downloaded
--------------------------------------------------------------------------------
[76/76] Total                           100% |   0.0   B/s |   0.0   B |  00m00s
[ 1/77] fedora-repos-0:42-0.3.noarch    100% |   0.0   B/s |   0.0   B |  00m00s
>>> Already downloaded
--------------------------------------------------------------------------------
[77/77] Total                           100% |   0.0   B/s |   0.0   B |  00m00s
[ 1/78] glibc-common-0:2.40.9000-21.fc4 100% |   0.0   B/s |   0.0   B |  00m00s
>>> Already downloaded
--------------------------------------------------------------------------------
[78/78] Total                           100% |   0.0   B/s |   0.0   B |  00m00s
[ 1/79] xz-libs-1:5.6.3-2.fc42.x86_64   100% |   0.0   B/s |   0.0   B |  00m00s
>>> Already downloaded
--------------------------------------------------------------------------------
[79/79] Total                           100% |   0.0   B/s |   0.0   B |  00m00s
[ 1/80] libblkid-0:2.40.2-8.fc42.x86_64 100% |   0.0   B/s |   0.0   B |  00m00s
>>> Already downloaded
--------------------------------------------------------------------------------
[80/80] Total                           100% |   0.0   B/s |   0.0   B |  00m00s
[ 1/81] libcap-ng-0:0.8.5-3.fc41.x86_64 100% |   0.0   B/s |   0.0   B |  00m00s
>>> Already downloaded
--------------------------------------------------------------------------------
[81/81] Total                           100% |   0.0   B/s |   0.0   B |  00m00s
[ 1/82] libfdisk-0:2.40.2-8.fc42.x86_64 100% |   0.0   B/s |   0.0   B |  00m00s
>>> Already downloaded
--------------------------------------------------------------------------------
[82/82] Total                           100% |   0.0   B/s |   0.0   B |  00m00s
[ 1/83] libmount-0:2.40.2-8.fc42.x86_64 100% |   0.0   B/s |   0.0   B |  00m00s
>>> Already downloaded
--------------------------------------------------------------------------------
[83/83] Total                           100% |   0.0   B/s |   0.0   B |  00m00s
[ 1/84] libsmartcols-0:2.40.2-8.fc42.x8 100% |   0.0   B/s |   0.0   B |  00m00s
>>> Already downloaded
--------------------------------------------------------------------------------
[84/84] Total                           100% |   0.0   B/s |   0.0   B |  00m00s
[ 1/85] libuuid-0:2.40.2-8.fc42.x86_64  100% |   0.0   B/s |   0.0   B |  00m00s
>>> Already downloaded
--------------------------------------------------------------------------------
[85/85] Total                           100% |   0.0   B/s |   0.0   B |  00m00s
[ 1/86] util-linux-core-0:2.40.2-8.fc42 100% |   0.0   B/s |   0.0   B |  00m00s
>>> Already downloaded
--------------------------------------------------------------------------------
[86/86] Total                           100% |   0.0   B/s |   0.0   B |  00m00s
[ 1/87] zlib-ng-compat-0:2.2.2-1.fc42.x 100% |   0.0   B/s |   0.0   B |  00m00s
>>> Already downloaded
--------------------------------------------------------------------------------
[87/87] Total                           100% |   0.0   B/s |   0.0   B |  00m00s
[ 1/88] mpfr-0:4.2.1-5.fc41.x86_64      100% |   0.0   B/s |   0.0   B |  00m00s
>>> Already downloaded
--------------------------------------------------------------------------------
[88/88] Total                           100% |   0.0   B/s |   0.0   B |  00m00s
[ 1/89] glibc-gconv-extra-0:2.40.9000-2 100% |   0.0   B/s |   0.0   B |  00m00s
>>> Already downloaded
--------------------------------------------------------------------------------
[89/89] Total                           100% |   0.0   B/s |   0.0   B |  00m00s
[ 1/90] basesystem-0:11-21.fc41.noarch  100% |   0.0   B/s |   0.0   B |  00m00s
>>> Already downloaded
--------------------------------------------------------------------------------
[90/90] Total                           100% |   0.0   B/s |   0.0   B |  00m00s
[ 1/91] libgcc-0:14.2.1-6.fc42.x86_64   100% |   0.0   B/s |   0.0   B |  00m00s
>>> Already downloaded
--------------------------------------------------------------------------------
[91/91] Total                           100% |   0.0   B/s |   0.0   B |  00m00s
[ 1/92] libsepol-0:3.7-4.fc42.x86_64    100% |   0.0   B/s |   0.0   B |  00m00s
>>> Already downloaded
--------------------------------------------------------------------------------
[92/92] Total                           100% |   0.0   B/s |   0.0   B |  00m00s
[ 1/93] add-determinism-0:0.4.3-1.fc42. 100% |   0.0   B/s |   0.0   B |  00m00s
>>> Already downloaded
--------------------------------------------------------------------------------
[93/93] Total                           100% |   0.0   B/s |   0.0   B |  00m00s
[ 1/94] file-libs-0:5.45-8.fc42.x86_64  100% |   0.0   B/s |   0.0   B |  00m00s
>>> Already downloaded
--------------------------------------------------------------------------------
[94/94] Total                           100% |   0.0   B/s |   0.0   B |  00m00s
[ 1/95] curl-0:8.10.1-2.fc42.x86_64     100% |   0.0   B/s |   0.0   B |  00m00s
>>> Already downloaded
--------------------------------------------------------------------------------
[95/95] Total                           100% |   0.0   B/s |   0.0   B |  00m00s
[ 1/96] elfutils-libs-0:0.192-7.fc42.x8 100% |   0.0   B/s |   0.0   B |  00m00s
>>> Already downloaded
--------------------------------------------------------------------------------
[96/96] Total                           100% |   0.0   B/s |   0.0   B |  00m00s
[ 1/97] elfutils-debuginfod-client-0:0. 100% |   0.0   B/s |   0.0   B |  00m00s
>>> Already downloaded
--------------------------------------------------------------------------------
[97/97] Total                           100% |   0.0   B/s |   0.0   B |  00m00s
[ 1/98] libstdc++-0:14.2.1-6.fc42.x86_6 100% |   0.0   B/s |   0.0   B |  00m00s
>>> Already downloaded
--------------------------------------------------------------------------------
[98/98] Total                           100% |   0.0   B/s |   0.0   B |  00m00s
[ 1/99] libzstd-0:1.5.6-2.fc41.x86_64   100% |   0.0   B/s |   0.0   B |  00m00s
>>> Already downloaded
--------------------------------------------------------------------------------
[99/99] Total                           100% |   0.0   B/s |   0.0   B |  00m00s
[  1/100] libxml2-0:2.12.8-2.fc41.x86_6 100% |   0.0   B/s |   0.0   B |  00m00s
>>> Already downloaded
--------------------------------------------------------------------------------
[100/100] Total                         100% |   0.0   B/s |   0.0   B |  00m00s
[  1/101] lz4-libs-0:1.10.0-1.fc41.x86_ 100% |   0.0   B/s |   0.0   B |  00m00s
>>> Already downloaded
--------------------------------------------------------------------------------
[101/101] Total                         100% |   0.0   B/s |   0.0   B |  00m00s
[  1/102] libgomp-0:14.2.1-6.fc42.x86_6 100% |   0.0   B/s |   0.0   B |  00m00s
>>> Already downloaded
--------------------------------------------------------------------------------
[102/102] Total                         100% |   0.0   B/s |   0.0   B |  00m00s
[  1/103] lua-libs-0:5.4.7-1.fc42.x86_6 100% |   0.0   B/s |   0.0   B |  00m00s
>>> Already downloaded
--------------------------------------------------------------------------------
[103/103] Total                         100% |   0.0   B/s |   0.0   B |  00m00s
[  1/104] rpm-sequoia-0:1.7.0-2.fc41.x8 100% |   0.0   B/s |   0.0   B |  00m00s
>>> Already downloaded
--------------------------------------------------------------------------------
[104/104] Total                         100% |   0.0   B/s |   0.0   B |  00m00s
[  1/105] sqlite-libs-0:3.47.1-1.fc42.x 100% |   0.0   B/s |   0.0   B |  00m00s
>>> Already downloaded
--------------------------------------------------------------------------------
[105/105] Total                         100% |   0.0   B/s |   0.0   B |  00m00s
[  1/106] ncurses-base-0:6.5-2.20240629 100% |   0.0   B/s |   0.0   B |  00m00s
>>> Already downloaded
--------------------------------------------------------------------------------
[106/106] Total                         100% |   0.0   B/s |   0.0   B |  00m00s
[  1/107] ca-certificates-0:2024.2.69_v 100% |   0.0   B/s |   0.0   B |  00m00s
>>> Already downloaded
--------------------------------------------------------------------------------
[107/107] Total                         100% |   0.0   B/s |   0.0   B |  00m00s
[  1/108] crypto-policies-0:20241128-1. 100% |   0.0   B/s |   0.0   B |  00m00s
>>> Already downloaded
--------------------------------------------------------------------------------
[108/108] Total                         100% |   0.0   B/s |   0.0   B |  00m00s
[  1/109] pcre2-syntax-0:10.44-1.fc41.1 100% |   0.0   B/s |   0.0   B |  00m00s
>>> Already downloaded
--------------------------------------------------------------------------------
[109/109] Total                         100% |   0.0   B/s |   0.0   B |  00m00s
[  1/110] fedora-gpg-keys-0:42-0.3.noar 100% |   0.0   B/s |   0.0   B |  00m00s
>>> Already downloaded
--------------------------------------------------------------------------------
[110/110] Total                         100% |   0.0   B/s |   0.0   B |  00m00s
[  1/111] fedora-repos-rawhide-0:42-0.3 100% |   0.0   B/s |   0.0   B |  00m00s
>>> Already downloaded
--------------------------------------------------------------------------------
[111/111] Total                         100% |   0.0   B/s |   0.0   B |  00m00s
[  1/112] elfutils-default-yama-scope-0 100% |   0.0   B/s |   0.0   B |  00m00s
>>> Already downloaded
--------------------------------------------------------------------------------
[112/112] Total                         100% |   0.0   B/s |   0.0   B |  00m00s
[  1/113] json-c-0:0.18-1.fc42.x86_64   100% |   0.0   B/s |   0.0   B |  00m00s
>>> Already downloaded
--------------------------------------------------------------------------------
[113/113] Total                         100% |   0.0   B/s |   0.0   B |  00m00s
[  1/114] authselect-libs-0:1.5.0-8.fc4 100% |   0.0   B/s |   0.0   B |  00m00s
>>> Already downloaded
--------------------------------------------------------------------------------
[114/114] Total                         100% |   0.0   B/s |   0.0   B |  00m00s
[  1/115] pam-0:1.7.0-3.fc42.x86_64     100% |   0.0   B/s |   0.0   B |  00m00s
>>> Already downloaded
--------------------------------------------------------------------------------
[115/115] Total                         100% |   0.0   B/s |   0.0   B |  00m00s
[  1/116] authselect-0:1.5.0-8.fc42.x86 100% |   0.0   B/s |   0.0   B |  00m00s
>>> Already downloaded
--------------------------------------------------------------------------------
[116/116] Total                         100% |   0.0   B/s |   0.0   B |  00m00s
[  1/117] gdbm-libs-1:1.23-7.fc41.x86_6 100% |   0.0   B/s |   0.0   B |  00m00s
>>> Already downloaded
--------------------------------------------------------------------------------
[117/117] Total                         100% |   0.0   B/s |   0.0   B |  00m00s
[  1/118] libnsl2-0:2.0.1-2.fc41.x86_64 100% |   0.0   B/s |   0.0   B |  00m00s
>>> Already downloaded
--------------------------------------------------------------------------------
[118/118] Total                         100% |   0.0   B/s |   0.0   B |  00m00s
[  1/119] libpwquality-0:1.4.5-11.fc41. 100% |   0.0   B/s |   0.0   B |  00m00s
>>> Already downloaded
--------------------------------------------------------------------------------
[119/119] Total                         100% |   0.0   B/s |   0.0   B |  00m00s
[  1/120] libtirpc-0:1.3.6-1.fc42.x86_6 100% |   0.0   B/s |   0.0   B |  00m00s
>>> Already downloaded
--------------------------------------------------------------------------------
[120/120] Total                         100% |   0.0   B/s |   0.0   B |  00m00s
[  1/121] cracklib-0:2.9.11-6.fc41.x86_ 100% |   0.0   B/s |   0.0   B |  00m00s
>>> Already downloaded
--------------------------------------------------------------------------------
[121/121] Total                         100% |   0.0   B/s |   0.0   B |  00m00s
[  1/122] krb5-libs-0:1.21.3-3.fc42.x86 100% |   0.0   B/s |   0.0   B |  00m00s
>>> Already downloaded
--------------------------------------------------------------------------------
[122/122] Total                         100% |   0.0   B/s |   0.0   B |  00m00s
[  1/123] libcom_err-0:1.47.1-6.fc42.x8 100% |   0.0   B/s |   0.0   B |  00m00s
>>> Already downloaded
--------------------------------------------------------------------------------
[123/123] Total                         100% |   0.0   B/s |   0.0   B |  00m00s
[  1/124] keyutils-libs-0:1.6.3-4.fc41. 100% |   0.0   B/s |   0.0   B |  00m00s
>>> Already downloaded
--------------------------------------------------------------------------------
[124/124] Total                         100% |   0.0   B/s |   0.0   B |  00m00s
[  1/125] libverto-0:0.3.2-9.fc41.x86_6 100% |   0.0   B/s |   0.0   B |  00m00s
>>> Already downloaded
--------------------------------------------------------------------------------
[125/125] Total                         100% |   0.0   B/s |   0.0   B |  00m00s
[  1/126] binutils-0:2.43.50-9.fc42.x86 100% |   0.0   B/s |   0.0   B |  00m00s
>>> Already downloaded
--------------------------------------------------------------------------------
[126/126] Total                         100% |   0.0   B/s |   0.0   B |  00m00s
[  1/127] alternatives-0:1.30-1.fc41.x8 100% |   0.0   B/s |   0.0   B |  00m00s
>>> Already downloaded
--------------------------------------------------------------------------------
[127/127] Total                         100% |   0.0   B/s |   0.0   B |  00m00s
[  1/128] jansson-0:2.14-1.fc42.x86_64  100% |   0.0   B/s |   0.0   B |  00m00s
>>> Already downloaded
--------------------------------------------------------------------------------
[128/128] Total                         100% |   0.0   B/s |   0.0   B |  00m00s
[  1/129] pkgconf-pkg-config-0:2.3.0-1. 100% |   0.0   B/s |   0.0   B |  00m00s
>>> Already downloaded
--------------------------------------------------------------------------------
[129/129] Total                         100% |   0.0   B/s |   0.0   B |  00m00s
[  1/130] pkgconf-0:2.3.0-1.fc42.x86_64 100% |   0.0   B/s |   0.0   B |  00m00s
>>> Already downloaded
--------------------------------------------------------------------------------
[130/130] Total                         100% |   0.0   B/s |   0.0   B |  00m00s
[  1/131] pkgconf-m4-0:2.3.0-1.fc42.noa 100% |   0.0   B/s |   0.0   B |  00m00s
>>> Already downloaded
--------------------------------------------------------------------------------
[131/131] Total                         100% |   0.0   B/s |   0.0   B |  00m00s
[  1/132] libpkgconf-0:2.3.0-1.fc42.x86 100% |   0.0   B/s |   0.0   B |  00m00s
>>> Already downloaded
--------------------------------------------------------------------------------
[132/132] Total                         100% |   0.0   B/s |   0.0   B |  00m00s
[  1/133] gdbm-1:1.23-7.fc41.x86_64     100% |   0.0   B/s |   0.0   B |  00m00s
>>> Already downloaded
--------------------------------------------------------------------------------
[133/133] Total                         100% |   0.0   B/s |   0.0   B |  00m00s
[  1/134] libffi-0:3.4.6-3.fc42.x86_64  100% |   0.0   B/s |   0.0   B |  00m00s
>>> Already downloaded
--------------------------------------------------------------------------------
[134/134] Total                         100% |   0.0   B/s |   0.0   B |  00m00s
[  1/135] p11-kit-0:0.25.5-4.fc42.x86_6 100% |   0.0   B/s |   0.0   B |  00m00s
>>> Already downloaded
--------------------------------------------------------------------------------
[135/135] Total                         100% |   0.0   B/s |   0.0   B |  00m00s
[  1/136] libtasn1-0:4.19.0-9.fc41.x86_ 100% |   0.0   B/s |   0.0   B |  00m00s
>>> Already downloaded
--------------------------------------------------------------------------------
[136/136] Total                         100% |   0.0   B/s |   0.0   B |  00m00s
[  1/137] p11-kit-trust-0:0.25.5-4.fc42 100% |   0.0   B/s |   0.0   B |  00m00s
>>> Already downloaded
--------------------------------------------------------------------------------
[137/137] Total                         100% |   0.0   B/s |   0.0   B |  00m00s
[  1/138] fedora-release-0:42-0.11.noar 100% |   0.0   B/s |   0.0   B |  00m00s
>>> Already downloaded
--------------------------------------------------------------------------------
[138/138] Total                         100% |   0.0   B/s |   0.0   B |  00m00s
[  1/139] gdb-minimal-0:15.2-3.fc42.x86 100% |   0.0   B/s |   0.0   B |  00m00s
>>> Already downloaded
--------------------------------------------------------------------------------
[139/139] Total                         100% |   0.0   B/s |   0.0   B |  00m00s
[  1/140] xxhash-libs-0:0.8.2-4.fc42.x8 100% |   0.0   B/s |   0.0   B |  00m00s
>>> Already downloaded
--------------------------------------------------------------------------------
[140/140] Total                         100% |   0.0   B/s |   0.0   B |  00m00s
[  1/141] fedora-release-identity-basic 100% |   0.0   B/s |   0.0   B |  00m00s
>>> Already downloaded
--------------------------------------------------------------------------------
[141/141] Total                         100% |   0.0   B/s |   0.0   B |  00m00s
[  1/142] libcurl-0:8.10.1-2.fc42.x86_6 100% |   0.0   B/s |   0.0   B |  00m00s
>>> Already downloaded
--------------------------------------------------------------------------------
[142/142] Total                         100% |   0.0   B/s |   0.0   B |  00m00s
[  1/143] libbrotli-0:1.1.0-5.fc41.x86_ 100% |   0.0   B/s |   0.0   B |  00m00s
>>> Already downloaded
--------------------------------------------------------------------------------
[143/143] Total                         100% |   0.0   B/s |   0.0   B |  00m00s
[  1/144] libidn2-0:2.3.7-2.fc41.x86_64 100% |   0.0   B/s |   0.0   B |  00m00s
>>> Already downloaded
--------------------------------------------------------------------------------
[144/144] Total                         100% |   0.0   B/s |   0.0   B |  00m00s
[  1/145] libnghttp2-0:1.64.0-1.fc42.x8 100% |   0.0   B/s |   0.0   B |  00m00s
>>> Already downloaded
--------------------------------------------------------------------------------
[145/145] Total                         100% |   0.0   B/s |   0.0   B |  00m00s
[  1/146] libpsl-0:0.21.5-4.fc41.x86_64 100% |   0.0   B/s |   0.0   B |  00m00s
>>> Already downloaded
--------------------------------------------------------------------------------
[146/146] Total                         100% |   0.0   B/s |   0.0   B |  00m00s
[  1/147] libssh-0:0.11.1-1.fc42.x86_64 100% |   0.0   B/s |   0.0   B |  00m00s
>>> Already downloaded
--------------------------------------------------------------------------------
[147/147] Total                         100% |   0.0   B/s |   0.0   B |  00m00s
[  1/148] openldap-0:2.6.8-5.fc41.x86_6 100% |   0.0   B/s |   0.0   B |  00m00s
>>> Already downloaded
--------------------------------------------------------------------------------
[148/148] Total                         100% |   0.0   B/s |   0.0   B |  00m00s
[  1/149] libunistring-0:1.1-8.fc41.x86 100% |   0.0   B/s |   0.0   B |  00m00s
>>> Already downloaded
--------------------------------------------------------------------------------
[149/149] Total                         100% |   0.0   B/s |   0.0   B |  00m00s
[  1/150] publicsuffix-list-dafsa-0:202 100% |   0.0   B/s |   0.0   B |  00m00s
>>> Already downloaded
--------------------------------------------------------------------------------
[150/150] Total                         100% |   0.0   B/s |   0.0   B |  00m00s
[  1/151] libssh-config-0:0.11.1-1.fc42 100% |   0.0   B/s |   0.0   B |  00m00s
>>> Already downloaded
--------------------------------------------------------------------------------
[151/151] Total                         100% |   0.0   B/s |   0.0   B |  00m00s
[  1/152] cyrus-sasl-lib-0:2.1.28-27.fc 100% |   0.0   B/s |   0.0   B |  00m00s
>>> Already downloaded
--------------------------------------------------------------------------------
[152/152] Total                         100% |   0.0   B/s |   0.0   B |  00m00s
[  1/153] libevent-0:2.1.12-14.fc41.x86 100% |   0.0   B/s |   0.0   B |  00m00s
>>> Already downloaded
--------------------------------------------------------------------------------
[153/153] Total                         100% |   0.0   B/s |   0.0   B |  00m00s
[  1/154] libtool-ltdl-0:2.4.7-12.fc41. 100% |   0.0   B/s |   0.0   B |  00m00s
>>> Already downloaded
--------------------------------------------------------------------------------
[154/154] Total                         100% |   0.0   B/s |   0.0   B |  00m00s
Running transaction
Importing PGP key 0x105EF944:
 UserID     : "Fedora (42) <copr-team@redhat.com>"
 Fingerprint: FFFF FFFF FFFF FFFF FFFF FFFF FFFF FFFF FFFF FFFF
 From       : file:///usr/share/distribution-gpg-keys/fedora/RPM-GPG-KEY-fedora-42-primary
The key was successfully imported.
Importing PGP key 0x105EF944:
 UserID     : "Fedora (42) <copr-team@redhat.com>"
 Fingerprint: FFFF FFFF FFFF FFFF FFFF FFFF FFFF FFFF FFFF FFFF
 From       : file:///usr/share/distribution-gpg-keys/fedora/RPM-GPG-KEY-fedora-42-primary
The key was successfully imported.
Importing PGP key 0xE99D6AD1:
 UserID     : "Fedora (41) <copr-team@redhat.com>"
 Fingerprint: FFFF FFFF FFFF FFFF FFFF FFFF FFFF FFFF FFFF FFFF
 From       : file:///usr/share/distribution-gpg-keys/fedora/RPM-GPG-KEY-fedora-41-primary
The key was successfully imported.
Importing PGP key 0x31645531:
 UserID     : "Fedora (43) <copr-team@redhat.com>"
 Fingerprint: FFFF FFFF FFFF FFFF FFFF FFFF FFFF FFFF FFFF FFFF
 From       : file:///usr/share/distribution-gpg-keys/fedora/RPM-GPG-KEY-fedora-43-primary
The key was successfully imported.
[  1/156] Verify package files          100% | 743.0   B/s | 154.0   B |  00m00s
[  2/156] Prepare transaction           100% |   1.7 KiB/s | 154.0   B |  00m00s
[  3/156] Installing libgcc-0:14.2.1-6. 100% | 132.9 MiB/s | 272.3 KiB |  00m00s
[  4/156] Installing libssh-config-0:0. 100% |   0.0   B/s | 816.0   B |  00m00s
[  5/156] Installing publicsuffix-list- 100% |  66.7 MiB/s |  68.3 KiB |  00m00s
[  6/156] Installing fedora-release-ide 100% | 953.1 KiB/s | 976.0   B |  00m00s
[  7/156] Installing fedora-gpg-keys-0: 100% |  18.7 MiB/s | 172.2 KiB |  00m00s
[  8/156] Installing fedora-repos-rawhi 100% |   0.0   B/s |   2.4 KiB |  00m00s
[  9/156] Installing fedora-repos-0:42- 100% |   5.6 MiB/s |   5.7 KiB |  00m00s
[ 10/156] Installing fedora-release-com 100% |  11.8 MiB/s |  24.1 KiB |  00m00s
[ 11/156] Installing fedora-release-0:4 100% |   0.0   B/s | 124.0   B |  00m00s
[ 12/156] Installing setup-0:2.15.0-5.f 100% |  44.3 MiB/s | 726.1 KiB |  00m00s
>>> [RPM] /etc/hosts created as /etc/hosts.rpmnew
[ 13/156] Installing filesystem-0:3.18- 100% |   1.5 MiB/s | 212.6 KiB |  00m00s
[ 14/156] Installing basesystem-0:11-21 100% |   0.0   B/s | 124.0   B |  00m00s
[ 15/156] Installing pkgconf-m4-0:2.3.0 100% |  14.5 MiB/s |  14.8 KiB |  00m00s
[ 16/156] Installing pcre2-syntax-0:10. 100% | 124.1 MiB/s | 254.1 KiB |  00m00s
[ 17/156] Installing ncurses-base-0:6.5 100% |  34.3 MiB/s | 351.7 KiB |  00m00s
[ 18/156] Installing glibc-minimal-lang 100% |   0.0   B/s | 124.0   B |  00m00s
[ 19/156] Installing ncurses-libs-0:6.5 100% | 119.9 MiB/s | 981.8 KiB |  00m00s
[ 20/156] Installing glibc-0:2.40.9000- 100% | 190.2 MiB/s |   6.7 MiB |  00m00s
[ 21/156] Installing bash-0:5.2.37-1.fc 100% | 263.5 MiB/s |   8.2 MiB |  00m00s
[ 22/156] Installing glibc-common-0:2.4 100% | 115.8 MiB/s |   1.0 MiB |  00m00s
[ 23/156] Installing glibc-gconv-extra- 100% | 146.8 MiB/s |   8.1 MiB |  00m00s
[ 24/156] Installing zlib-ng-compat-0:2 100% |  65.9 MiB/s | 134.9 KiB |  00m00s
[ 25/156] Installing bzip2-libs-0:1.0.8 100% |  79.9 MiB/s |  81.8 KiB |  00m00s
[ 26/156] Installing xz-libs-1:5.6.3-2. 100% | 107.2 MiB/s | 219.5 KiB |  00m00s
[ 27/156] Installing popt-0:1.19-7.fc41 100% |  28.0 MiB/s | 143.5 KiB |  00m00s
[ 28/156] Installing readline-0:8.2-11. 100% | 161.2 MiB/s | 495.3 KiB |  00m00s
[ 29/156] Installing libuuid-0:2.40.2-8 100% |  41.5 MiB/s |  42.5 KiB |  00m00s
[ 30/156] Installing libblkid-0:2.40.2- 100% | 128.7 MiB/s | 263.6 KiB |  00m00s
[ 31/156] Installing gmp-1:6.3.0-2.fc41 100% | 198.6 MiB/s | 813.7 KiB |  00m00s
[ 32/156] Installing libattr-0:2.5.2-4. 100% |  28.8 MiB/s |  29.5 KiB |  00m00s
[ 33/156] Installing libacl-0:2.3.2-2.f 100% |  39.8 MiB/s |  40.7 KiB |  00m00s
[ 34/156] Installing libxcrypt-0:4.4.36 100% | 133.8 MiB/s | 274.1 KiB |  00m00s
[ 35/156] Installing libstdc++-0:14.2.1 100% | 250.9 MiB/s |   2.8 MiB |  00m00s
[ 36/156] Installing libzstd-0:1.5.6-2. 100% | 259.5 MiB/s | 797.2 KiB |  00m00s
[ 37/156] Installing elfutils-libelf-0: 100% | 233.4 MiB/s |   1.2 MiB |  00m00s
[ 38/156] Installing libeconf-0:0.7.4-3 100% |  65.8 MiB/s |  67.4 KiB |  00m00s
[ 39/156] Installing gdbm-libs-1:1.23-7 100% | 120.7 MiB/s | 123.6 KiB |  00m00s
[ 40/156] Installing dwz-0:0.15-8.fc42. 100% | 146.8 MiB/s | 300.6 KiB |  00m00s
[ 41/156] Installing mpfr-0:4.2.1-5.fc4 100% | 203.5 MiB/s | 833.7 KiB |  00m00s
[ 42/156] Installing gawk-0:5.3.0-4.fc4 100% | 173.2 MiB/s |   1.7 MiB |  00m00s
[ 43/156] Installing unzip-0:6.0-65.fc4 100% | 130.8 MiB/s | 401.7 KiB |  00m00s
[ 44/156] Installing file-libs-0:5.45-8 100% | 473.3 MiB/s |   9.9 MiB |  00m00s
[ 45/156] Installing file-0:5.45-8.fc42 100% |   5.4 MiB/s | 105.2 KiB |  00m00s
[ 46/156] Installing crypto-policies-0: 100% |  13.3 MiB/s | 163.7 KiB |  00m00s
[ 47/156] Installing pcre2-0:10.44-1.fc 100% | 213.2 MiB/s | 654.9 KiB |  00m00s
[ 48/156] Installing grep-0:3.11-9.fc41 100% | 100.3 MiB/s |   1.0 MiB |  00m00s
[ 49/156] Installing xz-1:5.6.3-2.fc42. 100% | 123.7 MiB/s |   1.2 MiB |  00m00s
[ 50/156] Installing libcap-ng-0:0.8.5- 100% |  69.4 MiB/s |  71.0 KiB |  00m00s
[ 51/156] Installing audit-libs-0:4.0.2 100% | 108.5 MiB/s | 333.4 KiB |  00m00s
[ 52/156] Installing pam-libs-0:1.7.0-3 100% |  69.2 MiB/s | 141.8 KiB |  00m00s
[ 53/156] Installing libcap-0:2.71-1.fc 100% |  52.7 MiB/s | 215.8 KiB |  00m00s
[ 54/156] Installing systemd-libs-0:257 100% | 226.4 MiB/s |   2.3 MiB |  00m00s
[ 55/156] Installing libsmartcols-0:2.4 100% | 177.1 MiB/s | 181.4 KiB |  00m00s
[ 56/156] Installing libsepol-0:3.7-4.f 100% | 200.8 MiB/s | 822.4 KiB |  00m00s
[ 57/156] Installing libselinux-0:3.7-7 100% |  87.9 MiB/s | 180.1 KiB |  00m00s
[ 58/156] Installing sed-0:4.9-3.fc41.x 100% | 106.2 MiB/s | 869.7 KiB |  00m00s
[ 59/156] Installing findutils-1:4.10.0 100% | 168.9 MiB/s |   1.9 MiB |  00m00s
[ 60/156] Installing libmount-0:2.40.2- 100% | 174.3 MiB/s | 356.9 KiB |  00m00s
[ 61/156] Installing lz4-libs-0:1.10.0- 100% | 143.1 MiB/s | 146.6 KiB |  00m00s
[ 62/156] Installing lua-libs-0:5.4.7-1 100% | 139.7 MiB/s | 286.2 KiB |  00m00s
[ 63/156] Installing libcom_err-0:1.47. 100% |  66.7 MiB/s |  68.3 KiB |  00m00s
[ 64/156] Installing alternatives-0:1.3 100% |  66.3 MiB/s |  67.9 KiB |  00m00s
[ 65/156] Installing libffi-0:3.4.6-3.f 100% |  42.9 MiB/s |  87.8 KiB |  00m00s
[ 66/156] Installing libtasn1-0:4.19.0- 100% |  86.7 MiB/s | 177.5 KiB |  00m00s
[ 67/156] Installing p11-kit-0:0.25.5-4 100% | 138.5 MiB/s |   2.2 MiB |  00m00s
[ 68/156] Installing libunistring-0:1.1 100% | 247.2 MiB/s |   1.7 MiB |  00m00s
[ 69/156] Installing libidn2-0:2.3.7-2. 100% |  65.4 MiB/s | 335.1 KiB |  00m00s
[ 70/156] Installing libpsl-0:0.21.5-4. 100% |  79.7 MiB/s |  81.7 KiB |  00m00s
[ 71/156] Installing p11-kit-trust-0:0. 100% |  20.8 MiB/s | 405.5 KiB |  00m00s
[ 72/156] Installing zstd-0:1.5.6-2.fc4 100% | 211.4 MiB/s |   1.7 MiB |  00m00s
[ 73/156] Installing util-linux-core-0: 100% | 127.3 MiB/s |   1.5 MiB |  00m00s
[ 74/156] Installing tar-2:1.35-4.fc41. 100% | 227.6 MiB/s |   3.0 MiB |  00m00s
[ 75/156] Installing libsemanage-0:3.7- 100% |  98.0 MiB/s | 301.1 KiB |  00m00s
[ 76/156] Installing shadow-utils-2:4.1 100% | 120.4 MiB/s |   4.1 MiB |  00m00s
[ 77/156] Installing zip-0:3.0-41.fc41. 100% | 172.6 MiB/s | 707.1 KiB |  00m00s
[ 78/156] Installing gdbm-1:1.23-7.fc41 100% | 113.7 MiB/s | 465.8 KiB |  00m00s
[ 79/156] Installing cyrus-sasl-lib-0:2 100% | 256.2 MiB/s |   2.3 MiB |  00m00s
[ 80/156] Installing libfdisk-0:2.40.2- 100% | 177.7 MiB/s | 364.0 KiB |  00m00s
[ 81/156] Installing libxml2-0:2.12.8-2 100% | 214.0 MiB/s |   1.7 MiB |  00m00s
[ 82/156] Installing bzip2-0:1.0.8-19.f 100% |  48.9 MiB/s | 100.2 KiB |  00m00s
[ 83/156] Installing add-determinism-0: 100% | 270.1 MiB/s |   2.4 MiB |  00m00s
[ 84/156] Installing build-reproducibil 100% |   0.0   B/s |   1.0 KiB |  00m00s
[ 85/156] Installing sqlite-libs-0:3.47 100% | 239.0 MiB/s |   1.4 MiB |  00m00s
[ 86/156] Installing ed-0:1.20.2-2.fc41 100% |  72.8 MiB/s | 149.2 KiB |  00m00s
[ 87/156] Installing patch-0:2.7.6-25.f 100% | 131.0 MiB/s | 268.2 KiB |  00m00s
[ 88/156] Installing elfutils-default-y 100% | 127.7 KiB/s |   2.0 KiB |  00m00s
[ 89/156] Installing elfutils-libs-0:0. 100% | 162.3 MiB/s | 664.7 KiB |  00m00s
[ 90/156] Installing cpio-0:2.15-2.fc41 100% | 137.5 MiB/s |   1.1 MiB |  00m00s
[ 91/156] Installing diffutils-0:3.10-8 100% | 159.0 MiB/s |   1.6 MiB |  00m00s
[ 92/156] Installing libgomp-0:14.2.1-6 100% | 254.5 MiB/s | 521.2 KiB |  00m00s
[ 93/156] Installing json-c-0:0.18-1.fc 100% |  82.6 MiB/s |  84.6 KiB |  00m00s
[ 94/156] Installing keyutils-libs-0:1. 100% |  54.5 MiB/s |  55.8 KiB |  00m00s
[ 95/156] Installing libverto-0:0.3.2-9 100% |  30.5 MiB/s |  31.3 KiB |  00m00s
[ 96/156] Installing jansson-0:2.14-1.f 100% |  92.3 MiB/s |  94.5 KiB |  00m00s
[ 97/156] Installing libpkgconf-0:2.3.0 100% |  77.5 MiB/s |  79.3 KiB |  00m00s
[ 98/156] Installing pkgconf-0:2.3.0-1. 100% |  44.5 MiB/s |  91.1 KiB |  00m00s
[ 99/156] Installing pkgconf-pkg-config 100% |   1.7 MiB/s |   1.8 KiB |  00m00s
[100/156] Installing xxhash-libs-0:0.8. 100% |  87.7 MiB/s |  89.8 KiB |  00m00s
[101/156] Installing libbrotli-0:1.1.0- 100% | 205.0 MiB/s | 839.9 KiB |  00m00s
[102/156] Installing libnghttp2-0:1.64. 100% |  85.7 MiB/s | 175.6 KiB |  00m00s
[103/156] Installing libtool-ltdl-0:2.4 100% |  32.9 MiB/s |  67.3 KiB |  00m00s
[104/156] Installing coreutils-common-0 100% | 243.3 MiB/s |  11.2 MiB |  00m00s
[105/156] Installing openssl-libs-1:3.2 100% | 313.1 MiB/s |   7.8 MiB |  00m00s
[106/156] Installing coreutils-0:9.5-11 100% | 120.0 MiB/s |   5.4 MiB |  00m00s
[107/156] Installing ca-certificates-0: 100% |   1.2 MiB/s |   2.4 MiB |  00m02s
[108/156] Installing krb5-libs-0:1.21.3 100% | 164.6 MiB/s |   2.3 MiB |  00m00s
[109/156] Installing libarchive-0:3.7.7 100% | 182.5 MiB/s | 934.2 KiB |  00m00s
[110/156] Installing libtirpc-0:1.3.6-1 100% | 101.2 MiB/s | 207.3 KiB |  00m00s
[111/156] Installing gzip-0:1.13-2.fc41 100% |  96.3 MiB/s | 394.6 KiB |  00m00s
[112/156] Installing authselect-libs-0: 100% |  81.8 MiB/s | 837.2 KiB |  00m00s
[113/156] Installing cracklib-0:2.9.11- 100% |  34.9 MiB/s | 250.3 KiB |  00m00s
[114/156] Installing libpwquality-0:1.4 100% |  52.5 MiB/s | 430.1 KiB |  00m00s
[115/156] Installing libnsl2-0:2.0.1-2. 100% |  28.8 MiB/s |  59.1 KiB |  00m00s
[116/156] Installing pam-0:1.7.0-3.fc42 100% |  75.7 MiB/s |   1.9 MiB |  00m00s
[117/156] Installing libssh-0:0.11.1-1. 100% | 186.1 MiB/s | 571.7 KiB |  00m00s
[118/156] Installing rpm-sequoia-0:1.7. 100% | 263.0 MiB/s |   2.4 MiB |  00m00s
[119/156] Installing rpm-libs-0:4.20.0- 100% | 177.7 MiB/s | 727.7 KiB |  00m00s
[120/156] Installing rpm-build-libs-0:4 100% | 101.3 MiB/s | 207.5 KiB |  00m00s
[121/156] Installing libevent-0:2.1.12- 100% | 175.7 MiB/s | 899.5 KiB |  00m00s
[122/156] Installing openldap-0:2.6.8-5 100% | 158.2 MiB/s | 648.0 KiB |  00m00s
[123/156] Installing libcurl-0:8.10.1-2 100% | 205.0 MiB/s | 839.5 KiB |  00m00s
[124/156] Installing elfutils-debuginfo 100% |  40.9 MiB/s |  83.8 KiB |  00m00s
[125/156] Installing elfutils-0:0.192-7 100% | 220.4 MiB/s |   2.6 MiB |  00m00s
[126/156] Installing binutils-0:2.43.50 100% | 253.0 MiB/s |  25.8 MiB |  00m00s
[127/156] Installing gdb-minimal-0:15.2 100% | 295.3 MiB/s |  13.0 MiB |  00m00s
[128/156] Installing debugedit-0:5.1-2. 100% |  99.1 MiB/s | 203.0 KiB |  00m00s
[129/156] Installing curl-0:8.10.1-2.fc 100% |  18.5 MiB/s | 455.8 KiB |  00m00s
[130/156] Installing rpm-0:4.20.0-1.fc4 100% |  86.4 MiB/s |   2.5 MiB |  00m00s
[131/156] Installing efi-srpm-macros-0: 100% |  40.2 MiB/s |  41.2 KiB |  00m00s
[132/156] Installing lua-srpm-macros-0: 100% |   0.0   B/s |   1.9 KiB |  00m00s
[133/156] Installing zig-srpm-macros-0: 100% |   0.0   B/s |   1.7 KiB |  00m00s
[134/156] Installing rust-srpm-macros-0 100% |   0.0   B/s |   5.6 KiB |  00m00s
[135/156] Installing qt6-srpm-macros-0: 100% |   0.0   B/s | 732.0   B |  00m00s
[136/156] Installing qt5-srpm-macros-0: 100% |   0.0   B/s | 776.0   B |  00m00s
[137/156] Installing perl-srpm-macros-0 100% |   0.0   B/s |   1.1 KiB |  00m00s
[138/156] Installing package-notes-srpm 100% |   0.0   B/s |   2.0 KiB |  00m00s
[139/156] Installing openblas-srpm-macr 100% |   0.0   B/s | 392.0   B |  00m00s
[140/156] Installing ocaml-srpm-macros- 100% |   0.0   B/s |   2.2 KiB |  00m00s
[141/156] Installing kernel-srpm-macros 100% |   0.0   B/s |   2.3 KiB |  00m00s
[142/156] Installing gnat-srpm-macros-0 100% |   0.0   B/s |   1.3 KiB |  00m00s
[143/156] Installing ghc-srpm-macros-0: 100% |   0.0   B/s |   1.0 KiB |  00m00s
[144/156] Installing fpc-srpm-macros-0: 100% |   0.0   B/s | 420.0   B |  00m00s
[145/156] Installing ansible-srpm-macro 100% |  35.4 MiB/s |  36.2 KiB |  00m00s
[146/156] Installing fonts-srpm-macros- 100% |  55.7 MiB/s |  57.0 KiB |  00m00s
[147/156] Installing forge-srpm-macros- 100% |  39.3 MiB/s |  40.3 KiB |  00m00s
[148/156] Installing go-srpm-macros-0:3 100% |  60.5 MiB/s |  62.0 KiB |  00m00s
[149/156] Installing python-srpm-macros 100% |  50.9 MiB/s |  52.2 KiB |  00m00s
[150/156] Installing redhat-rpm-config- 100% |  47.2 MiB/s | 193.2 KiB |  00m00s
[151/156] Installing rpm-build-0:4.20.0 100% |  49.5 MiB/s | 202.9 KiB |  00m00s
[152/156] Installing pyproject-srpm-mac 100% |   1.2 MiB/s |   2.5 KiB |  00m00s
[153/156] Installing util-linux-0:2.40. 100% |  79.0 MiB/s |   3.7 MiB |  00m00s
[154/156] Installing authselect-0:1.5.0 100% |  39.5 MiB/s | 161.9 KiB |  00m00s
[155/156] Installing which-0:2.21-42.fc 100% |  40.2 MiB/s |  82.4 KiB |  00m00s
[156/156] Installing info-0:7.1.1-2.fc4 100% | 137.7 KiB/s | 362.2 KiB |  00m03s
Complete!
Finish: installing minimal buildroot with dnf5
Start: creating root cache
Finish: creating root cache
Finish: chroot init
INFO: Installed packages:
INFO: add-determinism-0.4.3-1.fc42.x86_64
alternatives-1.30-1.fc41.x86_64
ansible-srpm-macros-1-16.fc41.noarch
audit-libs-4.0.2-1.fc41.x86_64
authselect-1.5.0-8.fc42.x86_64
authselect-libs-1.5.0-8.fc42.x86_64
basesystem-11-21.fc41.noarch
bash-5.2.37-1.fc42.x86_64
binutils-2.43.50-9.fc42.x86_64
build-reproducibility-srpm-macros-0.4.3-1.fc42.noarch
bzip2-1.0.8-19.fc41.x86_64
bzip2-libs-1.0.8-19.fc41.x86_64
ca-certificates-2024.2.69_v8.0.401-3.fc42.noarch
coreutils-9.5-11.fc42.x86_64
coreutils-common-9.5-11.fc42.x86_64
cpio-2.15-2.fc41.x86_64
cracklib-2.9.11-6.fc41.x86_64
crypto-policies-20241128-1.gitbb7b0b0.fc42.noarch
curl-8.10.1-2.fc42.x86_64
cyrus-sasl-lib-2.1.28-27.fc41.x86_64
debugedit-5.1-2.fc42.x86_64
diffutils-3.10-8.fc41.x86_64
dwz-0.15-8.fc42.x86_64
ed-1.20.2-2.fc41.x86_64
efi-srpm-macros-5-13.fc42.noarch
elfutils-0.192-7.fc42.x86_64
elfutils-debuginfod-client-0.192-7.fc42.x86_64
elfutils-default-yama-scope-0.192-7.fc42.noarch
elfutils-libelf-0.192-7.fc42.x86_64
elfutils-libs-0.192-7.fc42.x86_64
fedora-gpg-keys-42-0.3.noarch
fedora-release-42-0.11.noarch
fedora-release-common-42-0.11.noarch
fedora-release-identity-basic-42-0.11.noarch
fedora-repos-42-0.3.noarch
fedora-repos-rawhide-42-0.3.noarch
file-5.45-8.fc42.x86_64
file-libs-5.45-8.fc42.x86_64
filesystem-3.18-29.fc42.x86_64
findutils-4.10.0-4.fc41.x86_64
fonts-srpm-macros-2.0.5-17.fc41.noarch
forge-srpm-macros-0.4.0-1.fc42.noarch
fpc-srpm-macros-1.3-13.fc41.noarch
gawk-5.3.0-4.fc41.x86_64
gdb-minimal-15.2-3.fc42.x86_64
gdbm-1.23-7.fc41.x86_64
gdbm-libs-1.23-7.fc41.x86_64
ghc-srpm-macros-1.9.2-1.fc42.noarch
glibc-2.40.9000-21.fc42.x86_64
glibc-common-2.40.9000-21.fc42.x86_64
glibc-gconv-extra-2.40.9000-21.fc42.x86_64
glibc-minimal-langpack-2.40.9000-21.fc42.x86_64
gmp-6.3.0-2.fc41.x86_64
gnat-srpm-macros-6-6.fc41.noarch
go-srpm-macros-3.6.0-5.fc42.noarch
gpg-pubkey-ffffffffffffffffffffffffffffffffffffffff
gpg-pubkey-ffffffffffffffffffffffffffffffffffffffff
gpg-pubkey-ffffffffffffffffffffffffffffffffffffffff
grep-3.11-9.fc41.x86_64
gzip-1.13-2.fc41.x86_64
info-7.1.1-2.fc42.x86_64
jansson-2.14-1.fc42.x86_64
json-c-0.18-1.fc42.x86_64
kernel-srpm-macros-1.0-24.fc41.noarch
keyutils-libs-1.6.3-4.fc41.x86_64
krb5-libs-1.21.3-3.fc42.x86_64
libacl-2.3.2-2.fc41.x86_64
libarchive-3.7.7-1.fc42.x86_64
libattr-2.5.2-4.fc41.x86_64
libblkid-2.40.2-8.fc42.x86_64
libbrotli-1.1.0-5.fc41.x86_64
libcap-2.71-1.fc42.x86_64
libcap-ng-0.8.5-3.fc41.x86_64
libcom_err-1.47.1-6.fc42.x86_64
libcurl-8.10.1-2.fc42.x86_64
libeconf-0.7.4-3.fc42.x86_64
libevent-2.1.12-14.fc41.x86_64
libfdisk-2.40.2-8.fc42.x86_64
libffi-3.4.6-3.fc42.x86_64
libgcc-14.2.1-6.fc42.x86_64
libgomp-14.2.1-6.fc42.x86_64
libidn2-2.3.7-2.fc41.x86_64
libmount-2.40.2-8.fc42.x86_64
libnghttp2-1.64.0-1.fc42.x86_64
libnsl2-2.0.1-2.fc41.x86_64
libpkgconf-2.3.0-1.fc42.x86_64
libpsl-0.21.5-4.fc41.x86_64
libpwquality-1.4.5-11.fc41.x86_64
libselinux-3.7-7.fc42.x86_64
libsemanage-3.7-4.fc42.x86_64
libsepol-3.7-4.fc42.x86_64
libsmartcols-2.40.2-8.fc42.x86_64
libssh-0.11.1-1.fc42.x86_64
libssh-config-0.11.1-1.fc42.noarch
libstdc++-14.2.1-6.fc42.x86_64
libtasn1-4.19.0-9.fc41.x86_64
libtirpc-1.3.6-1.fc42.x86_64
libtool-ltdl-2.4.7-12.fc41.x86_64
libunistring-1.1-8.fc41.x86_64
libuuid-2.40.2-8.fc42.x86_64
libverto-0.3.2-9.fc41.x86_64
libxcrypt-4.4.36-11.fc42.x86_64
libxml2-2.12.8-2.fc41.x86_64
libzstd-1.5.6-2.fc41.x86_64
lua-libs-5.4.7-1.fc42.x86_64
lua-srpm-macros-1-14.fc41.noarch
lz4-libs-1.10.0-1.fc41.x86_64
mpfr-4.2.1-5.fc41.x86_64
ncurses-base-6.5-2.20240629.fc41.noarch
ncurses-libs-6.5-2.20240629.fc41.x86_64
ocaml-srpm-macros-10-3.fc41.noarch
openblas-srpm-macros-2-18.fc41.noarch
openldap-2.6.8-5.fc41.x86_64
openssl-libs-3.2.2-8.fc42.x86_64
p11-kit-0.25.5-4.fc42.x86_64
p11-kit-trust-0.25.5-4.fc42.x86_64
package-notes-srpm-macros-0.5-12.fc41.noarch
pam-1.7.0-3.fc42.x86_64
pam-libs-1.7.0-3.fc42.x86_64
patch-2.7.6-25.fc41.x86_64
pcre2-10.44-1.fc41.1.x86_64
pcre2-syntax-10.44-1.fc41.1.noarch
perl-srpm-macros-1-56.fc41.noarch
pkgconf-2.3.0-1.fc42.x86_64
pkgconf-m4-2.3.0-1.fc42.noarch
pkgconf-pkg-config-2.3.0-1.fc42.x86_64
popt-1.19-7.fc41.x86_64
publicsuffix-list-dafsa-20240107-4.fc41.noarch
pyproject-srpm-macros-1.16.3-1.fc42.noarch
python-srpm-macros-3.13-3.fc41.noarch
qt5-srpm-macros-5.15.15-1.fc42.noarch
qt6-srpm-macros-6.8.0-1.fc42.noarch
readline-8.2-11.fc42.x86_64
redhat-rpm-config-296-1.fc42.noarch
rpm-4.20.0-1.fc42.x86_64
rpm-build-4.20.0-1.fc42.x86_64
rpm-build-libs-4.20.0-1.fc42.x86_64
rpm-libs-4.20.0-1.fc42.x86_64
rpm-sequoia-1.7.0-2.fc41.x86_64
rust-srpm-macros-26.3-3.fc42.noarch
sed-4.9-3.fc41.x86_64
setup-2.15.0-5.fc41.noarch
shadow-utils-4.16.0-7.fc42.x86_64
sqlite-libs-3.47.1-1.fc42.x86_64
systemd-libs-257~rc3-1.fc42.x86_64
tar-1.35-4.fc41.x86_64
unzip-6.0-65.fc42.x86_64
util-linux-2.40.2-8.fc42.x86_64
util-linux-core-2.40.2-8.fc42.x86_64
which-2.21-42.fc41.x86_64
xxhash-libs-0.8.2-4.fc42.x86_64
xz-5.6.3-2.fc42.x86_64
xz-libs-5.6.3-2.fc42.x86_64
zig-srpm-macros-1-3.fc41.noarch
zip-3.0-41.fc41.x86_64
zlib-ng-compat-2.2.2-1.fc42.x86_64
zstd-1.5.6-2.fc41.x86_64
Start: buildsrpm
Start: rpmbuild -bs
Building target platforms: x86_64
Building for target x86_64
setting SOURCE_DATE_EPOCH=1733356800
Wrote: /builddir/build/SRPMS/python-castor-extractor-0.22.0-1.fc42.src.rpm
Finish: rpmbuild -bs
INFO: chroot_scan: 1 files copied to /var/lib/copr-rpmbuild/results/chroot_scan
INFO: /var/lib/mock/fedora-rawhide-x86_64-1733404389.416193/root/var/log/dnf5.log
INFO: chroot_scan: creating tarball /var/lib/copr-rpmbuild/results/chroot_scan.tar.gz
/bin/tar: Removing leading `/' from member names
Finish: buildsrpm
INFO: Done(/var/lib/copr-rpmbuild/workspace/workdir-ckh87q35/python-castor-extractor/python-castor-extractor.spec) Config(child) 0 minutes 26 seconds
INFO: Results and/or logs in: /var/lib/copr-rpmbuild/results
INFO: Cleaning up build root ('cleanup_on_success=True')
Start: clean chroot
INFO: unmounting tmpfs.
Finish: clean chroot
INFO: Start(/var/lib/copr-rpmbuild/results/python-castor-extractor-0.22.0-1.fc42.src.rpm)  Config(fedora-rawhide-x86_64)
Start(bootstrap): chroot init
INFO: mounting tmpfs at /var/lib/mock/fedora-rawhide-x86_64-bootstrap-1733404389.416193/root.
INFO: reusing tmpfs at /var/lib/mock/fedora-rawhide-x86_64-bootstrap-1733404389.416193/root.
INFO: calling preinit hooks
INFO: enabled root cache
INFO: enabled package manager cache
Start(bootstrap): cleaning package manager metadata
Finish(bootstrap): cleaning package manager metadata
Finish(bootstrap): chroot init
Start: chroot init
INFO: mounting tmpfs at /var/lib/mock/fedora-rawhide-x86_64-1733404389.416193/root.
INFO: calling preinit hooks
INFO: enabled root cache
Start: unpacking root cache
Finish: unpacking root cache
INFO: enabled package manager cache
Start: cleaning package manager metadata
Finish: cleaning package manager metadata
INFO: enabled HW Info plugin
INFO: Buildroot is handled by package management downloaded with a bootstrap image:
  rpm-4.20.0-1.fc42.x86_64
  rpm-sequoia-1.7.0-2.fc41.x86_64
  dnf5-5.2.7.0-1.fc42.x86_64
  dnf5-plugins-5.2.7.0-1.fc42.x86_64
Finish: chroot init
Start: build phase for python-castor-extractor-0.22.0-1.fc42.src.rpm
Start: build setup for python-castor-extractor-0.22.0-1.fc42.src.rpm
Building target platforms: x86_64
Building for target x86_64
setting SOURCE_DATE_EPOCH=1733356800
Wrote: /builddir/build/SRPMS/python-castor-extractor-0.22.0-1.fc42.src.rpm
Updating and loading repositories:
 fedora                                 100% | 990.3 KiB/s |  28.7 KiB |  00m00s
 Copr repository                        100% |  45.3 KiB/s |   1.5 KiB |  00m00s
 Copr repository                        100% |  76.3 MiB/s |  43.1 MiB |  00m01s
Repositories loaded.
Package                 Arch   Version        Repository      Size
Installing:
 python3-devel          x86_64 3.13.0-1.fc42  fedora       1.8 MiB
Installing dependencies:
 expat                  x86_64 2.6.4-1.fc42   fedora     285.5 KiB
 libb2                  x86_64 0.98.1-12.fc41 fedora      42.2 KiB
 mpdecimal              x86_64 2.5.1-16.fc41  fedora     204.9 KiB
 pyproject-rpm-macros   noarch 1.16.3-1.fc42  fedora     113.7 KiB
 python-pip-wheel       noarch 24.3.1-1.fc42  fedora       1.2 MiB
 python-rpm-macros      noarch 3.13-3.fc41    fedora      22.1 KiB
 python3                x86_64 3.13.0-1.fc42  fedora      31.8 KiB
 python3-libs           x86_64 3.13.0-1.fc42  fedora      40.4 MiB
 python3-packaging      noarch 24.2-2.fc42    fedora     555.7 KiB
 python3-rpm-generators noarch 14-11.fc41     fedora      81.7 KiB
 python3-rpm-macros     noarch 3.13-3.fc41    fedora       6.4 KiB
 tzdata                 noarch 2024a-9.fc41   fedora       1.7 MiB

Transaction Summary:
 Installing:        13 packages

Total size of inbound packages is 12 MiB. Need to download 0 B.
After this operation, 46 MiB extra will be used (install 46 MiB, remove 0 B).
[1/1] python3-devel-0:3.13.0-1.fc42.x86 100% |   0.0   B/s |   0.0   B |  00m00s
>>> Already downloaded
--------------------------------------------------------------------------------
[1/1] Total                             100% |   0.0   B/s |   0.0   B |  00m00s
[1/2] python3-libs-0:3.13.0-1.fc42.x86_ 100% |   0.0   B/s |   0.0   B |  00m00s
>>> Already downloaded
--------------------------------------------------------------------------------
[2/2] Total                             100% |   0.0   B/s |   0.0   B |  00m00s
[1/3] expat-0:2.6.4-1.fc42.x86_64       100% |   0.0   B/s |   0.0   B |  00m00s
>>> Already downloaded
--------------------------------------------------------------------------------
[3/3] Total                             100% |   0.0   B/s |   0.0   B |  00m00s
[1/4] libb2-0:0.98.1-12.fc41.x86_64     100% |   0.0   B/s |   0.0   B |  00m00s
>>> Already downloaded
--------------------------------------------------------------------------------
[4/4] Total                             100% |   0.0   B/s |   0.0   B |  00m00s
[1/5] mpdecimal-0:2.5.1-16.fc41.x86_64  100% |   0.0   B/s |   0.0   B |  00m00s
>>> Already downloaded
--------------------------------------------------------------------------------
[5/5] Total                             100% |   0.0   B/s |   0.0   B |  00m00s
[1/6] python-pip-wheel-0:24.3.1-1.fc42. 100% |   0.0   B/s |   0.0   B |  00m00s
>>> Already downloaded
--------------------------------------------------------------------------------
[6/6] Total                             100% |   0.0   B/s |   0.0   B |  00m00s
[1/7] tzdata-0:2024a-9.fc41.noarch      100% |   0.0   B/s |   0.0   B |  00m00s
>>> Already downloaded
--------------------------------------------------------------------------------
[7/7] Total                             100% |   0.0   B/s |   0.0   B |  00m00s
[1/8] python3-0:3.13.0-1.fc42.x86_64    100% |   0.0   B/s |   0.0   B |  00m00s
>>> Already downloaded
--------------------------------------------------------------------------------
[8/8] Total                             100% |   0.0   B/s |   0.0   B |  00m00s
[1/9] pyproject-rpm-macros-0:1.16.3-1.f 100% |   0.0   B/s |   0.0   B |  00m00s
>>> Already downloaded
--------------------------------------------------------------------------------
[9/9] Total                             100% |   0.0   B/s |   0.0   B |  00m00s
[ 1/10] python-rpm-macros-0:3.13-3.fc41 100% |   0.0   B/s |   0.0   B |  00m00s
>>> Already downloaded
--------------------------------------------------------------------------------
[10/10] Total                           100% |   0.0   B/s |   0.0   B |  00m00s
[ 1/11] python3-rpm-generators-0:14-11. 100% |   0.0   B/s |   0.0   B |  00m00s
>>> Already downloaded
--------------------------------------------------------------------------------
[11/11] Total                           100% |   0.0   B/s |   0.0   B |  00m00s
[ 1/12] python3-rpm-macros-0:3.13-3.fc4 100% |   0.0   B/s |   0.0   B |  00m00s
>>> Already downloaded
--------------------------------------------------------------------------------
[12/12] Total                           100% |   0.0   B/s |   0.0   B |  00m00s
[ 1/13] python3-packaging-0:24.2-2.fc42 100% |   0.0   B/s |   0.0   B |  00m00s
>>> Already downloaded
--------------------------------------------------------------------------------
[13/13] Total                           100% |   0.0   B/s |   0.0   B |  00m00s
Running transaction
[ 1/15] Verify package files            100% | 317.0   B/s |  13.0   B |  00m00s
[ 2/15] Prepare transaction             100% | 209.0   B/s |  13.0   B |  00m00s
[ 3/15] Installing python-rpm-macros-0: 100% |  11.1 MiB/s |  22.8 KiB |  00m00s
[ 4/15] Installing python3-rpm-macros-0 100% |   6.5 MiB/s |   6.7 KiB |  00m00s
[ 5/15] Installing pyproject-rpm-macros 100% |  14.1 MiB/s | 115.7 KiB |  00m00s
[ 6/15] Installing tzdata-0:2024a-9.fc4 100% |  19.6 MiB/s |   1.9 MiB |  00m00s
[ 7/15] Installing python-pip-wheel-0:2 100% | 311.0 MiB/s |   1.2 MiB |  00m00s
[ 8/15] Installing mpdecimal-0:2.5.1-16 100% | 100.6 MiB/s | 206.0 KiB |  00m00s
[ 9/15] Installing libb2-0:0.98.1-12.fc 100% |  42.3 MiB/s |  43.3 KiB |  00m00s
[10/15] Installing expat-0:2.6.4-1.fc42 100% |  35.1 MiB/s | 287.6 KiB |  00m00s
[11/15] Installing python3-libs-0:3.13. 100% | 152.5 MiB/s |  40.7 MiB |  00m00s
[12/15] Installing python3-0:3.13.0-1.f 100% |  32.8 MiB/s |  33.5 KiB |  00m00s
[13/15] Installing python3-packaging-0: 100% |  92.4 MiB/s | 568.0 KiB |  00m00s
[14/15] Installing python3-rpm-generato 100% |  40.5 MiB/s |  82.9 KiB |  00m00s
[15/15] Installing python3-devel-0:3.13 100% |  39.4 MiB/s |   1.8 MiB |  00m00s
Complete!
Finish: build setup for python-castor-extractor-0.22.0-1.fc42.src.rpm
Start: rpmbuild python-castor-extractor-0.22.0-1.fc42.src.rpm
Building target platforms: x86_64
Building for target x86_64
setting SOURCE_DATE_EPOCH=1733356800
Executing(%mkbuilddir): /bin/sh -e /var/tmp/rpm-tmp.jOOXSZ
+ umask 022
+ cd /builddir/build/BUILD/python-castor-extractor-0.22.0-build
+ test -d /builddir/build/BUILD/python-castor-extractor-0.22.0-build
+ /usr/bin/chmod -Rf a+rX,u+w,g-w,o-w /builddir/build/BUILD/python-castor-extractor-0.22.0-build
+ /usr/bin/rm -rf /builddir/build/BUILD/python-castor-extractor-0.22.0-build
+ /usr/bin/mkdir -p /builddir/build/BUILD/python-castor-extractor-0.22.0-build
+ /usr/bin/mkdir -p /builddir/build/BUILD/python-castor-extractor-0.22.0-build/SPECPARTS
+ RPM_EC=0
++ jobs -p
+ exit 0
Executing(%prep): /bin/sh -e /var/tmp/rpm-tmp.TwIwmF
+ umask 022
+ cd /builddir/build/BUILD/python-castor-extractor-0.22.0-build
+ cd /builddir/build/BUILD/python-castor-extractor-0.22.0-build
+ rm -rf castor_extractor-0.22.0
+ /usr/lib/rpm/rpmuncompress -x /builddir/build/SOURCES/castor_extractor-0.22.0.tar.gz
+ STATUS=0
+ '[' 0 -ne 0 ']'
+ cd castor_extractor-0.22.0
+ /usr/bin/chmod -Rf a+rX,u+w,g-w,o-w .
+ RPM_EC=0
++ jobs -p
+ exit 0
Executing(%generate_buildrequires): /bin/sh -e /var/tmp/rpm-tmp.1dTuHq
+ umask 022
+ cd /builddir/build/BUILD/python-castor-extractor-0.22.0-build
+ cd castor_extractor-0.22.0
+ echo pyproject-rpm-macros
+ echo python3-devel
+ echo 'python3dist(packaging)'
+ echo 'python3dist(pip) >= 19'
+ '[' -f pyproject.toml ']'
+ echo '(python3dist(tomli) if python3-devel < 3.11)'
+ rm -rfv '*.dist-info/'
+ '[' -f /usr/bin/python3 ']'
+ mkdir -p /builddir/build/BUILD/python-castor-extractor-0.22.0-build/castor_extractor-0.22.0/.pyproject-builddir
+ echo -n
+ CFLAGS='-O2 -flto=auto -ffat-lto-objects -fexceptions -g -grecord-gcc-switches -pipe -Wall -Werror=format-security -Wp,-U_FORTIFY_SOURCE,-D_FORTIFY_SOURCE=3 -Wp,-D_GLIBCXX_ASSERTIONS -specs=/usr/lib/rpm/redhat/redhat-hardened-cc1 -fstack-protector-strong -specs=/usr/lib/rpm/redhat/redhat-annobin-cc1  -m64 -march=x86-64 -mtune=generic -fasynchronous-unwind-tables -fstack-clash-protection -fcf-protection -mtls-dialect=gnu2 -fno-omit-frame-pointer -mno-omit-leaf-frame-pointer '
+ CXXFLAGS='-O2 -flto=auto -ffat-lto-objects -fexceptions -g -grecord-gcc-switches -pipe -Wall -Werror=format-security -Wp,-U_FORTIFY_SOURCE,-D_FORTIFY_SOURCE=3 -Wp,-D_GLIBCXX_ASSERTIONS -specs=/usr/lib/rpm/redhat/redhat-hardened-cc1 -fstack-protector-strong -specs=/usr/lib/rpm/redhat/redhat-annobin-cc1  -m64 -march=x86-64 -mtune=generic -fasynchronous-unwind-tables -fstack-clash-protection -fcf-protection -mtls-dialect=gnu2 -fno-omit-frame-pointer -mno-omit-leaf-frame-pointer '
+ FFLAGS='-O2 -flto=auto -ffat-lto-objects -fexceptions -g -grecord-gcc-switches -pipe -Wall -Wp,-U_FORTIFY_SOURCE,-D_FORTIFY_SOURCE=3 -Wp,-D_GLIBCXX_ASSERTIONS -specs=/usr/lib/rpm/redhat/redhat-hardened-cc1 -fstack-protector-strong -specs=/usr/lib/rpm/redhat/redhat-annobin-cc1  -m64 -march=x86-64 -mtune=generic -fasynchronous-unwind-tables -fstack-clash-protection -fcf-protection -mtls-dialect=gnu2 -fno-omit-frame-pointer -mno-omit-leaf-frame-pointer -I/usr/lib64/gfortran/modules '
+ FCFLAGS='-O2 -flto=auto -ffat-lto-objects -fexceptions -g -grecord-gcc-switches -pipe -Wall -Wp,-U_FORTIFY_SOURCE,-D_FORTIFY_SOURCE=3 -Wp,-D_GLIBCXX_ASSERTIONS -specs=/usr/lib/rpm/redhat/redhat-hardened-cc1 -fstack-protector-strong -specs=/usr/lib/rpm/redhat/redhat-annobin-cc1  -m64 -march=x86-64 -mtune=generic -fasynchronous-unwind-tables -fstack-clash-protection -fcf-protection -mtls-dialect=gnu2 -fno-omit-frame-pointer -mno-omit-leaf-frame-pointer -I/usr/lib64/gfortran/modules '
+ VALAFLAGS=-g
+ RUSTFLAGS='-Copt-level=3 -Cdebuginfo=2 -Ccodegen-units=1 -Cstrip=none -Cforce-frame-pointers=yes --cap-lints=warn'
+ LDFLAGS='-Wl,-z,relro -Wl,--as-needed  -Wl,-z,pack-relative-relocs -Wl,-z,now -specs=/usr/lib/rpm/redhat/redhat-hardened-ld -specs=/usr/lib/rpm/redhat/redhat-annobin-cc1  -Wl,--build-id=sha1  '
+ LT_SYS_LIBRARY_PATH=/usr/lib64:
+ CC=gcc
+ CXX=g++
+ TMPDIR=/builddir/build/BUILD/python-castor-extractor-0.22.0-build/castor_extractor-0.22.0/.pyproject-builddir
+ RPM_TOXENV=py313
+ HOSTNAME=rpmbuild
+ /usr/bin/python3 -Bs /usr/lib/rpm/redhat/pyproject_buildrequires.py --generate-extras --python3_pkgversion 3 --wheeldir /builddir/build/BUILD/python-castor-extractor-0.22.0-build/castor_extractor-0.22.0/pyproject-wheeldir --output /builddir/build/BUILD/python-castor-extractor-0.22.0-build/python-castor-extractor-0.22.0-1.fc42.x86_64-pyproject-buildrequires -x bigquery,databricks,looker,metabase,mysql,powerbi,qlik,redshift,snowflake,sqlserver,tableau
Handling setuptools>=61.2 from build-system.requires
Requirement not satisfied: setuptools>=61.2
Traceback (most recent call last):
  File "/usr/lib/rpm/redhat/pyproject_buildrequires.py", line 721, in main
    generate_requires(
    ~~~~~~~~~~~~~~~~~^
        include_runtime=args.runtime,
        ^^^^^^^^^^^^^^^^^^^^^^^^^^^^^
    ...<11 lines>...
        config_settings=parse_config_settings_args(args.config_settings),
        ^^^^^^^^^^^^^^^^^^^^^^^^^^^^^^^^^^^^^^^^^^^^^^^^^^^^^^^^^^^^^^^^^
    )
    ^
  File "/usr/lib/rpm/redhat/pyproject_buildrequires.py", line 602, in generate_requires
    backend = get_backend(requirements)
  File "/usr/lib/rpm/redhat/pyproject_buildrequires.py", line 263, in get_backend
    raise FileNotFoundError('File "setup.py" not found for legacy project.')
FileNotFoundError: File "setup.py" not found for legacy project.

RPM build errors:
error: Bad exit status from /var/tmp/rpm-tmp.1dTuHq (%generate_buildrequires)
    Bad exit status from /var/tmp/rpm-tmp.1dTuHq (%generate_buildrequires)
Finish: rpmbuild python-castor-extractor-0.22.0-1.fc42.src.rpm
Finish: build phase for python-castor-extractor-0.22.0-1.fc42.src.rpm
INFO: chroot_scan: 1 files copied to /var/lib/copr-rpmbuild/results/chroot_scan
INFO: /var/lib/mock/fedora-rawhide-x86_64-1733404389.416193/root/var/log/dnf5.log
INFO: chroot_scan: creating tarball /var/lib/copr-rpmbuild/results/chroot_scan.tar.gz
/bin/tar: Removing leading `/' from member names
ERROR: Exception(/var/lib/copr-rpmbuild/results/python-castor-extractor-0.22.0-1.fc42.src.rpm) Config(fedora-rawhide-x86_64) 0 minutes 15 seconds
INFO: Results and/or logs in: /var/lib/copr-rpmbuild/results
INFO: Cleaning up build root ('cleanup_on_failure=True')
Start: clean chroot
INFO: unmounting tmpfs.
Finish: clean chroot
ERROR: Command failed: 
 # ['bash', '--login', '-c', '/usr/bin/rpmbuild -br  --target x86_64 --nodeps /builddir/build/originals/python-castor-extractor.spec']

Copr build error: Build failed
