Mock Version: 6.0
Mock Version: 6.0
Mock Version: 6.0
ENTER ['do_with_status'](['bash', '--login', '-c', '/usr/bin/rpmbuild -bs --noclean --target x86_64 --nodeps /builddir/build/SPECS/ignition.spec'], chrootPath='/var/lib/mock/f40-build-58054473-6561875/root'env={'TERM': 'vt100', 'SHELL': '/bin/bash', 'HOME': '/builddir', 'HOSTNAME': 'mock', 'PATH': '/usr/bin:/bin:/usr/sbin:/sbin', 'PROMPT_COMMAND': 'printf "\\033]0;<mock-chroot>\\007"', 'PS1': '<mock-chroot> \\s-\\v\\$ ', 'LANG': 'C.UTF-8'}shell=Falselogger=<mockbuild.trace_decorator.getLog object at 0x7f7cc5d05590>timeout=201600uid=1000gid=425user='mockbuild'unshare_net=TrueprintOutput=Falsenspawn_args=['--capability=cap_ipc_lock', '--bind=/tmp/mock-resolv.rmyqzvho:/etc/resolv.conf', '--bind=/dev/btrfs-control', '--bind=/dev/mapper/control', '--bind=/dev/fuse', '--bind=/dev/loop-control', '--bind=/dev/loop0', '--bind=/dev/loop1', '--bind=/dev/loop2', '--bind=/dev/loop3', '--bind=/dev/loop4', '--bind=/dev/loop5', '--bind=/dev/loop6', '--bind=/dev/loop7', '--bind=/dev/loop8', '--bind=/dev/loop9', '--bind=/dev/loop10', '--bind=/dev/loop11'])
Using nspawn with args ['--capability=cap_ipc_lock', '--bind=/tmp/mock-resolv.rmyqzvho:/etc/resolv.conf', '--bind=/dev/btrfs-control', '--bind=/dev/mapper/control', '--bind=/dev/fuse', '--bind=/dev/loop-control', '--bind=/dev/loop0', '--bind=/dev/loop1', '--bind=/dev/loop2', '--bind=/dev/loop3', '--bind=/dev/loop4', '--bind=/dev/loop5', '--bind=/dev/loop6', '--bind=/dev/loop7', '--bind=/dev/loop8', '--bind=/dev/loop9', '--bind=/dev/loop10', '--bind=/dev/loop11']
Executing command: ['/usr/bin/systemd-nspawn', '-q', '-M', '448d104f269f4866ae0fb7c73b22d62b', '-D', '/var/lib/mock/f40-build-58054473-6561875/root', '-a', '-u', 'mockbuild', '--capability=cap_ipc_lock', '--bind=/tmp/mock-resolv.rmyqzvho:/etc/resolv.conf', '--bind=/dev/btrfs-control', '--bind=/dev/mapper/control', '--bind=/dev/fuse', '--bind=/dev/loop-control', '--bind=/dev/loop0', '--bind=/dev/loop1', '--bind=/dev/loop2', '--bind=/dev/loop3', '--bind=/dev/loop4', '--bind=/dev/loop5', '--bind=/dev/loop6', '--bind=/dev/loop7', '--bind=/dev/loop8', '--bind=/dev/loop9', '--bind=/dev/loop10', '--bind=/dev/loop11', '--console=pipe', '--setenv=TERM=vt100', '--setenv=SHELL=/bin/bash', '--setenv=HOME=/builddir', '--setenv=HOSTNAME=mock', '--setenv=PATH=/usr/bin:/bin:/usr/sbin:/sbin', '--setenv=PROMPT_COMMAND=printf "\\033]0;<mock-chroot>\\007"', '--setenv=PS1=<mock-chroot> \\s-\\v\\$ ', '--setenv=LANG=C.UTF-8', '--resolv-conf=off', 'bash', '--login', '-c', '/usr/bin/rpmbuild -bs --noclean --target x86_64 --nodeps /builddir/build/SPECS/ignition.spec'] with env {'TERM': 'vt100', 'SHELL': '/bin/bash', 'HOME': '/builddir', 'HOSTNAME': 'mock', 'PATH': '/usr/bin:/bin:/usr/sbin:/sbin', 'PROMPT_COMMAND': 'printf "\\033]0;<mock-chroot>\\007"', 'PS1': '<mock-chroot> \\s-\\v\\$ ', 'LANG': 'C.UTF-8', 'SYSTEMD_NSPAWN_TMPFS_TMP': '0', 'SYSTEMD_SECCOMP': '0'} and shell False
Building target platforms: x86_64
Building for target x86_64
setting SOURCE_DATE_EPOCH=1741910400
Wrote: /builddir/build/SRPMS/ignition-2.21.0-1.fc40.src.rpm
Child return code was: 0
ENTER ['do_with_status'](['bash', '--login', '-c', '/usr/bin/rpmbuild -bb --noclean --target x86_64 --nodeps /builddir/build/SPECS/ignition.spec'], chrootPath='/var/lib/mock/f40-build-58054473-6561875/root'env={'TERM': 'vt100', 'SHELL': '/bin/bash', 'HOME': '/builddir', 'HOSTNAME': 'mock', 'PATH': '/usr/bin:/bin:/usr/sbin:/sbin', 'PROMPT_COMMAND': 'printf "\\033]0;<mock-chroot>\\007"', 'PS1': '<mock-chroot> \\s-\\v\\$ ', 'LANG': 'C.UTF-8'}shell=Falselogger=<mockbuild.trace_decorator.getLog object at 0x7f7cc5d05590>timeout=201600uid=1000gid=425user='mockbuild'unshare_net=TrueprintOutput=Falsenspawn_args=['--capability=cap_ipc_lock', '--bind=/tmp/mock-resolv.rmyqzvho:/etc/resolv.conf', '--bind=/dev/btrfs-control', '--bind=/dev/mapper/control', '--bind=/dev/fuse', '--bind=/dev/loop-control', '--bind=/dev/loop0', '--bind=/dev/loop1', '--bind=/dev/loop2', '--bind=/dev/loop3', '--bind=/dev/loop4', '--bind=/dev/loop5', '--bind=/dev/loop6', '--bind=/dev/loop7', '--bind=/dev/loop8', '--bind=/dev/loop9', '--bind=/dev/loop10', '--bind=/dev/loop11'])
Using nspawn with args ['--capability=cap_ipc_lock', '--bind=/tmp/mock-resolv.rmyqzvho:/etc/resolv.conf', '--bind=/dev/btrfs-control', '--bind=/dev/mapper/control', '--bind=/dev/fuse', '--bind=/dev/loop-control', '--bind=/dev/loop0', '--bind=/dev/loop1', '--bind=/dev/loop2', '--bind=/dev/loop3', '--bind=/dev/loop4', '--bind=/dev/loop5', '--bind=/dev/loop6', '--bind=/dev/loop7', '--bind=/dev/loop8', '--bind=/dev/loop9', '--bind=/dev/loop10', '--bind=/dev/loop11']
Executing command: ['/usr/bin/systemd-nspawn', '-q', '-M', 'e324a6a632c340e4b2e4e04c278543ea', '-D', '/var/lib/mock/f40-build-58054473-6561875/root', '-a', '-u', 'mockbuild', '--capability=cap_ipc_lock', '--bind=/tmp/mock-resolv.rmyqzvho:/etc/resolv.conf', '--bind=/dev/btrfs-control', '--bind=/dev/mapper/control', '--bind=/dev/fuse', '--bind=/dev/loop-control', '--bind=/dev/loop0', '--bind=/dev/loop1', '--bind=/dev/loop2', '--bind=/dev/loop3', '--bind=/dev/loop4', '--bind=/dev/loop5', '--bind=/dev/loop6', '--bind=/dev/loop7', '--bind=/dev/loop8', '--bind=/dev/loop9', '--bind=/dev/loop10', '--bind=/dev/loop11', '--console=pipe', '--setenv=TERM=vt100', '--setenv=SHELL=/bin/bash', '--setenv=HOME=/builddir', '--setenv=HOSTNAME=mock', '--setenv=PATH=/usr/bin:/bin:/usr/sbin:/sbin', '--setenv=PROMPT_COMMAND=printf "\\033]0;<mock-chroot>\\007"', '--setenv=PS1=<mock-chroot> \\s-\\v\\$ ', '--setenv=LANG=C.UTF-8', '--resolv-conf=off', 'bash', '--login', '-c', '/usr/bin/rpmbuild -bb --noclean --target x86_64 --nodeps /builddir/build/SPECS/ignition.spec'] with env {'TERM': 'vt100', 'SHELL': '/bin/bash', 'HOME': '/builddir', 'HOSTNAME': 'mock', 'PATH': '/usr/bin:/bin:/usr/sbin:/sbin', 'PROMPT_COMMAND': 'printf "\\033]0;<mock-chroot>\\007"', 'PS1': '<mock-chroot> \\s-\\v\\$ ', 'LANG': 'C.UTF-8', 'SYSTEMD_NSPAWN_TMPFS_TMP': '0', 'SYSTEMD_SECCOMP': '0'} and shell False
Building target platforms: x86_64
Building for target x86_64
setting SOURCE_DATE_EPOCH=1741910400
Executing(%prep): /bin/sh -e /var/tmp/rpm-tmp.3F5AJK
+ umask 022
+ cd /builddir/build/BUILD
+ cd /builddir/build/BUILD
+ rm -rf ignition-2.21.0
+ /usr/lib/rpm/rpmuncompress -x /builddir/build/SOURCES/ignition-2.21.0.tar.gz
+ STATUS=0
+ '[' 0 -ne 0 ']'
+ cd ignition-2.21.0
+ rm -rf /builddir/build/BUILD/ignition-2.21.0-SPECPARTS
+ /usr/bin/mkdir -p /builddir/build/BUILD/ignition-2.21.0-SPECPARTS
+ /usr/bin/chmod -Rf a+rX,u+w,g-w,o-w .
+ [[ ! -e /builddir/build/BUILD/ignition-2.21.0/_build/bin ]]
+ install -m 0755 -vd /builddir/build/BUILD/ignition-2.21.0/_build/bin
install: creating directory '/builddir/build/BUILD/ignition-2.21.0/_build'
install: creating directory '/builddir/build/BUILD/ignition-2.21.0/_build/bin'
+ export GOPATH=/builddir/build/BUILD/ignition-2.21.0/_build:/usr/share/gocode
+ GOPATH=/builddir/build/BUILD/ignition-2.21.0/_build:/usr/share/gocode
+ [[ ! -e /builddir/build/BUILD/ignition-2.21.0/_build/src/github.com/coreos/ignition ]]
++ dirname /builddir/build/BUILD/ignition-2.21.0/_build/src/github.com/coreos/ignition
+ install -m 0755 -vd /builddir/build/BUILD/ignition-2.21.0/_build/src/github.com/coreos
install: creating directory '/builddir/build/BUILD/ignition-2.21.0/_build/src'
install: creating directory '/builddir/build/BUILD/ignition-2.21.0/_build/src/github.com'
install: creating directory '/builddir/build/BUILD/ignition-2.21.0/_build/src/github.com/coreos'
+ ln -fs /builddir/build/BUILD/ignition-2.21.0 /builddir/build/BUILD/ignition-2.21.0/_build/src/github.com/coreos/ignition
+ cd /builddir/build/BUILD/ignition-2.21.0/_build/src/github.com/coreos/ignition
+ tar xvf /builddir/build/SOURCES/ignition-edge-a258749.tar.gz
ignition-edge-a2587490b2a9a215ad12cf15866025efbe027552/
ignition-edge-a2587490b2a9a215ad12cf15866025efbe027552/.gitignore
ignition-edge-a2587490b2a9a215ad12cf15866025efbe027552/Makefile
ignition-edge-a2587490b2a9a215ad12cf15866025efbe027552/README.md
ignition-edge-a2587490b2a9a215ad12cf15866025efbe027552/dracut/
ignition-edge-a2587490b2a9a215ad12cf15866025efbe027552/dracut/10coreos-sysctl/
ignition-edge-a2587490b2a9a215ad12cf15866025efbe027552/dracut/10coreos-sysctl/module-setup.sh
ignition-edge-a2587490b2a9a215ad12cf15866025efbe027552/dracut/35ignition-edge/
ignition-edge-a2587490b2a9a215ad12cf15866025efbe027552/dracut/35ignition-edge/coreos-enable-network.service
ignition-edge-a2587490b2a9a215ad12cf15866025efbe027552/dracut/35ignition-edge/coreos-enable-network.sh
ignition-edge-a2587490b2a9a215ad12cf15866025efbe027552/dracut/35ignition-edge/coreos-teardown-initramfs.service
ignition-edge-a2587490b2a9a215ad12cf15866025efbe027552/dracut/35ignition-edge/coreos-teardown-initramfs.sh
ignition-edge-a2587490b2a9a215ad12cf15866025efbe027552/dracut/35ignition-edge/ignition-edge-generator
ignition-edge-a2587490b2a9a215ad12cf15866025efbe027552/dracut/35ignition-edge/ignition-ostree-mount-var.service
ignition-edge-a2587490b2a9a215ad12cf15866025efbe027552/dracut/35ignition-edge/ignition-ostree-mount-var.sh
ignition-edge-a2587490b2a9a215ad12cf15866025efbe027552/dracut/35ignition-edge/ignition-setup-user.service
ignition-edge-a2587490b2a9a215ad12cf15866025efbe027552/dracut/35ignition-edge/ignition-setup-user.sh
ignition-edge-a2587490b2a9a215ad12cf15866025efbe027552/dracut/35ignition-edge/module-setup.sh
ignition-edge-a2587490b2a9a215ad12cf15866025efbe027552/dracut/99emergency-shell-setup/
ignition-edge-a2587490b2a9a215ad12cf15866025efbe027552/dracut/99emergency-shell-setup/emergency-shell.sh
ignition-edge-a2587490b2a9a215ad12cf15866025efbe027552/dracut/99emergency-shell-setup/ignition-virtio-dump-journal.service
ignition-edge-a2587490b2a9a215ad12cf15866025efbe027552/dracut/99emergency-shell-setup/ignition-virtio-dump-journal.sh
ignition-edge-a2587490b2a9a215ad12cf15866025efbe027552/dracut/99emergency-shell-setup/module-setup.sh
ignition-edge-a2587490b2a9a215ad12cf15866025efbe027552/dracut/99journal-conf/
ignition-edge-a2587490b2a9a215ad12cf15866025efbe027552/dracut/99journal-conf/00-journal-log-forwarding.conf
ignition-edge-a2587490b2a9a215ad12cf15866025efbe027552/dracut/99journal-conf/module-setup.sh
ignition-edge-a2587490b2a9a215ad12cf15866025efbe027552/ignition-edge.spec
ignition-edge-a2587490b2a9a215ad12cf15866025efbe027552/scripts/
ignition-edge-a2587490b2a9a215ad12cf15866025efbe027552/scripts/coreos-check-ssh-keys
ignition-edge-a2587490b2a9a215ad12cf15866025efbe027552/scripts/coreos-ignition-write-issues
ignition-edge-a2587490b2a9a215ad12cf15866025efbe027552/systemd/
ignition-edge-a2587490b2a9a215ad12cf15866025efbe027552/systemd/coreos-check-ssh-keys.service
ignition-edge-a2587490b2a9a215ad12cf15866025efbe027552/systemd/coreos-ignition-write-issues.service
ignition-edge-a2587490b2a9a215ad12cf15866025efbe027552/systemd/ignition-firstboot-complete.service
+ RPM_EC=0
++ jobs -p
+ exit 0
Executing(%build): /bin/sh -e /var/tmp/rpm-tmp.u6YRtS
+ umask 022
+ cd /builddir/build/BUILD
Building ignition...
+ cd ignition-2.21.0
+ export 'LDFLAGS=-X github.com/coreos/ignition/v2/internal/version.Raw=2.21.0 -X github.com/coreos/ignition/v2/internal/distro.selinuxRelabel=true '
+ LDFLAGS='-X github.com/coreos/ignition/v2/internal/version.Raw=2.21.0 -X github.com/coreos/ignition/v2/internal/distro.selinuxRelabel=true '
+ export GOFLAGS=-mod=vendor
+ GOFLAGS=-mod=vendor
+ echo 'Building ignition...'
++ echo ignition-2.21.0-1.fc40-1741910400
++ sha1sum
++ cut -d ' ' -f1
+ GOPATH=/builddir/build/BUILD/ignition-2.21.0/_build:/usr/share/gocode
+ GO111MODULE=on
+ go build -buildmode pie -compiler gc '-tags=rpm_crashtraceback ' -a -v -x -ldflags '-X github.com/coreos/ignition/v2/internal/version.Raw=2.21.0 -X github.com/coreos/ignition/v2/internal/distro.selinuxRelabel=true  -X github.com/coreos/ignition/version=2.21.0 -B 0x720a533500b90469c56d2b0ce9989db20f9b343e -compressdwarf=false -linkmode=external -extldflags '\''-Wl,-z,relro -Wl,--as-needed  -Wl,-z,pack-relative-relocs -Wl,-z,now -specs=/usr/lib/rpm/redhat/redhat-hardened-ld -specs=/usr/lib/rpm/redhat/redhat-annobin-cc1  -Wl,--build-id=sha1 -specs=/usr/lib/rpm/redhat/redhat-package-notes  '\''' -o ./ignition internal/main.go
WORK=/tmp/go-build4082094123
go: cloud.google.com/go/auth in vendor/modules.txt requires go >= 1.23.0 (running go 1.22.12; GOTOOLCHAIN=local)
error: Bad exit status from /var/tmp/rpm-tmp.u6YRtS (%build)
RPM build errors:
    Bad exit status from /var/tmp/rpm-tmp.u6YRtS (%build)
Child return code was: 1
EXCEPTION: [Error('Command failed: \n # /usr/bin/systemd-nspawn -q -M e324a6a632c340e4b2e4e04c278543ea -D /var/lib/mock/f40-build-58054473-6561875/root -a -u mockbuild --capability=cap_ipc_lock --bind=/tmp/mock-resolv.rmyqzvho:/etc/resolv.conf --bind=/dev/btrfs-control --bind=/dev/mapper/control --bind=/dev/fuse --bind=/dev/loop-control --bind=/dev/loop0 --bind=/dev/loop1 --bind=/dev/loop2 --bind=/dev/loop3 --bind=/dev/loop4 --bind=/dev/loop5 --bind=/dev/loop6 --bind=/dev/loop7 --bind=/dev/loop8 --bind=/dev/loop9 --bind=/dev/loop10 --bind=/dev/loop11 --console=pipe --setenv=TERM=vt100 --setenv=SHELL=/bin/bash --setenv=HOME=/builddir --setenv=HOSTNAME=mock --setenv=PATH=/usr/bin:/bin:/usr/sbin:/sbin \'--setenv=PROMPT_COMMAND=printf "\\033]0;<mock-chroot>\\007"\' \'--setenv=PS1=<mock-chroot> \\s-\\v\\$ \' --setenv=LANG=C.UTF-8 --resolv-conf=off bash --login -c \'/usr/bin/rpmbuild -bb --noclean --target x86_64 --nodeps /builddir/build/SPECS/ignition.spec\'\n', 1)]
Traceback (most recent call last):
  File "/usr/lib/python3.13/site-packages/mockbuild/trace_decorator.py", line 93, in trace
    result = func(*args, **kw)
  File "/usr/lib/python3.13/site-packages/mockbuild/util.py", line 610, in do_with_status
    raise exception.Error("Command failed: \n # %s\n%s" % (cmd_pretty(command, env), output), child.returncode)
mockbuild.exception.Error: Command failed: 
 # /usr/bin/systemd-nspawn -q -M e324a6a632c340e4b2e4e04c278543ea -D /var/lib/mock/f40-build-58054473-6561875/root -a -u mockbuild --capability=cap_ipc_lock --bind=/tmp/mock-resolv.rmyqzvho:/etc/resolv.conf --bind=/dev/btrfs-control --bind=/dev/mapper/control --bind=/dev/fuse --bind=/dev/loop-control --bind=/dev/loop0 --bind=/dev/loop1 --bind=/dev/loop2 --bind=/dev/loop3 --bind=/dev/loop4 --bind=/dev/loop5 --bind=/dev/loop6 --bind=/dev/loop7 --bind=/dev/loop8 --bind=/dev/loop9 --bind=/dev/loop10 --bind=/dev/loop11 --console=pipe --setenv=TERM=vt100 --setenv=SHELL=/bin/bash --setenv=HOME=/builddir --setenv=HOSTNAME=mock --setenv=PATH=/usr/bin:/bin:/usr/sbin:/sbin '--setenv=PROMPT_COMMAND=printf "\033]0;<mock-chroot>\007"' '--setenv=PS1=<mock-chroot> \s-\v\$ ' --setenv=LANG=C.UTF-8 --resolv-conf=off bash --login -c '/usr/bin/rpmbuild -bb --noclean --target x86_64 --nodeps /builddir/build/SPECS/ignition.spec'

