Mock Version: 5.6
Mock Version: 5.6
Mock Version: 5.6
ENTER ['do_with_status'](['bash', '--login', '-c', '/usr/bin/rpmbuild -bs --noclean --target x86_64 --nodeps /builddir/build/SPECS/scipy.spec'], chrootPath='/var/lib/mock/f41-build-51933390-6217774/root'env={'TERM': 'vt100', 'SHELL': '/bin/bash', 'HOME': '/builddir', 'HOSTNAME': 'mock', 'PATH': '/usr/bin:/bin:/usr/sbin:/sbin', 'PROMPT_COMMAND': 'printf "\\033]0;<mock-chroot>\\007"', 'PS1': '<mock-chroot> \\s-\\v\\$ ', 'LANG': 'C.UTF-8'}shell=Falselogger=<mockbuild.trace_decorator.getLog object at 0x7fb50c0cfa10>timeout=201600uid=1000gid=425user='mockbuild'nspawn_args=['--capability=cap_ipc_lock', '--bind=/tmp/mock-resolv.teiq309a:/etc/resolv.conf', '--bind=/dev/btrfs-control', '--bind=/dev/mapper/control', '--bind=/dev/fuse', '--bind=/dev/loop-control', '--bind=/dev/loop0', '--bind=/dev/loop1', '--bind=/dev/loop2', '--bind=/dev/loop3', '--bind=/dev/loop4', '--bind=/dev/loop5', '--bind=/dev/loop6', '--bind=/dev/loop7', '--bind=/dev/loop8', '--bind=/dev/loop9', '--bind=/dev/loop10', '--bind=/dev/loop11']unshare_net=TrueprintOutput=False)
Using nspawn with args ['--capability=cap_ipc_lock', '--bind=/tmp/mock-resolv.teiq309a:/etc/resolv.conf', '--bind=/dev/btrfs-control', '--bind=/dev/mapper/control', '--bind=/dev/fuse', '--bind=/dev/loop-control', '--bind=/dev/loop0', '--bind=/dev/loop1', '--bind=/dev/loop2', '--bind=/dev/loop3', '--bind=/dev/loop4', '--bind=/dev/loop5', '--bind=/dev/loop6', '--bind=/dev/loop7', '--bind=/dev/loop8', '--bind=/dev/loop9', '--bind=/dev/loop10', '--bind=/dev/loop11']
Executing command: ['/usr/bin/systemd-nspawn', '-q', '-M', 'e5c0f3bd13fc4b778855e01dba8374ae', '-D', '/var/lib/mock/f41-build-51933390-6217774/root', '-a', '-u', 'mockbuild', '--capability=cap_ipc_lock', '--bind=/tmp/mock-resolv.teiq309a:/etc/resolv.conf', '--bind=/dev/btrfs-control', '--bind=/dev/mapper/control', '--bind=/dev/fuse', '--bind=/dev/loop-control', '--bind=/dev/loop0', '--bind=/dev/loop1', '--bind=/dev/loop2', '--bind=/dev/loop3', '--bind=/dev/loop4', '--bind=/dev/loop5', '--bind=/dev/loop6', '--bind=/dev/loop7', '--bind=/dev/loop8', '--bind=/dev/loop9', '--bind=/dev/loop10', '--bind=/dev/loop11', '--console=pipe', '--setenv=TERM=vt100', '--setenv=SHELL=/bin/bash', '--setenv=HOME=/builddir', '--setenv=HOSTNAME=mock', '--setenv=PATH=/usr/bin:/bin:/usr/sbin:/sbin', '--setenv=PROMPT_COMMAND=printf "\\033]0;<mock-chroot>\\007"', '--setenv=PS1=<mock-chroot> \\s-\\v\\$ ', '--setenv=LANG=C.UTF-8', '--resolv-conf=off', 'bash', '--login', '-c', '/usr/bin/rpmbuild -bs --noclean --target x86_64 --nodeps /builddir/build/SPECS/scipy.spec'] with env {'TERM': 'vt100', 'SHELL': '/bin/bash', 'HOME': '/builddir', 'HOSTNAME': 'mock', 'PATH': '/usr/bin:/bin:/usr/sbin:/sbin', 'PROMPT_COMMAND': 'printf "\\033]0;<mock-chroot>\\007"', 'PS1': '<mock-chroot> \\s-\\v\\$ ', 'LANG': 'C.UTF-8', 'SYSTEMD_NSPAWN_TMPFS_TMP': '0', 'SYSTEMD_SECCOMP': '0'} and shell False
Building target platforms: x86_64
Building for target x86_64
setting SOURCE_DATE_EPOCH=1719273600
Wrote: /builddir/build/SRPMS/scipy-1.14.0-1.fc41.src.rpm
Child return code was: 0
ENTER ['do_with_status'](['bash', '--login', '-c', '/usr/bin/rpmbuild -br --noclean --target x86_64 --nodeps /builddir/build/SPECS/scipy.spec'], chrootPath='/var/lib/mock/f41-build-51933390-6217774/root'env={'TERM': 'vt100', 'SHELL': '/bin/bash', 'HOME': '/builddir', 'HOSTNAME': 'mock', 'PATH': '/usr/bin:/bin:/usr/sbin:/sbin', 'PROMPT_COMMAND': 'printf "\\033]0;<mock-chroot>\\007"', 'PS1': '<mock-chroot> \\s-\\v\\$ ', 'LANG': 'C.UTF-8'}shell=Falselogger=<mockbuild.trace_decorator.getLog object at 0x7fb50c0cfa10>timeout=201600uid=1000gid=425user='mockbuild'nspawn_args=['--capability=cap_ipc_lock', '--bind=/tmp/mock-resolv.teiq309a:/etc/resolv.conf', '--bind=/dev/btrfs-control', '--bind=/dev/mapper/control', '--bind=/dev/fuse', '--bind=/dev/loop-control', '--bind=/dev/loop0', '--bind=/dev/loop1', '--bind=/dev/loop2', '--bind=/dev/loop3', '--bind=/dev/loop4', '--bind=/dev/loop5', '--bind=/dev/loop6', '--bind=/dev/loop7', '--bind=/dev/loop8', '--bind=/dev/loop9', '--bind=/dev/loop10', '--bind=/dev/loop11']unshare_net=TrueraiseExc=FalseprintOutput=False)
Using nspawn with args ['--capability=cap_ipc_lock', '--bind=/tmp/mock-resolv.teiq309a:/etc/resolv.conf', '--bind=/dev/btrfs-control', '--bind=/dev/mapper/control', '--bind=/dev/fuse', '--bind=/dev/loop-control', '--bind=/dev/loop0', '--bind=/dev/loop1', '--bind=/dev/loop2', '--bind=/dev/loop3', '--bind=/dev/loop4', '--bind=/dev/loop5', '--bind=/dev/loop6', '--bind=/dev/loop7', '--bind=/dev/loop8', '--bind=/dev/loop9', '--bind=/dev/loop10', '--bind=/dev/loop11']
Executing command: ['/usr/bin/systemd-nspawn', '-q', '-M', '7df7b3bb8a4b47258513b86529cf405c', '-D', '/var/lib/mock/f41-build-51933390-6217774/root', '-a', '-u', 'mockbuild', '--capability=cap_ipc_lock', '--bind=/tmp/mock-resolv.teiq309a:/etc/resolv.conf', '--bind=/dev/btrfs-control', '--bind=/dev/mapper/control', '--bind=/dev/fuse', '--bind=/dev/loop-control', '--bind=/dev/loop0', '--bind=/dev/loop1', '--bind=/dev/loop2', '--bind=/dev/loop3', '--bind=/dev/loop4', '--bind=/dev/loop5', '--bind=/dev/loop6', '--bind=/dev/loop7', '--bind=/dev/loop8', '--bind=/dev/loop9', '--bind=/dev/loop10', '--bind=/dev/loop11', '--console=pipe', '--setenv=TERM=vt100', '--setenv=SHELL=/bin/bash', '--setenv=HOME=/builddir', '--setenv=HOSTNAME=mock', '--setenv=PATH=/usr/bin:/bin:/usr/sbin:/sbin', '--setenv=PROMPT_COMMAND=printf "\\033]0;<mock-chroot>\\007"', '--setenv=PS1=<mock-chroot> \\s-\\v\\$ ', '--setenv=LANG=C.UTF-8', '--resolv-conf=off', 'bash', '--login', '-c', '/usr/bin/rpmbuild -br --noclean --target x86_64 --nodeps /builddir/build/SPECS/scipy.spec'] with env {'TERM': 'vt100', 'SHELL': '/bin/bash', 'HOME': '/builddir', 'HOSTNAME': 'mock', 'PATH': '/usr/bin:/bin:/usr/sbin:/sbin', 'PROMPT_COMMAND': 'printf "\\033]0;<mock-chroot>\\007"', 'PS1': '<mock-chroot> \\s-\\v\\$ ', 'LANG': 'C.UTF-8', 'SYSTEMD_NSPAWN_TMPFS_TMP': '0', 'SYSTEMD_SECCOMP': '0'} and shell False
Building target platforms: x86_64
Building for target x86_64
setting SOURCE_DATE_EPOCH=1719273600
Executing(%mkbuilddir): /bin/sh -e /var/tmp/rpm-tmp.r6Kfg5
+ umask 022
+ cd /builddir/build/BUILD/scipy-1.14.0-build
+ test -d /builddir/build/BUILD/scipy-1.14.0-build
+ /usr/bin/chmod -Rf a+rX,u+w,g-w,o-w /builddir/build/BUILD/scipy-1.14.0-build
+ /usr/bin/rm -rf /builddir/build/BUILD/scipy-1.14.0-build
+ /usr/bin/mkdir -p /builddir/build/BUILD/scipy-1.14.0-build
+ /usr/bin/mkdir -p /builddir/build/BUILD/scipy-1.14.0-build/SPECPARTS
+ RPM_EC=0
++ jobs -p
+ exit 0
Executing(%prep): /bin/sh -e /var/tmp/rpm-tmp.hAa0ia
+ umask 022
+ cd /builddir/build/BUILD/scipy-1.14.0-build
+ cd /builddir/build/BUILD/scipy-1.14.0-build
+ rm -rf scipy-1.14.0
+ /usr/lib/rpm/rpmuncompress -x /builddir/build/SOURCES/scipy-1.14.0.tar.gz
+ STATUS=0
+ '[' 0 -ne 0 ']'
+ cd scipy-1.14.0
+ /usr/bin/chmod -Rf a+rX,u+w,g-w,o-w .
+ sed -i 's/pythran>=0.12.0,<0.15.0/pythran>=0.12.0/' pyproject.toml
+ cat
+ sed -i 's/requires-python = ">=3.9,<3.13"/requires-python = ">=3.9"/' pyproject.toml
++ grep -rl '/\* Generated by Cython'
+ rm PKG-INFO
++ grep -Frl numpy.distutils
+ for f in $(grep -Frl numpy.distutils)
+ sed -i.orig 's/numpy\.\(distutils\)/\1/g' doc/source/building/distutils_equivalents.rst
+ touch -r doc/source/building/distutils_equivalents.rst.orig doc/source/building/distutils_equivalents.rst
+ rm doc/source/building/distutils_equivalents.rst.orig
+ for f in $(grep -Frl numpy.distutils)
+ sed -i.orig 's/numpy\.\(distutils\)/\1/g' doc/source/release/0.7.0-notes.rst
+ touch -r doc/source/release/0.7.0-notes.rst.orig doc/source/release/0.7.0-notes.rst
+ rm doc/source/release/0.7.0-notes.rst.orig
+ for f in $(grep -Frl numpy.distutils)
+ sed -i.orig 's/numpy\.\(distutils\)/\1/g' doc/source/release/1.9.0-notes.rst
+ touch -r doc/source/release/1.9.0-notes.rst.orig doc/source/release/1.9.0-notes.rst
+ rm doc/source/release/1.9.0-notes.rst.orig
+ for f in $(grep -Frl numpy.distutils)
+ sed -i.orig 's/numpy\.\(distutils\)/\1/g' pytest.ini
+ touch -r pytest.ini.orig pytest.ini
+ rm pytest.ini.orig
+ for f in $(grep -Frl numpy.distutils)
+ sed -i.orig 's/numpy\.\(distutils\)/\1/g' tools/generate_f2pymod.py
+ touch -r tools/generate_f2pymod.py.orig tools/generate_f2pymod.py
+ rm tools/generate_f2pymod.py.orig
+ sed -Ei '/^[[:blank:]]*"(asv|pytest-cov|pytest-timeout)"/d' pyproject.toml
+ sed -i '/^[[:blank:]]*"scikit-umfpack"/d' pyproject.toml
+ sed -i '/numpy.*python_version=='\''3.12'\''/s/1\.26\.0/1\.24\.4/' pyproject.toml
+ sed -i '/meson-python/s/0\.15\.0/0\.17\.0/' pyproject.toml
+ sed -i '/Cython/s/3\.0/3\.1/' pyproject.toml
+ sed -i '/pybind11/s/2\.11\.1/2.13.0/' pyproject.toml
+ sed -i 's/\('\''has_openmemstream'\'', \)'\''0'\''/\1'\''1'\''/' scipy/_lib/meson.build
+ python3 -c '
import tomllib
from pathlib import Path
with open("pyproject.toml", "rb") as fp:
    data = tomllib.load(fp)
Path("_install-requirements.txt").write_text("\n".join(data["project"]["dependencies"]))
Path("_test-requirements.txt").write_text("\n".join(data["project"]["optional-dependencies"]["test"]))
'
+ RPM_EC=0
++ jobs -p
+ exit 0
Executing(%generate_buildrequires): /bin/sh -e /var/tmp/rpm-tmp.Oj2eys
+ umask 022
+ cd /builddir/build/BUILD/scipy-1.14.0-build
+ cd scipy-1.14.0
+ CFLAGS='-O2  -fexceptions -g -grecord-gcc-switches -pipe -Wall -Werror=format-security -Wp,-U_FORTIFY_SOURCE,-D_FORTIFY_SOURCE=3 -Wp,-D_GLIBCXX_ASSERTIONS -specs=/usr/lib/rpm/redhat/redhat-hardened-cc1 -fstack-protector-strong -specs=/usr/lib/rpm/redhat/redhat-annobin-cc1  -m64 -march=x86-64 -mtune=generic -fasynchronous-unwind-tables -fstack-clash-protection -fcf-protection -mtls-dialect=gnu2 -fno-omit-frame-pointer -mno-omit-leaf-frame-pointer '
+ export CFLAGS
+ CXXFLAGS='-O2  -fexceptions -g -grecord-gcc-switches -pipe -Wall -Werror=format-security -Wp,-U_FORTIFY_SOURCE,-D_FORTIFY_SOURCE=3 -Wp,-D_GLIBCXX_ASSERTIONS -specs=/usr/lib/rpm/redhat/redhat-hardened-cc1 -fstack-protector-strong -specs=/usr/lib/rpm/redhat/redhat-annobin-cc1  -m64 -march=x86-64 -mtune=generic -fasynchronous-unwind-tables -fstack-clash-protection -fcf-protection -mtls-dialect=gnu2 -fno-omit-frame-pointer -mno-omit-leaf-frame-pointer '
+ export CXXFLAGS
+ FFLAGS='-O2  -fexceptions -g -grecord-gcc-switches -pipe -Wall -Wp,-U_FORTIFY_SOURCE,-D_FORTIFY_SOURCE=3 -Wp,-D_GLIBCXX_ASSERTIONS -specs=/usr/lib/rpm/redhat/redhat-hardened-cc1 -fstack-protector-strong -specs=/usr/lib/rpm/redhat/redhat-annobin-cc1  -m64 -march=x86-64 -mtune=generic -fasynchronous-unwind-tables -fstack-clash-protection -fcf-protection -mtls-dialect=gnu2 -fno-omit-frame-pointer -mno-omit-leaf-frame-pointer -I/usr/lib64/gfortran/modules '
+ export FFLAGS
+ FCFLAGS='-O2  -fexceptions -g -grecord-gcc-switches -pipe -Wall -Wp,-U_FORTIFY_SOURCE,-D_FORTIFY_SOURCE=3 -Wp,-D_GLIBCXX_ASSERTIONS -specs=/usr/lib/rpm/redhat/redhat-hardened-cc1 -fstack-protector-strong -specs=/usr/lib/rpm/redhat/redhat-annobin-cc1  -m64 -march=x86-64 -mtune=generic -fasynchronous-unwind-tables -fstack-clash-protection -fcf-protection -mtls-dialect=gnu2 -fno-omit-frame-pointer -mno-omit-leaf-frame-pointer -I/usr/lib64/gfortran/modules '
+ export FCFLAGS
+ VALAFLAGS=-g
+ export VALAFLAGS
+ RUSTFLAGS='-Copt-level=3 -Cdebuginfo=2 -Ccodegen-units=1 -Cstrip=none -Cforce-frame-pointers=yes -Clink-arg=-specs=/usr/lib/rpm/redhat/redhat-package-notes --cap-lints=warn'
+ export RUSTFLAGS
+ LDFLAGS='-Wl,-z,relro -Wl,--as-needed  -Wl,-z,pack-relative-relocs -Wl,-z,now -specs=/usr/lib/rpm/redhat/redhat-hardened-ld -specs=/usr/lib/rpm/redhat/redhat-annobin-cc1  -Wl,--build-id=sha1 -specs=/usr/lib/rpm/redhat/redhat-package-notes '
+ export LDFLAGS
+ LT_SYS_LIBRARY_PATH=/usr/lib64:
+ export LT_SYS_LIBRARY_PATH
+ CC=gcc
+ export CC
+ CXX=g++
+ export CXX
+ echo pyproject-rpm-macros
+ echo python3-devel
+ echo 'python3dist(pip) >= 19'
+ echo 'python3dist(packaging)'
+ '[' -f pyproject.toml ']'
+ echo '(python3dist(tomli) if python3-devel < 3.11)'
+ rm -rfv '*.dist-info/'
+ '[' -f /usr/bin/python3 ']'
+ mkdir -p /builddir/build/BUILD/scipy-1.14.0-build/scipy-1.14.0/.pyproject-builddir
+ echo -n
+ CFLAGS='-O2  -fexceptions -g -grecord-gcc-switches -pipe -Wall -Werror=format-security -Wp,-U_FORTIFY_SOURCE,-D_FORTIFY_SOURCE=3 -Wp,-D_GLIBCXX_ASSERTIONS -specs=/usr/lib/rpm/redhat/redhat-hardened-cc1 -fstack-protector-strong -specs=/usr/lib/rpm/redhat/redhat-annobin-cc1  -m64 -march=x86-64 -mtune=generic -fasynchronous-unwind-tables -fstack-clash-protection -fcf-protection -mtls-dialect=gnu2 -fno-omit-frame-pointer -mno-omit-leaf-frame-pointer '
+ LDFLAGS='-Wl,-z,relro -Wl,--as-needed  -Wl,-z,pack-relative-relocs -Wl,-z,now -specs=/usr/lib/rpm/redhat/redhat-hardened-ld -specs=/usr/lib/rpm/redhat/redhat-annobin-cc1  -Wl,--build-id=sha1 -specs=/usr/lib/rpm/redhat/redhat-package-notes '
+ TMPDIR=/builddir/build/BUILD/scipy-1.14.0-build/scipy-1.14.0/.pyproject-builddir
+ RPM_TOXENV=py313
+ HOSTNAME=rpmbuild
+ /usr/bin/python3 -Bs /usr/lib/rpm/redhat/pyproject_buildrequires.py --generate-extras --python3_pkgversion 3 --wheeldir /builddir/build/BUILD/scipy-1.14.0-build/scipy-1.14.0/pyproject-wheeldir --output /builddir/build/BUILD/scipy-1.14.0-build/scipy-1.14.0-1.fc41.x86_64-pyproject-buildrequires -R _install-requirements.txt _test-requirements.txt
Handling numpy>=1.23.5,<2.3 from requirements file _install-requirements.txt
Requirement satisfied: numpy>=1.23.5,<2.3
   (installed: numpy 1.26.4)
Handling pytest from requirements file _test-requirements.txt
Requirement not satisfied: pytest
Handling pytest-xdist from requirements file _test-requirements.txt
Requirement not satisfied: pytest-xdist
Handling mpmath from requirements file _test-requirements.txt
Requirement not satisfied: mpmath
Handling gmpy2 from requirements file _test-requirements.txt
Requirement not satisfied: gmpy2
Handling threadpoolctl from requirements file _test-requirements.txt
Requirement not satisfied: threadpoolctl
Handling pooch from requirements file _test-requirements.txt
Requirement not satisfied: pooch
Handling hypothesis>=6.30 from requirements file _test-requirements.txt
Requirement not satisfied: hypothesis>=6.30
Handling array-api-strict from requirements file _test-requirements.txt
Requirement not satisfied: array-api-strict
Handling Cython from requirements file _test-requirements.txt
Requirement not satisfied: Cython
Handling meson from requirements file _test-requirements.txt
Requirement not satisfied: meson
Handling ninja; sys_platform != "emscripten" from requirements file _test-requirements.txt
Requirement not satisfied: ninja; sys_platform != "emscripten"
Exiting dependency generation pass: all requirements files
+ cat /builddir/build/BUILD/scipy-1.14.0-build/scipy-1.14.0-1.fc41.x86_64-pyproject-buildrequires
+ rm -rfv '*.dist-info/'
+ RPM_EC=0
++ jobs -p
+ exit 0
Wrote: /builddir/build/SRPMS/scipy-1.14.0-1.fc41.buildreqs.nosrc.rpm
Child return code was: 11
Dynamic buildrequires detected
Going to install missing buildrequires. See root.log for details.
