2024-06-30 11:01:58,870 [INFO] {1163295} koji.build.buildroot:577 Running mock as kojibuilder
ERROR: Option --new-chroot has been deprecated. Use --isolation=nspawn instead.
INFO: mock.py version 5.6 starting (python version = 3.12.3, NVR = mock-5.6-1.fc39), args: /usr/libexec/mock/mock -r koji/f41-build-51933390-6217774 --new-chroot --init
Start(bootstrap): init plugins
INFO: selinux enabled
Finish(bootstrap): init plugins
Start: init plugins
INFO: selinux enabled
Finish: init plugins
INFO: Signal handler active
Start: run
Start: clean chroot
Finish: clean chroot
Mock Version: 5.6
INFO: Mock Version: 5.6
Start(bootstrap): chroot init
INFO: calling preinit hooks
INFO: Package manager dnf5 detected and used (fallback)
Start(bootstrap): installing dnf5 tooling
Finish(bootstrap): installing dnf5 tooling
Finish(bootstrap): chroot init
Start: chroot init
INFO: calling preinit hooks
INFO: enabled HW Info plugin
INFO: Package manager dnf5 detected and used (direct choice)
Start: installing minimal buildroot with dnf5
Finish: installing minimal buildroot with dnf5
Finish: chroot init
INFO: Installed packages:
INFO: add-determinism-0.3.2-1.fc41.x86_64
alternatives-1.28-1.fc41.x86_64
ansible-srpm-macros-1-15.fc41.noarch
audit-libs-4.0.1-3.fc41.x86_64
authselect-1.5.0-5.fc41.x86_64
authselect-libs-1.5.0-5.fc41.x86_64
basesystem-11-20.fc40.noarch
bash-5.2.26-3.fc40.x86_64
binutils-2.42.50-14.fc41.x86_64
build-reproducibility-srpm-macros-0.3.2-1.fc41.noarch
bzip2-1.0.8-18.fc40.x86_64
bzip2-libs-1.0.8-18.fc40.x86_64
ca-certificates-2024.2.68_v8.0.302-2.fc41.noarch
coreutils-9.5-2.fc41.x86_64
coreutils-common-9.5-2.fc41.x86_64
cpio-2.15-1.fc40.x86_64
cracklib-2.9.11-5.fc40.x86_64
crypto-policies-20240628-1.gitddd11d3.fc41.noarch
curl-8.8.0-1.fc41.x86_64
cyrus-sasl-lib-2.1.28-24.fc41.x86_64
debugedit-5.0-16.fc41.x86_64
diffutils-3.10-5.fc40.x86_64
dwz-0.15-6.fc40.x86_64
ed-1.20.2-1.fc41.x86_64
efi-srpm-macros-5-11.fc40.noarch
elfutils-0.191-7.fc41.x86_64
elfutils-debuginfod-client-0.191-7.fc41.x86_64
elfutils-default-yama-scope-0.191-7.fc41.noarch
elfutils-libelf-0.191-7.fc41.x86_64
elfutils-libs-0.191-7.fc41.x86_64
fedora-gpg-keys-41-0.2.noarch
fedora-release-41-0.14.noarch
fedora-release-common-41-0.14.noarch
fedora-release-identity-basic-41-0.14.noarch
fedora-repos-41-0.2.noarch
fedora-repos-rawhide-41-0.2.noarch
file-5.45-6.fc41.x86_64
file-libs-5.45-6.fc41.x86_64
filesystem-3.18-9.fc41.x86_64
findutils-4.10.0-2.fc41.x86_64
fonts-srpm-macros-2.0.5-16.fc41.noarch
forge-srpm-macros-0.3.1-1.fc41.noarch
fpc-srpm-macros-1.3-12.fc40.noarch
gawk-5.3.0-3.fc40.x86_64
gdb-minimal-14.2-13.fc41.x86_64
gdbm-1.23-6.fc40.x86_64
gdbm-libs-1.23-6.fc40.x86_64
ghc-srpm-macros-1.9.1-1.fc41.noarch
glibc-2.39.9000-26.fc41.x86_64
glibc-common-2.39.9000-26.fc41.x86_64
glibc-gconv-extra-2.39.9000-26.fc41.x86_64
glibc-minimal-langpack-2.39.9000-26.fc41.x86_64
gmp-6.3.0-1.fc41.x86_64
gnat-srpm-macros-6-5.fc40.noarch
go-srpm-macros-3.6.0-1.fc41.noarch
grep-3.11-8.fc41.x86_64
gzip-1.13-1.fc40.x86_64
info-7.1-2.fc40.x86_64
jansson-2.13.1-9.fc40.x86_64
kernel-srpm-macros-1.0-23.fc41.noarch
keyutils-libs-1.6.3-3.fc40.x86_64
krb5-libs-1.21.2-5.fc40.x86_64
libacl-2.3.2-1.fc40.x86_64
libarchive-3.7.4-1.fc41.x86_64
libattr-2.5.2-3.fc40.x86_64
libblkid-2.40.1-2.fc41.x86_64
libbrotli-1.1.0-4.fc41.x86_64
libcap-2.70-2.fc41.x86_64
libcap-ng-0.8.5-2.fc41.x86_64
libcom_err-1.47.1-1.fc41.x86_64
libcurl-8.8.0-1.fc41.x86_64
libeconf-0.6.2-2.fc41.x86_64
libevent-2.1.12-13.fc41.x86_64
libfdisk-2.40.1-2.fc41.x86_64
libffi-3.4.6-1.fc41.x86_64
libgcc-14.1.1-6.fc41.x86_64
libgomp-14.1.1-6.fc41.x86_64
libidn2-2.3.7-1.fc40.x86_64
libmount-2.40.1-2.fc41.x86_64
libnghttp2-1.62.1-1.fc41.x86_64
libnsl2-2.0.1-1.fc40.x86_64
libpkgconf-2.1.1-1.fc41.x86_64
libpsl-0.21.5-3.fc40.x86_64
libpwquality-1.4.5-10.fc41.x86_64
libselinux-3.6-6.fc41.x86_64
libsemanage-3.6-4.fc41.x86_64
libsepol-3.6-3.fc40.x86_64
libsmartcols-2.40.1-2.fc41.x86_64
libssh-0.10.6-6.fc41.x86_64
libssh-config-0.10.6-6.fc41.noarch
libstdc++-14.1.1-6.fc41.x86_64
libtasn1-4.19.0-6.fc40.x86_64
libtirpc-1.3.4-1.rc3.fc41.x86_64
libtool-ltdl-2.4.7-11.fc41.x86_64
libunistring-1.1-7.fc41.x86_64
libutempter-1.2.1-13.fc40.x86_64
libuuid-2.40.1-2.fc41.x86_64
libverto-0.3.2-8.fc40.x86_64
libxcrypt-4.4.36-5.fc40.x86_64
libxml2-2.12.8-1.fc41.x86_64
libzstd-1.5.6-1.fc41.x86_64
lua-libs-5.4.6-5.fc40.x86_64
lua-srpm-macros-1-13.fc40.noarch
lz4-libs-1.9.4-6.fc40.x86_64
mpfr-4.2.1-4.fc41.x86_64
ncurses-base-6.4-12.20240127.fc40.noarch
ncurses-libs-6.4-12.20240127.fc40.x86_64
ocaml-srpm-macros-10-2.fc41.noarch
openblas-srpm-macros-2-17.fc41.noarch
openldap-2.6.8-3.fc41.x86_64
openssl-libs-3.2.2-2.fc41.x86_64
p11-kit-0.25.3-4.fc40.x86_64
p11-kit-trust-0.25.3-4.fc40.x86_64
package-notes-srpm-macros-0.5-11.fc40.noarch
pam-1.6.1-3.fc41.x86_64
pam-libs-1.6.1-3.fc41.x86_64
patch-2.7.6-24.fc40.x86_64
pcre2-10.44-1.fc41.x86_64
pcre2-syntax-10.44-1.fc41.noarch
perl-srpm-macros-1-55.fc41.noarch
pkgconf-2.1.1-1.fc41.x86_64
pkgconf-m4-2.1.1-1.fc41.noarch
pkgconf-pkg-config-2.1.1-1.fc41.x86_64
popt-1.19-6.fc40.x86_64
publicsuffix-list-dafsa-20240107-3.fc40.noarch
pyproject-srpm-macros-1.12.2-1.fc41.noarch
python-srpm-macros-3.13-2.fc41.noarch
qt5-srpm-macros-5.15.14-1.fc41.noarch
qt6-srpm-macros-6.7.1-1.fc41.noarch
readline-8.2-8.fc40.x86_64
redhat-rpm-config-293-1.fc41.noarch
rpm-4.19.92-1.fc41.x86_64
rpm-build-4.19.92-1.fc41.x86_64
rpm-build-libs-4.19.92-1.fc41.x86_64
rpm-libs-4.19.92-1.fc41.x86_64
rpm-sequoia-1.6.0-3.fc41.x86_64
rust-srpm-macros-26.3-1.fc41.noarch
sed-4.9-1.fc40.x86_64
setup-2.15.0-4.fc41.noarch
shadow-utils-4.15.1-5.fc41.x86_64
sqlite-libs-3.46.0-2.fc41.x86_64
systemd-libs-256.1-3.fc41.x86_64
tar-1.35-3.fc40.x86_64
unzip-6.0-63.fc40.x86_64
util-linux-2.40.1-2.fc41.x86_64
util-linux-core-2.40.1-2.fc41.x86_64
which-2.21-41.fc40.x86_64
xxhash-libs-0.8.2-2.fc40.x86_64
xz-5.6.2-1.fc41.x86_64
xz-libs-5.6.2-1.fc41.x86_64
zig-srpm-macros-1-2.fc40.noarch
zip-3.0-40.fc40.x86_64
zlib-ng-compat-2.1.7-1.fc41.x86_64
zstd-1.5.6-1.fc41.x86_64
Finish: run
2024-06-30 11:02:35,153 [INFO] {1163871} koji.build.buildroot:577 Running mock as kojibuilder
ERROR: Option --new-chroot has been deprecated. Use --isolation=nspawn instead.
INFO: mock.py version 5.6 starting (python version = 3.12.3, NVR = mock-5.6-1.fc39), args: /usr/libexec/mock/mock -r koji/f41-build-51933390-6217774 --new-chroot --chroot 'uname -r'
Start(bootstrap): init plugins
INFO: selinux enabled
Finish(bootstrap): init plugins
Start: init plugins
INFO: selinux enabled
Finish: init plugins
INFO: Signal handler active
Start: run
Mock Version: 5.6
INFO: Mock Version: 5.6
Start(bootstrap): chroot init
INFO: calling preinit hooks
INFO: Package manager dnf5 detected and used (fallback)
Finish(bootstrap): chroot init
Start: chroot init
INFO: calling preinit hooks
INFO: enabled HW Info plugin
INFO: Package manager dnf5 detected and used (direct choice)
Finish: chroot init
INFO: Running in chroot: ['uname -r']
Start: chroot ['uname -r']
6.8.9-200.fc39.x86_64
Finish: chroot ['uname -r']
Finish: run
2024-06-30 11:02:40,496 [INFO] {1163921} koji.build.buildroot:577 Running mock as kojibuilder
ERROR: Option --new-chroot has been deprecated. Use --isolation=nspawn instead.
INFO: mock.py version 5.6 starting (python version = 3.12.3, NVR = mock-5.6-1.fc39), args: /usr/libexec/mock/mock -r koji/f41-build-51933390-6217774 --new-chroot --no-clean --target x86_64 --rebuild /var/tmp/koji/tasks/7308/119817308/local/work/tasks/7213/119817213/scipy-1.14.0-1.fc41.src.rpm
Start(bootstrap): init plugins
INFO: selinux enabled
Finish(bootstrap): init plugins
Start: init plugins
INFO: selinux enabled
Finish: init plugins
INFO: Signal handler active
Start: run
INFO: Start(/var/tmp/koji/tasks/7308/119817308/local/work/tasks/7213/119817213/scipy-1.14.0-1.fc41.src.rpm)  Config(f41-build-51933390-6217774)
Mock Version: 5.6
INFO: Mock Version: 5.6
Start(bootstrap): chroot init
INFO: calling preinit hooks
INFO: Package manager dnf5 detected and used (fallback)
Finish(bootstrap): chroot init
Start: chroot init
INFO: calling preinit hooks
INFO: enabled HW Info plugin
INFO: Package manager dnf5 detected and used (direct choice)
INFO: Buildroot is handled by package management installed into bootstrap:
  rpm-4.19.92-1.fc41.x86_64
  rpm-sequoia-1.6.0-3.fc41.x86_64
  dnf5-5.2.3.0-3.fc41.x86_64
  dnf5-plugins-5.2.3.0-3.fc41.x86_64
Finish: chroot init
Start: build phase for scipy-1.14.0-1.fc41.src.rpm
Start: build setup for scipy-1.14.0-1.fc41.src.rpm
Finish: build setup for scipy-1.14.0-1.fc41.src.rpm
Start: rpmbuild scipy-1.14.0-1.fc41.src.rpm
INFO: Going to install missing dynamic buildrequires
Finish: rpmbuild scipy-1.14.0-1.fc41.src.rpm
Finish: build phase for scipy-1.14.0-1.fc41.src.rpm
ERROR: Exception(/var/tmp/koji/tasks/7308/119817308/local/work/tasks/7213/119817213/scipy-1.14.0-1.fc41.src.rpm) Config(f41-build-51933390-6217774) 0 minutes 33 seconds
INFO: Results and/or logs in: /var/lib/mock/f41-build-51933390-6217774/result
ERROR: Command failed: 
 # /usr/bin/systemd-nspawn -q -M 259e19ee78c249ed9f496f102956e8ee -D /var/lib/mock/f41-build-51933390-6217774-bootstrap/root -a --capability=cap_ipc_lock --bind=/tmp/mock-resolv.2_tdunre:/etc/resolv.conf --console=pipe --setenv=TERM=vt100 --setenv=SHELL=/bin/bash --setenv=HOME=/var/lib/mock/f41-build-51933390-6217774/root/installation-homedir --setenv=HOSTNAME=mock --setenv=PATH=/usr/bin:/bin:/usr/sbin:/sbin '--setenv=PROMPT_COMMAND=printf "\033]0;<mock-chroot>\007"' '--setenv=PS1=<mock-chroot> \s-\v\$ ' --setenv=LANG=C.UTF-8 --setenv=LC_MESSAGES=C.UTF-8 --resolv-conf=off /usr/bin/dnf5 builddep --installroot /var/lib/mock/f41-build-51933390-6217774/root/ /var/lib/mock/f41-build-51933390-6217774/root/builddir/build/SRPMS/scipy-1.14.0-1.fc41.buildreqs.nosrc.rpm --setopt=deltarpm=False --setopt=allow_vendor_change=yes --allowerasing --setopt=tsflags=nocontexts
Updating and loading repositories:
Repositories loaded.
Failed to resolve the transaction:
Package "flexiblas-devel-3.4.4-1.fc41.x86_64" is already installed.
Package "gcc-c++-14.1.1-6.fc41.x86_64" is already installed.
Package "gcc-gfortran-14.1.1-6.fc41.x86_64" is already installed.
Package "pybind11-devel-2.12.0-2.fc41.x86_64" is already installed.
Package "pyproject-rpm-macros-1.12.2-1.fc41.noarch" is already installed.
Package "python3-devel-3.13.0~b3-1.fc41.x86_64" is already installed.
Package "python3-numpy-f2py-1:1.26.4-7.fc41.x86_64" is already installed.
No match for argument: python3dist(array-api-strict)
Package "python3-packaging-24.1-1.fc41.noarch" is already installed.
You can try to add to command line:
  --skip-unavailable to skip unavailable packages

