2025-05-20 05:27:00,400 [INFO] {2003491} koji.build.buildroot:509 Running mock as kojibuilder
ERROR: Option --new-chroot has been deprecated. Use --isolation=nspawn instead.
INFO: mock.py version 6.1 starting (python version = 3.13.2, NVR = mock-6.1-1.fc41), args: /usr/libexec/mock/mock -r koji/f41-build-59817139-6576644 --new-chroot --init
Start(bootstrap): init plugins
INFO: selinux enabled
INFO: rpmautospec: initialized
Finish(bootstrap): init plugins
Start: init plugins
INFO: selinux enabled
INFO: rpmautospec: initialized
Finish: init plugins
INFO: Signal handler active
Start: run
Start: clean chroot
Finish: clean chroot
Mock Version: 6.1
INFO: Mock Version: 6.1
Start(bootstrap): chroot init
INFO: calling preinit hooks
INFO: Package manager dnf5 detected and used (fallback)
Start(bootstrap): installing dnf5 tooling
Finish(bootstrap): installing dnf5 tooling
Finish(bootstrap): chroot init
Start: chroot init
INFO: calling preinit hooks
INFO: enabled HW Info plugin
INFO: Package manager dnf5 detected and used (direct choice)
Start: installing minimal buildroot with dnf5
Finish: installing minimal buildroot with dnf5
Finish: chroot init
INFO: Installed packages:
INFO: add-determinism-0.3.6-3.fc41.ppc64le
alternatives-1.31-1.fc41.ppc64le
ansible-srpm-macros-1-16.fc41.noarch
audit-libs-4.0.3-1.fc41.ppc64le
authselect-1.5.0-8.fc41.ppc64le
authselect-libs-1.5.0-8.fc41.ppc64le
basesystem-11-21.fc41.noarch
bash-5.2.32-1.fc41.ppc64le
binutils-2.43.1-5.fc41.ppc64le
build-reproducibility-srpm-macros-0.3.6-3.fc41.noarch
bzip2-1.0.8-19.fc41.ppc64le
bzip2-libs-1.0.8-19.fc41.ppc64le
ca-certificates-2024.2.69_v8.0.401-1.0.fc41.noarch
coreutils-9.5-11.fc41.ppc64le
coreutils-common-9.5-11.fc41.ppc64le
cpio-2.15-2.fc41.ppc64le
cracklib-2.9.11-6.fc41.ppc64le
crypto-policies-20250124-1.git4d262e7.fc41.noarch
curl-8.9.1-3.fc41.ppc64le
cyrus-sasl-lib-2.1.28-27.fc41.ppc64le
debugedit-5.1-6.fc41.ppc64le
diffutils-3.10-8.fc41.ppc64le
dwz-0.15-8.fc41.ppc64le
ed-1.20.2-2.fc41.ppc64le
efi-srpm-macros-5-13.fc41.noarch
elfutils-0.193-2.fc41.ppc64le
elfutils-debuginfod-client-0.193-2.fc41.ppc64le
elfutils-default-yama-scope-0.193-2.fc41.noarch
elfutils-libelf-0.193-2.fc41.ppc64le
elfutils-libs-0.193-2.fc41.ppc64le
fedora-gpg-keys-41-1.noarch
fedora-release-41-32.noarch
fedora-release-common-41-32.noarch
fedora-release-identity-basic-41-32.noarch
fedora-repos-41-1.noarch
file-5.45-7.fc41.ppc64le
file-libs-5.45-7.fc41.ppc64le
filesystem-3.18-23.fc41.ppc64le
findutils-4.10.0-4.fc41.ppc64le
fonts-srpm-macros-2.0.5-17.fc41.noarch
forge-srpm-macros-0.4.0-1.fc41.noarch
fpc-srpm-macros-1.3-13.fc41.noarch
gawk-5.3.0-4.fc41.ppc64le
gdb-minimal-16.3-1.fc41.ppc64le
gdbm-1.23-7.fc41.ppc64le
gdbm-libs-1.23-7.fc41.ppc64le
ghc-srpm-macros-1.9.1-2.fc41.noarch
glibc-2.40-25.fc41.ppc64le
glibc-common-2.40-25.fc41.ppc64le
glibc-gconv-extra-2.40-25.fc41.ppc64le
glibc-minimal-langpack-2.40-25.fc41.ppc64le
gmp-6.3.0-2.fc41.ppc64le
gnat-srpm-macros-6-6.fc41.noarch
go-srpm-macros-3.6.0-5.fc41.noarch
grep-3.11-9.fc41.ppc64le
gzip-1.13-2.fc41.ppc64le
info-7.1.1-1.fc41.ppc64le
jansson-2.13.1-10.fc41.ppc64le
json-c-0.17-4.fc41.ppc64le
kernel-srpm-macros-1.0-24.fc41.noarch
keyutils-libs-1.6.3-4.fc41.ppc64le
krb5-libs-1.21.3-4.fc41.ppc64le
libacl-2.3.2-2.fc41.ppc64le
libarchive-3.7.4-4.fc41.ppc64le
libattr-2.5.2-4.fc41.ppc64le
libblkid-2.40.4-1.fc41.ppc64le
libbrotli-1.1.0-5.fc41.ppc64le
libcap-2.70-4.fc41.ppc64le
libcap-ng-0.8.5-3.fc41.ppc64le
libcom_err-1.47.1-6.fc41.ppc64le
libcurl-8.9.1-3.fc41.ppc64le
libeconf-0.6.2-3.fc41.ppc64le
libevent-2.1.12-14.fc41.ppc64le
libfdisk-2.40.4-1.fc41.ppc64le
libffi-3.4.6-3.fc41.ppc64le
libgcc-14.2.1-7.fc41.ppc64le
libgomp-14.2.1-7.fc41.ppc64le
libidn2-2.3.8-1.fc41.ppc64le
libmount-2.40.4-1.fc41.ppc64le
libnghttp2-1.62.1-3.fc41.ppc64le
libnsl2-2.0.1-2.fc41.ppc64le
libpkgconf-2.3.0-1.fc41.ppc64le
libpsl-0.21.5-4.fc41.ppc64le
libpwquality-1.4.5-11.fc41.ppc64le
librtas-2.0.6-2.fc41.ppc64le
libselinux-3.7-5.fc41.ppc64le
libsemanage-3.7-2.fc41.ppc64le
libsepol-3.7-2.fc41.ppc64le
libsmartcols-2.40.4-1.fc41.ppc64le
libssh-0.10.6-8.fc41.ppc64le
libssh-config-0.10.6-8.fc41.noarch
libstdc++-14.2.1-7.fc41.ppc64le
libtasn1-4.20.0-1.fc41.ppc64le
libtirpc-1.3.6-1.rc3.fc41.ppc64le
libtool-ltdl-2.4.7-12.fc41.ppc64le
libunistring-1.1-8.fc41.ppc64le
libutempter-1.2.1-15.fc41.ppc64le
libuuid-2.40.4-1.fc41.ppc64le
libverto-0.3.2-9.fc41.ppc64le
libxcrypt-4.4.38-7.fc41.ppc64le
libxml2-2.12.10-1.fc41.ppc64le
libzstd-1.5.7-1.fc41.ppc64le
lua-libs-5.4.7-3.fc41.ppc64le
lua-srpm-macros-1-14.fc41.noarch
lz4-libs-1.10.0-1.fc41.ppc64le
mpfr-4.2.1-5.fc41.ppc64le
ncurses-base-6.5-2.20240629.fc41.noarch
ncurses-libs-6.5-2.20240629.fc41.ppc64le
ocaml-srpm-macros-10-3.fc41.noarch
openblas-srpm-macros-2-18.fc41.noarch
openldap-2.6.9-1.fc41.ppc64le
openssl-libs-3.2.4-1.fc41.ppc64le
p11-kit-0.25.5-3.fc41.ppc64le
p11-kit-trust-0.25.5-3.fc41.ppc64le
package-notes-srpm-macros-0.5-12.fc41.noarch
pam-1.6.1-7.fc41.ppc64le
pam-libs-1.6.1-7.fc41.ppc64le
patch-2.7.6-25.fc41.ppc64le
pcre2-10.44-1.fc41.1.ppc64le
pcre2-syntax-10.44-1.fc41.1.noarch
perl-srpm-macros-1-56.fc41.noarch
pkgconf-2.3.0-1.fc41.ppc64le
pkgconf-m4-2.3.0-1.fc41.noarch
pkgconf-pkg-config-2.3.0-1.fc41.ppc64le
popt-1.19-7.fc41.ppc64le
publicsuffix-list-dafsa-20250116-1.fc41.noarch
pyproject-srpm-macros-1.18.1-1.fc41.noarch
python-srpm-macros-3.13-3.fc41.noarch
qt5-srpm-macros-5.15.15-1.fc41.noarch
qt6-srpm-macros-6.8.2-1.fc41.noarch
readline-8.2-10.fc41.ppc64le
redhat-rpm-config-294-1.fc41.noarch
rpm-4.20.1-1.fc41.ppc64le
rpm-build-4.20.1-1.fc41.ppc64le
rpm-build-libs-4.20.1-1.fc41.ppc64le
rpm-libs-4.20.1-1.fc41.ppc64le
rpm-sequoia-1.7.0-5.fc41.ppc64le
rust-srpm-macros-26.3-3.fc41.noarch
sed-4.9-3.fc41.ppc64le
setup-2.15.0-8.fc41.noarch
shadow-utils-4.15.1-12.fc41.ppc64le
sqlite-libs-3.46.1-3.fc41.ppc64le
systemd-libs-256.12-1.fc41.ppc64le
tar-1.35-4.fc41.ppc64le
unzip-6.0-64.fc41.ppc64le
util-linux-2.40.4-1.fc41.ppc64le
util-linux-core-2.40.4-1.fc41.ppc64le
which-2.21-42.fc41.ppc64le
xxhash-libs-0.8.3-1.fc41.ppc64le
xz-5.8.1-2.fc41.ppc64le
xz-libs-5.8.1-2.fc41.ppc64le
zig-srpm-macros-1-3.fc41.noarch
zip-3.0-41.fc41.ppc64le
zlib-ng-compat-2.2.3-2.fc41.ppc64le
zstd-1.5.7-1.fc41.ppc64le
Finish: run
2025-05-20 05:27:49,258 [INFO] {2004105} koji.build.buildroot:509 Running mock as kojibuilder
ERROR: Option --new-chroot has been deprecated. Use --isolation=nspawn instead.
INFO: mock.py version 6.1 starting (python version = 3.13.2, NVR = mock-6.1-1.fc41), args: /usr/libexec/mock/mock -r koji/f41-build-59817139-6576644 --new-chroot --chroot 'uname -r'
Start(bootstrap): init plugins
INFO: selinux enabled
INFO: rpmautospec: initialized
Finish(bootstrap): init plugins
Start: init plugins
INFO: selinux enabled
INFO: rpmautospec: initialized
Finish: init plugins
INFO: Signal handler active
Start: run
Mock Version: 6.1
INFO: Mock Version: 6.1
Start(bootstrap): chroot init
INFO: calling preinit hooks
INFO: Package manager dnf5 detected and used (fallback)
Finish(bootstrap): chroot init
Start: chroot init
INFO: calling preinit hooks
INFO: enabled HW Info plugin
INFO: Package manager dnf5 detected and used (direct choice)
Finish: chroot init
INFO: Running in chroot: ['uname -r']
Start: chroot ['uname -r']
6.12.13-200.fc41.ppc64le
Finish: chroot ['uname -r']
Finish: run
2025-05-20 05:27:55,338 [INFO] {2004197} koji.build.buildroot:509 Running mock as kojibuilder
ERROR: Option --new-chroot has been deprecated. Use --isolation=nspawn instead.
INFO: mock.py version 6.1 starting (python version = 3.13.2, NVR = mock-6.1-1.fc41), args: /usr/libexec/mock/mock -r koji/f41-build-59817139-6576644 --new-chroot --no-clean --target noarch --rebuild /var/tmp/koji/tasks/9491/132999491/local/work/tasks/9455/132999455/rubygem-hitimes-2.0.0-10.fc41.src.rpm
Start(bootstrap): init plugins
INFO: selinux enabled
INFO: rpmautospec: initialized
Finish(bootstrap): init plugins
Start: init plugins
INFO: selinux enabled
INFO: rpmautospec: initialized
Finish: init plugins
INFO: Signal handler active
Start: run
INFO: Start(/var/tmp/koji/tasks/9491/132999491/local/work/tasks/9455/132999455/rubygem-hitimes-2.0.0-10.fc41.src.rpm)  Config(f41-build-59817139-6576644)
Mock Version: 6.1
INFO: Mock Version: 6.1
Start(bootstrap): chroot init
INFO: calling preinit hooks
INFO: Package manager dnf5 detected and used (fallback)
Finish(bootstrap): chroot init
Start: chroot init
INFO: calling preinit hooks
INFO: enabled HW Info plugin
INFO: Package manager dnf5 detected and used (direct choice)
INFO: Buildroot is handled by package management installed into bootstrap:
  rpm-4.20.1-1.fc41.ppc64le
  rpm-sequoia-1.7.0-5.fc41.ppc64le
  dnf5-5.2.13.1-1.fc41.ppc64le
  dnf5-plugins-5.2.13.1-1.fc41.ppc64le
Finish: chroot init
Start: build phase for rubygem-hitimes-2.0.0-10.fc41.src.rpm
Start: build setup for rubygem-hitimes-2.0.0-10.fc41.src.rpm
Finish: build setup for rubygem-hitimes-2.0.0-10.fc41.src.rpm
Start: rpmbuild rubygem-hitimes-2.0.0-10.fc41.src.rpm
Finish: rpmbuild rubygem-hitimes-2.0.0-10.fc41.src.rpm
Finish: build phase for rubygem-hitimes-2.0.0-10.fc41.src.rpm
ERROR: Exception(/var/tmp/koji/tasks/9491/132999491/local/work/tasks/9455/132999455/rubygem-hitimes-2.0.0-10.fc41.src.rpm) Config(f41-build-59817139-6576644) 0 minutes 24 seconds
INFO: Results and/or logs in: /var/lib/mock/f41-build-59817139-6576644/result
ERROR: Command failed: 
 # /usr/bin/systemd-nspawn -q -M 8701535bb8c2424791ce4e62c50c8f4d -D /var/lib/mock/f41-build-59817139-6576644/root -a -u mockbuild --capability=cap_ipc_lock --bind=/tmp/mock-resolv.epdy32q5:/etc/resolv.conf --bind=/dev/btrfs-control --bind=/dev/mapper/control --bind=/dev/fuse --bind=/dev/loop-control --bind=/dev/loop0 --bind=/dev/loop1 --bind=/dev/loop2 --bind=/dev/loop3 --bind=/dev/loop4 --bind=/dev/loop5 --bind=/dev/loop6 --bind=/dev/loop7 --bind=/dev/loop8 --bind=/dev/loop9 --bind=/dev/loop10 --bind=/dev/loop11 --console=pipe --setenv=TERM=vt100 --setenv=SHELL=/bin/bash --setenv=HOME=/builddir --setenv=HOSTNAME=mock --setenv=PATH=/usr/bin:/bin:/usr/sbin:/sbin '--setenv=PROMPT_COMMAND=printf "\033]0;<mock-chroot>\007"' '--setenv=PS1=<mock-chroot> \s-\v\$ ' --setenv=LANG=C.UTF-8 --resolv-conf=off bash --login -c '/usr/bin/rpmbuild -bb --noclean --target noarch --nodeps /builddir/build/SPECS/rubygem-hitimes.spec'

