Mock Version: 6.1
Mock Version: 6.1
Mock Version: 6.1
ENTER ['do_with_status'](['bash', '--login', '-c', '/usr/bin/rpmbuild -bs --noclean --target noarch --nodeps /builddir/build/SPECS/DisplayCAL.spec'], chrootPath='/var/lib/mock/f41-build-59362116-6573023/root'env={'TERM': 'vt100', 'SHELL': '/bin/bash', 'HOME': '/builddir', 'HOSTNAME': 'mock', 'PATH': '/usr/bin:/bin:/usr/sbin:/sbin', 'PROMPT_COMMAND': 'printf "\\033]0;<mock-chroot>\\007"', 'PS1': '<mock-chroot> \\s-\\v\\$ ', 'LANG': 'C.UTF-8'}shell=Falselogger=<mockbuild.trace_decorator.getLog object at 0xffffb3d4d370>timeout=201600uid=1000gid=425user='mockbuild'unshare_net=TrueprintOutput=Falsenspawn_args=['--capability=cap_ipc_lock', '--rlimit=RLIMIT_CORE=infinity', '--bind=/tmp/mock-resolv.u5qwqi5l:/etc/resolv.conf', '--bind=/dev/btrfs-control', '--bind=/dev/mapper/control', '--bind=/dev/fuse', '--bind=/dev/loop-control', '--bind=/dev/loop0', '--bind=/dev/loop1', '--bind=/dev/loop2', '--bind=/dev/loop3', '--bind=/dev/loop4', '--bind=/dev/loop5', '--bind=/dev/loop6', '--bind=/dev/loop7', '--bind=/dev/loop8', '--bind=/dev/loop9', '--bind=/dev/loop10', '--bind=/dev/loop11'])
Using nspawn with args ['--capability=cap_ipc_lock', '--rlimit=RLIMIT_CORE=infinity', '--bind=/tmp/mock-resolv.u5qwqi5l:/etc/resolv.conf', '--bind=/dev/btrfs-control', '--bind=/dev/mapper/control', '--bind=/dev/fuse', '--bind=/dev/loop-control', '--bind=/dev/loop0', '--bind=/dev/loop1', '--bind=/dev/loop2', '--bind=/dev/loop3', '--bind=/dev/loop4', '--bind=/dev/loop5', '--bind=/dev/loop6', '--bind=/dev/loop7', '--bind=/dev/loop8', '--bind=/dev/loop9', '--bind=/dev/loop10', '--bind=/dev/loop11']
Executing command: ['/usr/bin/systemd-nspawn', '-q', '-M', '862e9d904b9041ffb8cc5afe550e5d7a', '-D', '/var/lib/mock/f41-build-59362116-6573023/root', '-a', '-u', 'mockbuild', '--capability=cap_ipc_lock', '--rlimit=RLIMIT_CORE=infinity', '--bind=/tmp/mock-resolv.u5qwqi5l:/etc/resolv.conf', '--bind=/dev/btrfs-control', '--bind=/dev/mapper/control', '--bind=/dev/fuse', '--bind=/dev/loop-control', '--bind=/dev/loop0', '--bind=/dev/loop1', '--bind=/dev/loop2', '--bind=/dev/loop3', '--bind=/dev/loop4', '--bind=/dev/loop5', '--bind=/dev/loop6', '--bind=/dev/loop7', '--bind=/dev/loop8', '--bind=/dev/loop9', '--bind=/dev/loop10', '--bind=/dev/loop11', '--console=pipe', '--setenv=TERM=vt100', '--setenv=SHELL=/bin/bash', '--setenv=HOME=/builddir', '--setenv=HOSTNAME=mock', '--setenv=PATH=/usr/bin:/bin:/usr/sbin:/sbin', '--setenv=PROMPT_COMMAND=printf "\\033]0;<mock-chroot>\\007"', '--setenv=PS1=<mock-chroot> \\s-\\v\\$ ', '--setenv=LANG=C.UTF-8', '--resolv-conf=off', 'bash', '--login', '-c', '/usr/bin/rpmbuild -bs --noclean --target noarch --nodeps /builddir/build/SPECS/DisplayCAL.spec'] with env {'TERM': 'vt100', 'SHELL': '/bin/bash', 'HOME': '/builddir', 'HOSTNAME': 'mock', 'PATH': '/usr/bin:/bin:/usr/sbin:/sbin', 'PROMPT_COMMAND': 'printf "\\033]0;<mock-chroot>\\007"', 'PS1': '<mock-chroot> \\s-\\v\\$ ', 'LANG': 'C.UTF-8', 'SYSTEMD_NSPAWN_TMPFS_TMP': '0', 'SYSTEMD_SECCOMP': '0'} and shell False
Building target platforms: noarch
Building for target noarch
setting SOURCE_DATE_EPOCH=1746403200
Wrote: /builddir/build/SRPMS/DisplayCAL-3.9.16-1.fc41.src.rpm
Child return code was: 0
ENTER ['do_with_status'](['bash', '--login', '-c', '/usr/bin/rpmbuild -br --noclean --target noarch --nodeps /builddir/build/SPECS/DisplayCAL.spec'], chrootPath='/var/lib/mock/f41-build-59362116-6573023/root'env={'TERM': 'vt100', 'SHELL': '/bin/bash', 'HOME': '/builddir', 'HOSTNAME': 'mock', 'PATH': '/usr/bin:/bin:/usr/sbin:/sbin', 'PROMPT_COMMAND': 'printf "\\033]0;<mock-chroot>\\007"', 'PS1': '<mock-chroot> \\s-\\v\\$ ', 'LANG': 'C.UTF-8'}shell=Falselogger=<mockbuild.trace_decorator.getLog object at 0xffffb3d4d370>timeout=201600uid=1000gid=425user='mockbuild'unshare_net=TrueraiseExc=FalseprintOutput=Falsenspawn_args=['--capability=cap_ipc_lock', '--rlimit=RLIMIT_CORE=infinity', '--bind=/tmp/mock-resolv.u5qwqi5l:/etc/resolv.conf', '--bind=/dev/btrfs-control', '--bind=/dev/mapper/control', '--bind=/dev/fuse', '--bind=/dev/loop-control', '--bind=/dev/loop0', '--bind=/dev/loop1', '--bind=/dev/loop2', '--bind=/dev/loop3', '--bind=/dev/loop4', '--bind=/dev/loop5', '--bind=/dev/loop6', '--bind=/dev/loop7', '--bind=/dev/loop8', '--bind=/dev/loop9', '--bind=/dev/loop10', '--bind=/dev/loop11'])
Using nspawn with args ['--capability=cap_ipc_lock', '--rlimit=RLIMIT_CORE=infinity', '--bind=/tmp/mock-resolv.u5qwqi5l:/etc/resolv.conf', '--bind=/dev/btrfs-control', '--bind=/dev/mapper/control', '--bind=/dev/fuse', '--bind=/dev/loop-control', '--bind=/dev/loop0', '--bind=/dev/loop1', '--bind=/dev/loop2', '--bind=/dev/loop3', '--bind=/dev/loop4', '--bind=/dev/loop5', '--bind=/dev/loop6', '--bind=/dev/loop7', '--bind=/dev/loop8', '--bind=/dev/loop9', '--bind=/dev/loop10', '--bind=/dev/loop11']
Executing command: ['/usr/bin/systemd-nspawn', '-q', '-M', '5bd52cb71285485cb1d3c84627c3259a', '-D', '/var/lib/mock/f41-build-59362116-6573023/root', '-a', '-u', 'mockbuild', '--capability=cap_ipc_lock', '--rlimit=RLIMIT_CORE=infinity', '--bind=/tmp/mock-resolv.u5qwqi5l:/etc/resolv.conf', '--bind=/dev/btrfs-control', '--bind=/dev/mapper/control', '--bind=/dev/fuse', '--bind=/dev/loop-control', '--bind=/dev/loop0', '--bind=/dev/loop1', '--bind=/dev/loop2', '--bind=/dev/loop3', '--bind=/dev/loop4', '--bind=/dev/loop5', '--bind=/dev/loop6', '--bind=/dev/loop7', '--bind=/dev/loop8', '--bind=/dev/loop9', '--bind=/dev/loop10', '--bind=/dev/loop11', '--console=pipe', '--setenv=TERM=vt100', '--setenv=SHELL=/bin/bash', '--setenv=HOME=/builddir', '--setenv=HOSTNAME=mock', '--setenv=PATH=/usr/bin:/bin:/usr/sbin:/sbin', '--setenv=PROMPT_COMMAND=printf "\\033]0;<mock-chroot>\\007"', '--setenv=PS1=<mock-chroot> \\s-\\v\\$ ', '--setenv=LANG=C.UTF-8', '--resolv-conf=off', 'bash', '--login', '-c', '/usr/bin/rpmbuild -br --noclean --target noarch --nodeps /builddir/build/SPECS/DisplayCAL.spec'] with env {'TERM': 'vt100', 'SHELL': '/bin/bash', 'HOME': '/builddir', 'HOSTNAME': 'mock', 'PATH': '/usr/bin:/bin:/usr/sbin:/sbin', 'PROMPT_COMMAND': 'printf "\\033]0;<mock-chroot>\\007"', 'PS1': '<mock-chroot> \\s-\\v\\$ ', 'LANG': 'C.UTF-8', 'SYSTEMD_NSPAWN_TMPFS_TMP': '0', 'SYSTEMD_SECCOMP': '0'} and shell False
Building target platforms: noarch
Building for target noarch
setting SOURCE_DATE_EPOCH=1746403200
Executing(%mkbuilddir): /bin/sh -e /var/tmp/rpm-tmp.N3GWJf
Executing(%prep): /bin/sh -e /var/tmp/rpm-tmp.Nujyl4
+ umask 022
+ cd /builddir/build/BUILD/DisplayCAL-3.9.16-build
+ cd /builddir/build/BUILD/DisplayCAL-3.9.16-build
+ rm -rf displaycal-3.9.16
+ /usr/lib/rpm/rpmuncompress -x /builddir/build/SOURCES/DisplayCAL-3.9.16.tar.gz
+ STATUS=0
+ '[' 0 -ne 0 ']'
+ cd displaycal-3.9.16
+ /usr/bin/chmod -Rf a+rX,u+w,g-w,o-w .
+ /usr/bin/git init -q
+ /usr/bin/git config user.name rpm-build
+ /usr/bin/git config user.email '<rpm-build>'
+ /usr/bin/git config gc.auto 0
+ /usr/bin/git add --force .
+ GIT_COMMITTER_DATE=@1746403200
+ GIT_AUTHOR_DATE=@1746403200
+ /usr/bin/git commit -q --allow-empty -a --author 'rpm-build <rpm-build>' -m 'DisplayCAL-3.9.16 base'
+ /usr/bin/git checkout --track -b rpm-build
Switched to a new branch 'rpm-build'
branch 'rpm-build' set up to track 'master'.
+ /usr/lib/rpm/rpmuncompress /builddir/build/SOURCES/displaycal-3.9.3-udev-dir.patch
+ /usr/bin/git apply --index --reject -
Checking patch DisplayCAL/setup.py...
Hunk #1 succeeded at 769 (offset 21 lines).
Hunk #2 succeeded at 788 (offset 21 lines).
Applied patch DisplayCAL/setup.py cleanly.
+ GIT_COMMITTER_DATE=@1746403200
+ GIT_AUTHOR_DATE=@1746403200
+ /usr/bin/git commit -q -m displaycal-3.9.3-udev-dir.patch --author 'rpm-build <rpm-build>'
+ /usr/lib/rpm/rpmuncompress /builddir/build/SOURCES/displaycal-skip-update-check.patch
+ /usr/bin/git apply --index --reject -
Checking patch DisplayCAL/config.py...
Hunk #1 succeeded at 1563 (offset 208 lines).
Checking patch DisplayCAL/display_cal.py...
Hunk #1 succeeded at 507 (offset 10 lines).
Hunk #2 succeeded at 595 (offset 11 lines).
Hunk #3 succeeded at 3143 (offset 25 lines).
Hunk #4 succeeded at 3282 (offset 25 lines).
Hunk #5 succeeded at 19537 (offset 52 lines).
Checking patch DisplayCAL/xrc/mainmenu.xrc...
Applied patch DisplayCAL/config.py cleanly.
Applied patch DisplayCAL/display_cal.py cleanly.
Applied patch DisplayCAL/xrc/mainmenu.xrc cleanly.
+ GIT_COMMITTER_DATE=@1746403200
+ GIT_AUTHOR_DATE=@1746403200
+ /usr/bin/git commit -q -m displaycal-skip-update-check.patch --author 'rpm-build <rpm-build>'
+ /usr/lib/rpm/rpmuncompress /builddir/build/SOURCES/displaycal-3.9.15-fix-autostart-location.patch
+ /usr/bin/git apply --index --reject -
Checking patch DisplayCAL/setup.py...
Applied patch DisplayCAL/setup.py cleanly.
+ GIT_COMMITTER_DATE=@1746403200
+ GIT_AUTHOR_DATE=@1746403200
+ /usr/bin/git commit -q -m displaycal-3.9.15-fix-autostart-location.patch --author 'rpm-build <rpm-build>'
+ /usr/lib/rpm/rpmuncompress /builddir/build/SOURCES/displaycal-3.9.15-downgrade-wxpython.patch
+ /usr/bin/git apply --index --reject -
Checking patch requirements.txt...
Applied patch requirements.txt cleanly.
+ GIT_COMMITTER_DATE=@1746403200
+ GIT_AUTHOR_DATE=@1746403200
+ /usr/bin/git commit -q -m displaycal-3.9.15-downgrade-wxpython.patch --author 'rpm-build <rpm-build>'
+ rm -rf .git
+ rm -rf DisplayCAL.egg-info
+ rm PKG-INFO
+ sed -i -e 's|create_appdata = |create_appdata = True or |' setup.py
+ find . -name '*.so' -print -delete
+ RPM_EC=0
++ jobs -p
+ exit 0
Executing(%generate_buildrequires): /bin/sh -e /var/tmp/rpm-tmp.gMCAoh
+ umask 022
+ cd /builddir/build/BUILD/DisplayCAL-3.9.16-build
+ cd displaycal-3.9.16
+ echo pyproject-rpm-macros
+ echo python3-devel
+ echo 'python3dist(packaging)'
+ echo 'python3dist(pip) >= 19'
+ '[' -f pyproject.toml ']'
+ echo '(python3dist(tomli) if python3-devel < 3.11)'
+ rm -rfv '*.dist-info/'
+ '[' -f /usr/bin/python3 ']'
+ mkdir -p /builddir/build/BUILD/DisplayCAL-3.9.16-build/displaycal-3.9.16/.pyproject-builddir
+ echo -n
+ CFLAGS='-O2 -flto=auto -ffat-lto-objects -fexceptions -g -grecord-gcc-switches -pipe -Wall -Werror=format-security -Wp,-U_FORTIFY_SOURCE,-D_FORTIFY_SOURCE=3 -Wp,-D_GLIBCXX_ASSERTIONS -specs=/usr/lib/rpm/redhat/redhat-hardened-cc1 -fstack-protector-strong -specs=/usr/lib/rpm/redhat/redhat-annobin-cc1  -mbranch-protection=standard -fasynchronous-unwind-tables -fstack-clash-protection -fno-omit-frame-pointer -mno-omit-leaf-frame-pointer '
+ CXXFLAGS='-O2 -flto=auto -ffat-lto-objects -fexceptions -g -grecord-gcc-switches -pipe -Wall -Werror=format-security -Wp,-U_FORTIFY_SOURCE,-D_FORTIFY_SOURCE=3 -Wp,-D_GLIBCXX_ASSERTIONS -specs=/usr/lib/rpm/redhat/redhat-hardened-cc1 -fstack-protector-strong -specs=/usr/lib/rpm/redhat/redhat-annobin-cc1  -mbranch-protection=standard -fasynchronous-unwind-tables -fstack-clash-protection -fno-omit-frame-pointer -mno-omit-leaf-frame-pointer '
+ FFLAGS='-O2 -flto=auto -ffat-lto-objects -fexceptions -g -grecord-gcc-switches -pipe -Wall -Wp,-U_FORTIFY_SOURCE,-D_FORTIFY_SOURCE=3 -Wp,-D_GLIBCXX_ASSERTIONS -specs=/usr/lib/rpm/redhat/redhat-hardened-cc1 -fstack-protector-strong -specs=/usr/lib/rpm/redhat/redhat-annobin-cc1  -mbranch-protection=standard -fasynchronous-unwind-tables -fstack-clash-protection -fno-omit-frame-pointer -mno-omit-leaf-frame-pointer -I/usr/lib/gfortran/modules '
+ FCFLAGS='-O2 -flto=auto -ffat-lto-objects -fexceptions -g -grecord-gcc-switches -pipe -Wall -Wp,-U_FORTIFY_SOURCE,-D_FORTIFY_SOURCE=3 -Wp,-D_GLIBCXX_ASSERTIONS -specs=/usr/lib/rpm/redhat/redhat-hardened-cc1 -fstack-protector-strong -specs=/usr/lib/rpm/redhat/redhat-annobin-cc1  -mbranch-protection=standard -fasynchronous-unwind-tables -fstack-clash-protection -fno-omit-frame-pointer -mno-omit-leaf-frame-pointer -I/usr/lib/gfortran/modules '
+ VALAFLAGS=-g
+ RUSTFLAGS='-Copt-level=3 -Cdebuginfo=2 -Ccodegen-units=1 -Cstrip=none -Cforce-frame-pointers=yes --cap-lints=warn'
+ LDFLAGS='-Wl,-z,relro -Wl,--as-needed   -Wl,-z,now -specs=/usr/lib/rpm/redhat/redhat-hardened-ld -specs=/usr/lib/rpm/redhat/redhat-annobin-cc1  -Wl,--build-id=sha1  '
+ LT_SYS_LIBRARY_PATH=/usr/lib:
+ CC=gcc
+ CXX=g++
+ TMPDIR=/builddir/build/BUILD/DisplayCAL-3.9.16-build/displaycal-3.9.16/.pyproject-builddir
+ RPM_TOXENV=py313
+ FEDORA=41
+ HOSTNAME=rpmbuild
+ /usr/bin/python3 -Bs /usr/lib/rpm/redhat/pyproject_buildrequires.py --generate-extras --python3_pkgversion 3 --wheeldir /builddir/build/BUILD/DisplayCAL-3.9.16-build/displaycal-3.9.16/pyproject-wheeldir --output /builddir/build/BUILD/DisplayCAL-3.9.16-build/DisplayCAL-3.9.16-1.fc41.noarch-pyproject-buildrequires
Handling setuptools from build-system.requires
Requirement not satisfied: setuptools
Handling pywin32; platform_system=="Windows" from build-system.requires
Ignoring alien requirement: pywin32; platform_system=="Windows"
Exiting dependency generation pass: build backend
+ cat /builddir/build/BUILD/DisplayCAL-3.9.16-build/DisplayCAL-3.9.16-1.fc41.noarch-pyproject-buildrequires
+ rm -rfv '*.dist-info/'
+ RPM_EC=0
++ jobs -p
+ exit 0
Wrote: /builddir/build/SRPMS/DisplayCAL-3.9.16-1.fc41.buildreqs.nosrc.rpm
Child return code was: 11
Dynamic buildrequires detected
Going to install missing buildrequires. See root.log for details.
ENTER ['do_with_status'](['bash', '--login', '-c', '/usr/bin/rpmbuild -br --noprep --noclean --target noarch --nodeps /builddir/build/SPECS/DisplayCAL.spec'], chrootPath='/var/lib/mock/f41-build-59362116-6573023/root'env={'TERM': 'vt100', 'SHELL': '/bin/bash', 'HOME': '/builddir', 'HOSTNAME': 'mock', 'PATH': '/usr/bin:/bin:/usr/sbin:/sbin', 'PROMPT_COMMAND': 'printf "\\033]0;<mock-chroot>\\007"', 'PS1': '<mock-chroot> \\s-\\v\\$ ', 'LANG': 'C.UTF-8'}shell=Falselogger=<mockbuild.trace_decorator.getLog object at 0xffffb3d4d370>timeout=201600uid=1000gid=425user='mockbuild'unshare_net=TrueraiseExc=FalseprintOutput=Falsenspawn_args=['--capability=cap_ipc_lock', '--rlimit=RLIMIT_CORE=infinity', '--bind=/tmp/mock-resolv.u5qwqi5l:/etc/resolv.conf', '--bind=/dev/btrfs-control', '--bind=/dev/mapper/control', '--bind=/dev/fuse', '--bind=/dev/loop-control', '--bind=/dev/loop0', '--bind=/dev/loop1', '--bind=/dev/loop2', '--bind=/dev/loop3', '--bind=/dev/loop4', '--bind=/dev/loop5', '--bind=/dev/loop6', '--bind=/dev/loop7', '--bind=/dev/loop8', '--bind=/dev/loop9', '--bind=/dev/loop10', '--bind=/dev/loop11'])
Using nspawn with args ['--capability=cap_ipc_lock', '--rlimit=RLIMIT_CORE=infinity', '--bind=/tmp/mock-resolv.u5qwqi5l:/etc/resolv.conf', '--bind=/dev/btrfs-control', '--bind=/dev/mapper/control', '--bind=/dev/fuse', '--bind=/dev/loop-control', '--bind=/dev/loop0', '--bind=/dev/loop1', '--bind=/dev/loop2', '--bind=/dev/loop3', '--bind=/dev/loop4', '--bind=/dev/loop5', '--bind=/dev/loop6', '--bind=/dev/loop7', '--bind=/dev/loop8', '--bind=/dev/loop9', '--bind=/dev/loop10', '--bind=/dev/loop11']
Executing command: ['/usr/bin/systemd-nspawn', '-q', '-M', 'f1913e231e8a40e9bd1893e8cc0cc9ad', '-D', '/var/lib/mock/f41-build-59362116-6573023/root', '-a', '-u', 'mockbuild', '--capability=cap_ipc_lock', '--rlimit=RLIMIT_CORE=infinity', '--bind=/tmp/mock-resolv.u5qwqi5l:/etc/resolv.conf', '--bind=/dev/btrfs-control', '--bind=/dev/mapper/control', '--bind=/dev/fuse', '--bind=/dev/loop-control', '--bind=/dev/loop0', '--bind=/dev/loop1', '--bind=/dev/loop2', '--bind=/dev/loop3', '--bind=/dev/loop4', '--bind=/dev/loop5', '--bind=/dev/loop6', '--bind=/dev/loop7', '--bind=/dev/loop8', '--bind=/dev/loop9', '--bind=/dev/loop10', '--bind=/dev/loop11', '--console=pipe', '--setenv=TERM=vt100', '--setenv=SHELL=/bin/bash', '--setenv=HOME=/builddir', '--setenv=HOSTNAME=mock', '--setenv=PATH=/usr/bin:/bin:/usr/sbin:/sbin', '--setenv=PROMPT_COMMAND=printf "\\033]0;<mock-chroot>\\007"', '--setenv=PS1=<mock-chroot> \\s-\\v\\$ ', '--setenv=LANG=C.UTF-8', '--resolv-conf=off', 'bash', '--login', '-c', '/usr/bin/rpmbuild -br --noprep --noclean --target noarch --nodeps /builddir/build/SPECS/DisplayCAL.spec'] with env {'TERM': 'vt100', 'SHELL': '/bin/bash', 'HOME': '/builddir', 'HOSTNAME': 'mock', 'PATH': '/usr/bin:/bin:/usr/sbin:/sbin', 'PROMPT_COMMAND': 'printf "\\033]0;<mock-chroot>\\007"', 'PS1': '<mock-chroot> \\s-\\v\\$ ', 'LANG': 'C.UTF-8', 'SYSTEMD_NSPAWN_TMPFS_TMP': '0', 'SYSTEMD_SECCOMP': '0'} and shell False
Building target platforms: noarch
Building for target noarch
setting SOURCE_DATE_EPOCH=1746403200
Executing(%generate_buildrequires): /bin/sh -e /var/tmp/rpm-tmp.TNKIRT
+ umask 022
+ cd /builddir/build/BUILD/DisplayCAL-3.9.16-build
+ cd displaycal-3.9.16
+ echo pyproject-rpm-macros
+ echo python3-devel
+ echo 'python3dist(packaging)'
+ echo 'python3dist(pip) >= 19'
+ '[' -f pyproject.toml ']'
+ echo '(python3dist(tomli) if python3-devel < 3.11)'
+ rm -rfv '*.dist-info/'
+ '[' -f /usr/bin/python3 ']'
+ mkdir -p /builddir/build/BUILD/DisplayCAL-3.9.16-build/displaycal-3.9.16/.pyproject-builddir
+ echo -n
+ CFLAGS='-O2 -flto=auto -ffat-lto-objects -fexceptions -g -grecord-gcc-switches -pipe -Wall -Werror=format-security -Wp,-U_FORTIFY_SOURCE,-D_FORTIFY_SOURCE=3 -Wp,-D_GLIBCXX_ASSERTIONS -specs=/usr/lib/rpm/redhat/redhat-hardened-cc1 -fstack-protector-strong -specs=/usr/lib/rpm/redhat/redhat-annobin-cc1  -mbranch-protection=standard -fasynchronous-unwind-tables -fstack-clash-protection -fno-omit-frame-pointer -mno-omit-leaf-frame-pointer '
+ CXXFLAGS='-O2 -flto=auto -ffat-lto-objects -fexceptions -g -grecord-gcc-switches -pipe -Wall -Werror=format-security -Wp,-U_FORTIFY_SOURCE,-D_FORTIFY_SOURCE=3 -Wp,-D_GLIBCXX_ASSERTIONS -specs=/usr/lib/rpm/redhat/redhat-hardened-cc1 -fstack-protector-strong -specs=/usr/lib/rpm/redhat/redhat-annobin-cc1  -mbranch-protection=standard -fasynchronous-unwind-tables -fstack-clash-protection -fno-omit-frame-pointer -mno-omit-leaf-frame-pointer '
+ FFLAGS='-O2 -flto=auto -ffat-lto-objects -fexceptions -g -grecord-gcc-switches -pipe -Wall -Wp,-U_FORTIFY_SOURCE,-D_FORTIFY_SOURCE=3 -Wp,-D_GLIBCXX_ASSERTIONS -specs=/usr/lib/rpm/redhat/redhat-hardened-cc1 -fstack-protector-strong -specs=/usr/lib/rpm/redhat/redhat-annobin-cc1  -mbranch-protection=standard -fasynchronous-unwind-tables -fstack-clash-protection -fno-omit-frame-pointer -mno-omit-leaf-frame-pointer -I/usr/lib/gfortran/modules '
+ FCFLAGS='-O2 -flto=auto -ffat-lto-objects -fexceptions -g -grecord-gcc-switches -pipe -Wall -Wp,-U_FORTIFY_SOURCE,-D_FORTIFY_SOURCE=3 -Wp,-D_GLIBCXX_ASSERTIONS -specs=/usr/lib/rpm/redhat/redhat-hardened-cc1 -fstack-protector-strong -specs=/usr/lib/rpm/redhat/redhat-annobin-cc1  -mbranch-protection=standard -fasynchronous-unwind-tables -fstack-clash-protection -fno-omit-frame-pointer -mno-omit-leaf-frame-pointer -I/usr/lib/gfortran/modules '
+ VALAFLAGS=-g
+ RUSTFLAGS='-Copt-level=3 -Cdebuginfo=2 -Ccodegen-units=1 -Cstrip=none -Cforce-frame-pointers=yes --cap-lints=warn'
+ LDFLAGS='-Wl,-z,relro -Wl,--as-needed   -Wl,-z,now -specs=/usr/lib/rpm/redhat/redhat-hardened-ld -specs=/usr/lib/rpm/redhat/redhat-annobin-cc1  -Wl,--build-id=sha1  '
+ LT_SYS_LIBRARY_PATH=/usr/lib:
+ CC=gcc
+ CXX=g++
+ TMPDIR=/builddir/build/BUILD/DisplayCAL-3.9.16-build/displaycal-3.9.16/.pyproject-builddir
+ RPM_TOXENV=py313
+ FEDORA=41
+ HOSTNAME=rpmbuild
+ /usr/bin/python3 -Bs /usr/lib/rpm/redhat/pyproject_buildrequires.py --generate-extras --python3_pkgversion 3 --wheeldir /builddir/build/BUILD/DisplayCAL-3.9.16-build/displaycal-3.9.16/pyproject-wheeldir --output /builddir/build/BUILD/DisplayCAL-3.9.16-build/DisplayCAL-3.9.16-1.fc41.noarch-pyproject-buildrequires
Handling setuptools from build-system.requires
Requirement satisfied: setuptools
   (installed: setuptools 69.2.0)
Handling pywin32; platform_system=="Windows" from build-system.requires
Ignoring alien requirement: pywin32; platform_system=="Windows"
['egg_info']
*** /usr/lib/rpm/redhat/pyproject_buildrequires.py egg_info
using distutils
Fichiers ('share/DisplayCAL', ['/builddir/build/BUILD/DisplayCAL-3.9.16-build/displaycal-3.9.16/DisplayCAL/../misc/z-displaycal-apply-profiles.desktop'])
[('share/doc/DisplayCAL-3.9.16', ['CHANGES.html']), ('share/doc/DisplayCAL-3.9.16', ['README.html']), ('share/doc/DisplayCAL-3.9.16', ['README-fr.html']), ('share/doc/DisplayCAL-3.9.16/screenshots', ['screenshots/DisplayCAL-screenshot-GNOME-1024x576.png', 'screenshots/DisplayCAL-screenshot-GNOME-3.9.5-running_on_python3.10.png', 'screenshots/DisplayCAL-screenshot-GNOME-3DLUT-settings-thumb.png', 'screenshots/DisplayCAL-screenshot-GNOME-3DLUT-settings.png', 'screenshots/DisplayCAL-screenshot-GNOME-adjust-1024x576.png', 'screenshots/DisplayCAL-screenshot-GNOME-adjust-thumb.png', 'screenshots/DisplayCAL-screenshot-GNOME-adjust.png', 'screenshots/DisplayCAL-screenshot-GNOME-calibration-settings-thumb.png', 'screenshots/DisplayCAL-screenshot-GNOME-calibration-settings.png', 'screenshots/DisplayCAL-screenshot-GNOME-edit-testchart-thumb.png', 'screenshots/DisplayCAL-screenshot-GNOME-edit-testchart.png', 'screenshots/DisplayCAL-screenshot-GNOME-profile-information-thumb.png', 'screenshots/DisplayCAL-screenshot-GNOME-profile-information.png', 'screenshots/DisplayCAL-screenshot-GNOME-profiling-settings-thumb.png', 'screenshots/DisplayCAL-screenshot-GNOME-profiling-settings.png', 'screenshots/DisplayCAL-screenshot-GNOME-thumb.png', 'screenshots/DisplayCAL-screenshot-GNOME-verification-settings-thumb.png', 'screenshots/DisplayCAL-screenshot-GNOME-verification-settings.png', 'screenshots/DisplayCAL-screenshot-GNOME-view-curves-thumb.png', 'screenshots/DisplayCAL-screenshot-GNOME-view-curves.png', 'screenshots/DisplayCAL-screenshot-GNOME.png', 'screenshots/DisplayCAL-screenshot-KDE5-thumb.png', 'screenshots/DisplayCAL-screenshot-KDE5.png', 'screenshots/DisplayCAL-screenshot-Mac-thumb.png', 'screenshots/DisplayCAL-screenshot-Mac.png', 'screenshots/DisplayCAL-screenshot-Win10-thumb.png', 'screenshots/DisplayCAL-screenshot-Win10.png']), ('share/doc/DisplayCAL-3.9.16/theme', ['theme/DisplayCAL-adjust-reflection-GNOME.png', 'theme/DisplayCAL-adjust-reflection-Mac.png', 'theme/DisplayCAL-adjust-reflection.png', 'theme/DisplayCAL-main_window-reflection-GNOME.png', 'theme/DisplayCAL-main_window-reflection-Mac.png', 'theme/DisplayCAL-main_window-reflection.png', 'theme/DisplayCAL-main_window-shadow-GNOME.png', 'theme/DisplayCAL-main_window-shadow-Mac.png', 'theme/DisplayCAL-main_window-shadow.png', 'theme/bg.png', 'theme/icon-reflection.png', 'theme/list-dot.png']), ('share/doc/DisplayCAL-3.9.16/theme', ['theme/prism.css', 'theme/readme.css']), ('share/doc/DisplayCAL-3.9.16/theme', ['theme/jquery.js', 'theme/jquery.localscroll.js', 'theme/jquery.scrollTo.js', 'theme/prism.js', 'theme/readme.js']), ('share/doc/DisplayCAL-3.9.16/theme', ['theme/refresh.svg']), ('share/doc/DisplayCAL-3.9.16/theme/icons', ['theme/icons/favicon.ico']), ('share/doc/DisplayCAL-3.9.16/theme/slimbox2', ['theme/slimbox2/slimbox2.css']), ('share/doc/DisplayCAL-3.9.16/theme/slimbox2', ['theme/slimbox2/slimbox2.js']), ('share/doc/DisplayCAL-3.9.16', ['/builddir/build/BUILD/DisplayCAL-3.9.16-build/displaycal-3.9.16/DisplayCAL/../dist/copyright']), ('share/doc-base', ['/builddir/build/BUILD/DisplayCAL-3.9.16-build/displaycal-3.9.16/DisplayCAL/../misc/displaycal-readme']), ('share/doc/DisplayCAL-3.9.16', ['LICENSE.txt']), ('share/metainfo', ['dist/net.displaycal.DisplayCAL.appdata.xml']), ('share/DisplayCAL', ['DisplayCAL/beep.wav']), ('share/DisplayCAL', ['DisplayCAL/camera_shutter.wav']), ('share/DisplayCAL', ['DisplayCAL/ColorLookupTable.fx']), ('share/DisplayCAL/lang', ['DisplayCAL/lang/de.yaml', 'DisplayCAL/lang/en.yaml', 'DisplayCAL/lang/es.yaml', 'DisplayCAL/lang/fr.yaml', 'DisplayCAL/lang/it.yaml', 'DisplayCAL/lang/ko.yaml', 'DisplayCAL/lang/ru.yaml', 'DisplayCAL/lang/ukr.yaml', 'DisplayCAL/lang/zh_cn.yaml', 'DisplayCAL/lang/zh_hk.yaml']), ('share/DisplayCAL', ['DisplayCAL/linear.cal']), ('share/DisplayCAL', ['DisplayCAL/pnp.ids']), ('share/DisplayCAL/presets', ['DisplayCAL/presets/default.icc', 'DisplayCAL/presets/laptop.icc', 'DisplayCAL/presets/office_web.icc', 'DisplayCAL/presets/photo.icc', 'DisplayCAL/presets/sRGB.icc', 'DisplayCAL/presets/softproof.icc', 'DisplayCAL/presets/video.icc', 'DisplayCAL/presets/video_Prisma.icc', 'DisplayCAL/presets/video_ReShade.icc', 'DisplayCAL/presets/video_eeColor.icc', 'DisplayCAL/presets/video_madVR.icc', 'DisplayCAL/presets/video_madVR_ST2084.icc', 'DisplayCAL/presets/video_resolve.icc', 'DisplayCAL/presets/video_resolve_ST2084_clip.icc']), ('share/DisplayCAL', []), ('share/DisplayCAL/ref', ['DisplayCAL/ref/ColorCheckerDC.cie', 'DisplayCAL/ref/ColorCheckerSG.cie']), ('share/DisplayCAL/ref', ['DisplayCAL/ref/ClayRGB1998.gam', 'DisplayCAL/ref/SMPTE431_P3.gam', 'DisplayCAL/ref/sRGB.gam']), ('share/DisplayCAL/ref', ['DisplayCAL/ref/ACES.icm', 'DisplayCAL/ref/ACEScg.icm', "DisplayCAL/ref/DCDM X'Y'Z'.icm", 'DisplayCAL/ref/Rec2020_2084.icm', 'DisplayCAL/ref/Rec2020_HLG1000_cLUT.icm', 'DisplayCAL/ref/SMPTE240M.icm', 'DisplayCAL/ref/SMPTE431_P3_D65.icm', 'DisplayCAL/ref/SMPTE431_P3_D65_2084.icm', 'DisplayCAL/ref/SMPTE431_P3_D65_HLG1000_cLUT.icm', 'DisplayCAL/ref/XYZ D50 (ICC PCS encoding).icm', 'DisplayCAL/ref/XYZ D50.icm']), ('share/DisplayCAL/ref', ['DisplayCAL/ref/CMYK_IDEAlliance_ControlStrip_2009.ti1', 'DisplayCAL/ref/CMYK_IDEAlliance_ISO_12647-7_Control_Wedge_2013.ti1', 'DisplayCAL/ref/CMYK_ISO_12647-7_outer_gamut.ti1', 'DisplayCAL/ref/ISO_12646-2008_color_accuracy_and_gray_balance.ti1', 'DisplayCAL/ref/ISO_14861_color_accuracy_RGB318.ti1', 'DisplayCAL/ref/verify.ti1', 'DisplayCAL/ref/verify_extended.ti1', 'DisplayCAL/ref/verify_grayscale.ti1', 'DisplayCAL/ref/verify_large.ti1', 'DisplayCAL/ref/verify_video.ti1', 'DisplayCAL/ref/verify_video_extended.ti1', 'DisplayCAL/ref/verify_video_extended_hlg_p3_2020.ti1', 'DisplayCAL/ref/verify_video_extended_smpte2084_1000_p3_2020.ti1', 'DisplayCAL/ref/verify_video_extended_smpte2084_100_p3_2020.ti1', 'DisplayCAL/ref/verify_video_extended_smpte2084_200_p3_2020.ti1', 'DisplayCAL/ref/verify_video_extended_smpte2084_500_p3_2020.ti1', 'DisplayCAL/ref/verify_video_large.ti1', 'DisplayCAL/ref/verify_video_xl.ti1', 'DisplayCAL/ref/verify_video_xxl.ti1', 'DisplayCAL/ref/verify_video_xxxl.ti1', 'DisplayCAL/ref/verify_xl.ti1', 'DisplayCAL/ref/verify_xxl.ti1', 'DisplayCAL/ref/verify_xxxl.ti1']), ('share/DisplayCAL/report', ['DisplayCAL/report/base.css', 'DisplayCAL/report/compare.css', 'DisplayCAL/report/print.css']), ('share/DisplayCAL/report', ['DisplayCAL/report/report.html', 'DisplayCAL/report/uniformity.html']), ('share/DisplayCAL/report', ['DisplayCAL/report/compare.constants.js', 'DisplayCAL/report/compare.functions.js', 'DisplayCAL/report/compare.init.js', 'DisplayCAL/report/compare.variables.js', 'DisplayCAL/report/jsapi-packages.js', 'DisplayCAL/report/jsapi-patches.js', 'DisplayCAL/report/uniformity.functions.js']), ('share/DisplayCAL', ['DisplayCAL/test.cal']), ('share/DisplayCAL/theme', ['theme/DisplayCAL-adjust-reflection-GNOME.png', 'theme/DisplayCAL-adjust-reflection-Mac.png', 'theme/DisplayCAL-adjust-reflection.png', 'theme/DisplayCAL-main_window-reflection-GNOME.png', 'theme/DisplayCAL-main_window-reflection-Mac.png', 'theme/DisplayCAL-main_window-reflection.png', 'theme/DisplayCAL-main_window-shadow-GNOME.png', 'theme/DisplayCAL-main_window-shadow-Mac.png', 'theme/DisplayCAL-main_window-shadow.png', 'theme/bg.png', 'theme/icon-reflection.png', 'theme/list-dot.png', 'DisplayCAL/theme/checkerboard-10x10x2-333-444.png', 'DisplayCAL/theme/checkerboard-32x32x5-333-444.png', 'DisplayCAL/theme/colorwheel.png', 'DisplayCAL/theme/copr-team@redhat.com', 'DisplayCAL/theme/cross-2px-12x12-fff.png', 'DisplayCAL/theme/dashed-16x2-666.png', 'DisplayCAL/theme/dropdown-arrow.png', 'DisplayCAL/theme/copr-team@redhat.com', 'DisplayCAL/theme/gradient.png', 'DisplayCAL/theme/header.png', 'DisplayCAL/theme/copr-team@redhat.com', 'DisplayCAL/theme/header_minimal.png', 'DisplayCAL/theme/copr-team@redhat.com', 'DisplayCAL/theme/headericon.png', 'DisplayCAL/theme/copr-team@redhat.com', 'DisplayCAL/theme/marker_btm.png', 'DisplayCAL/theme/copr-team@redhat.com', 'DisplayCAL/theme/marker_top.png', 'DisplayCAL/theme/copr-team@redhat.com', 'DisplayCAL/theme/sash-left.png', 'DisplayCAL/theme/sash-right.png', 'DisplayCAL/theme/sash.png', 'DisplayCAL/theme/shadow-bordertop.png', 'DisplayCAL/theme/shadow.png', 'DisplayCAL/theme/solid-16x1-fff.png', 'DisplayCAL/theme/solid-16x2-666.png', 'DisplayCAL/theme/splash-mask.png', 'DisplayCAL/theme/splash.png', 'DisplayCAL/theme/splash_version.png', 'DisplayCAL/theme/tab_hilite.png', 'DisplayCAL/theme/copr-team@redhat.com', 'DisplayCAL/theme/tab_selected.png', 'DisplayCAL/theme/copr-team@redhat.com', 'DisplayCAL/theme/x-2px-12x12-999.png', 'DisplayCAL/theme/copr-team@redhat.com']), ('share/DisplayCAL/theme', ['DisplayCAL/theme/beep_boop.wav', 'DisplayCAL/theme/engine_hum_loop.wav', 'DisplayCAL/theme/intro_new.wav', 'DisplayCAL/theme/pulsing_loop.wav']), ('share/DisplayCAL/theme/jet_anim', ['DisplayCAL/theme/jet_anim/jet_anim_01.png', 'DisplayCAL/theme/jet_anim/jet_anim_02.png', 'DisplayCAL/theme/jet_anim/jet_anim_03.png', 'DisplayCAL/theme/jet_anim/jet_anim_04.png', 'DisplayCAL/theme/jet_anim/jet_anim_05.png', 'DisplayCAL/theme/jet_anim/jet_anim_06.png', 'DisplayCAL/theme/jet_anim/jet_anim_07.png', 'DisplayCAL/theme/jet_anim/jet_anim_08.png']), ('share/DisplayCAL/theme/patch_anim', ['DisplayCAL/theme/patch_anim/patch_anim_01.png', 'DisplayCAL/theme/patch_anim/patch_anim_02.png', 'DisplayCAL/theme/patch_anim/patch_anim_03.png', 'DisplayCAL/theme/patch_anim/patch_anim_04.png', 'DisplayCAL/theme/patch_anim/patch_anim_05.png', 'DisplayCAL/theme/patch_anim/patch_anim_06.png', 'DisplayCAL/theme/patch_anim/patch_anim_07.png', 'DisplayCAL/theme/patch_anim/patch_anim_08.png', 'DisplayCAL/theme/patch_anim/patch_anim_09.png']), ('share/DisplayCAL/theme/splash_anim', ['DisplayCAL/theme/splash_anim/splash_anim_01.png', 'DisplayCAL/theme/splash_anim/splash_anim_02.png', 'DisplayCAL/theme/splash_anim/splash_anim_03.png', 'DisplayCAL/theme/splash_anim/splash_anim_04.png', 'DisplayCAL/theme/splash_anim/splash_anim_05.png', 'DisplayCAL/theme/splash_anim/splash_anim_06.png', 'DisplayCAL/theme/splash_anim/splash_anim_07.png', 'DisplayCAL/theme/splash_anim/splash_anim_08.png', 'DisplayCAL/theme/splash_anim/splash_anim_09.png', 'DisplayCAL/theme/splash_anim/splash_anim_10.png', 'DisplayCAL/theme/splash_anim/splash_anim_11.png', 'DisplayCAL/theme/splash_anim/splash_anim_12.png', 'DisplayCAL/theme/splash_anim/splash_anim_13.png', 'DisplayCAL/theme/splash_anim/splash_anim_14.png', 'DisplayCAL/theme/splash_anim/splash_anim_15.png', 'DisplayCAL/theme/splash_anim/splash_anim_16.png']), ('share/DisplayCAL/theme/shutter_anim', ['DisplayCAL/theme/shutter_anim/shutter_anim_01.png', 'DisplayCAL/theme/shutter_anim/shutter_anim_02.png', 'DisplayCAL/theme/shutter_anim/shutter_anim_03.png', 'DisplayCAL/theme/shutter_anim/shutter_anim_04.png', 'DisplayCAL/theme/shutter_anim/shutter_anim_05.png', 'DisplayCAL/theme/shutter_anim/shutter_anim_06.png', 'DisplayCAL/theme/shutter_anim/shutter_anim_07.png', 'DisplayCAL/theme/shutter_anim/shutter_anim_08.png', 'DisplayCAL/theme/shutter_anim/shutter_anim_09.png', 'DisplayCAL/theme/shutter_anim/shutter_anim_10.png']), ('share/DisplayCAL/ti1', ['DisplayCAL/ti1/ccxx.ti1', 'DisplayCAL/ti1/d3-e4-s17-g52-m17-b0-f0.ti1', 'DisplayCAL/ti1/d3-e4-s2-g28-m0-b0-f0.ti1', 'DisplayCAL/ti1/d3-e4-s3-g52-m3-b0-f0.ti1', 'DisplayCAL/ti1/d3-e4-s4-g52-m4-b0-f0.ti1', 'DisplayCAL/ti1/d3-e4-s5-g52-m5-b0-f0.ti1', 'DisplayCAL/ti1/d3-e4-s9-g52-m9-b0-f0.ti1']), ('share/DisplayCAL/x3d-viewer', ['DisplayCAL/x3d-viewer/x3d-viewer.css']), ('share/DisplayCAL/x3d-viewer', ['DisplayCAL/x3d-viewer/x3d-viewer.html']), ('share/DisplayCAL/x3d-viewer', ['DisplayCAL/x3d-viewer/x3d-viewer.js']), ('share/DisplayCAL/xrc', ['DisplayCAL/xrc/3dlut.xrc', 'DisplayCAL/xrc/extra.xrc', 'DisplayCAL/xrc/gamap.xrc', 'DisplayCAL/xrc/main.xrc', 'DisplayCAL/xrc/report.xrc', 'DisplayCAL/xrc/synthicc.xrc', 'DisplayCAL/xrc/mainmenu.xrc']), ('share/DisplayCAL/tests', []), ('share/applications', ['/builddir/build/BUILD/DisplayCAL-3.9.16-build/displaycal-3.9.16/DisplayCAL/../misc/displaycal.desktop', '/builddir/build/BUILD/DisplayCAL-3.9.16-build/displaycal-3.9.16/DisplayCAL/../misc/displaycal-3dlut-maker.desktop', '/builddir/build/BUILD/DisplayCAL-3.9.16-build/displaycal-3.9.16/DisplayCAL/../misc/displaycal-apply-profiles.desktop', '/builddir/build/BUILD/DisplayCAL-3.9.16-build/displaycal-3.9.16/DisplayCAL/../misc/displaycal-curve-viewer.desktop', '/builddir/build/BUILD/DisplayCAL-3.9.16-build/displaycal-3.9.16/DisplayCAL/../misc/displaycal-profile-info.desktop', '/builddir/build/BUILD/DisplayCAL-3.9.16-build/displaycal-3.9.16/DisplayCAL/../misc/displaycal-scripting-client.desktop', '/builddir/build/BUILD/DisplayCAL-3.9.16-build/displaycal-3.9.16/DisplayCAL/../misc/displaycal-synthprofile.desktop', '/builddir/build/BUILD/DisplayCAL-3.9.16-build/displaycal-3.9.16/DisplayCAL/../misc/displaycal-testchart-editor.desktop', '/builddir/build/BUILD/DisplayCAL-3.9.16-build/displaycal-3.9.16/DisplayCAL/../misc/displaycal-vrml-to-x3d-converter.desktop']), ('share/DisplayCAL', ['/builddir/build/BUILD/DisplayCAL-3.9.16-build/displaycal-3.9.16/DisplayCAL/../misc/z-displaycal-apply-profiles.desktop']), ('share/man/man1', ['/builddir/build/BUILD/DisplayCAL-3.9.16-build/displaycal-3.9.16/DisplayCAL/../man/displaycal-3dlut-maker.1', '/builddir/build/BUILD/DisplayCAL-3.9.16-build/displaycal-3.9.16/DisplayCAL/../man/displaycal-apply-profiles.1', '/builddir/build/BUILD/DisplayCAL-3.9.16-build/displaycal-3.9.16/DisplayCAL/../man/displaycal-curve-viewer.1', '/builddir/build/BUILD/DisplayCAL-3.9.16-build/displaycal-3.9.16/DisplayCAL/../man/displaycal-profile-info.1', '/builddir/build/BUILD/DisplayCAL-3.9.16-build/displaycal-3.9.16/DisplayCAL/../man/displaycal-scripting-client.1', '/builddir/build/BUILD/DisplayCAL-3.9.16-build/displaycal-3.9.16/DisplayCAL/../man/displaycal-synthprofile.1', '/builddir/build/BUILD/DisplayCAL-3.9.16-build/displaycal-3.9.16/DisplayCAL/../man/displaycal-testchart-editor.1', '/builddir/build/BUILD/DisplayCAL-3.9.16-build/displaycal-3.9.16/DisplayCAL/../man/displaycal-vrml-to-x3d-converter.1', '/builddir/build/BUILD/DisplayCAL-3.9.16-build/displaycal-3.9.16/DisplayCAL/../man/displaycal.1']), ('share/DisplayCAL/theme/icons/10x10', ['/builddir/build/BUILD/DisplayCAL-3.9.16-build/displaycal-3.9.16/DisplayCAL/theme/icons/10x10/back.png', '/builddir/build/BUILD/DisplayCAL-3.9.16-build/displaycal-3.9.16/DisplayCAL/theme/icons/10x10/copr-team@redhat.com', '/builddir/build/BUILD/DisplayCAL-3.9.16-build/displaycal-3.9.16/DisplayCAL/theme/icons/10x10/pause.png', '/builddir/build/BUILD/DisplayCAL-3.9.16-build/displaycal-3.9.16/DisplayCAL/theme/icons/10x10/copr-team@redhat.com', '/builddir/build/BUILD/DisplayCAL-3.9.16-build/displaycal-3.9.16/DisplayCAL/theme/icons/10x10/play.png', '/builddir/build/BUILD/DisplayCAL-3.9.16-build/displaycal-3.9.16/DisplayCAL/theme/icons/10x10/copr-team@redhat.com', '/builddir/build/BUILD/DisplayCAL-3.9.16-build/displaycal-3.9.16/DisplayCAL/theme/icons/10x10/record.png', '/builddir/build/BUILD/DisplayCAL-3.9.16-build/displaycal-3.9.16/DisplayCAL/theme/icons/10x10/copr-team@redhat.com', '/builddir/build/BUILD/DisplayCAL-3.9.16-build/displaycal-3.9.16/DisplayCAL/theme/icons/10x10/record_outline.png', '/builddir/build/BUILD/DisplayCAL-3.9.16-build/displaycal-3.9.16/DisplayCAL/theme/icons/10x10/copr-team@redhat.com', '/builddir/build/BUILD/DisplayCAL-3.9.16-build/displaycal-3.9.16/DisplayCAL/theme/icons/10x10/skip.png', '/builddir/build/BUILD/DisplayCAL-3.9.16-build/displaycal-3.9.16/DisplayCAL/theme/icons/10x10/copr-team@redhat.com', '/builddir/build/BUILD/DisplayCAL-3.9.16-build/displaycal-3.9.16/DisplayCAL/theme/icons/10x10/spin_down.png', '/builddir/build/BUILD/DisplayCAL-3.9.16-build/displaycal-3.9.16/DisplayCAL/theme/icons/10x10/copr-team@redhat.com', '/builddir/build/BUILD/DisplayCAL-3.9.16-build/displaycal-3.9.16/DisplayCAL/theme/icons/10x10/spin_up.png', '/builddir/build/BUILD/DisplayCAL-3.9.16-build/displaycal-3.9.16/DisplayCAL/theme/icons/10x10/copr-team@redhat.com']), ('share/DisplayCAL/theme/icons/16x16', ['/builddir/build/BUILD/DisplayCAL-3.9.16-build/displaycal-3.9.16/DisplayCAL/theme/icons/16x16/3D.png', '/builddir/build/BUILD/DisplayCAL-3.9.16-build/displaycal-3.9.16/DisplayCAL/theme/icons/16x16/copr-team@redhat.com', '/builddir/build/BUILD/DisplayCAL-3.9.16-build/displaycal-3.9.16/DisplayCAL/theme/icons/16x16/applications-system.png', '/builddir/build/BUILD/DisplayCAL-3.9.16-build/displaycal-3.9.16/DisplayCAL/theme/icons/16x16/copr-team@redhat.com', '/builddir/build/BUILD/DisplayCAL-3.9.16-build/displaycal-3.9.16/DisplayCAL/theme/icons/16x16/apply-profiles-error.png', '/builddir/build/BUILD/DisplayCAL-3.9.16-build/displaycal-3.9.16/DisplayCAL/theme/icons/16x16/copr-team@redhat.com', '/builddir/build/BUILD/DisplayCAL-3.9.16-build/displaycal-3.9.16/DisplayCAL/theme/icons/16x16/apply-profiles-reset.png', '/builddir/build/BUILD/DisplayCAL-3.9.16-build/displaycal-3.9.16/DisplayCAL/theme/icons/16x16/copr-team@redhat.com', '/builddir/build/BUILD/DisplayCAL-3.9.16-build/displaycal-3.9.16/DisplayCAL/theme/icons/16x16/apply-profiles-tray-135.png', '/builddir/build/BUILD/DisplayCAL-3.9.16-build/displaycal-3.9.16/DisplayCAL/theme/icons/16x16/apply-profiles-tray-180.png', '/builddir/build/BUILD/DisplayCAL-3.9.16-build/displaycal-3.9.16/DisplayCAL/theme/icons/16x16/apply-profiles-tray-225.png', '/builddir/build/BUILD/DisplayCAL-3.9.16-build/displaycal-3.9.16/DisplayCAL/theme/icons/16x16/apply-profiles-tray-270.png', '/builddir/build/BUILD/DisplayCAL-3.9.16-build/displaycal-3.9.16/DisplayCAL/theme/icons/16x16/apply-profiles-tray-315.png', '/builddir/build/BUILD/DisplayCAL-3.9.16-build/displaycal-3.9.16/DisplayCAL/theme/icons/16x16/apply-profiles-tray-45.png', '/builddir/build/BUILD/DisplayCAL-3.9.16-build/displaycal-3.9.16/DisplayCAL/theme/icons/16x16/apply-profiles-tray-90.png', '/builddir/build/BUILD/DisplayCAL-3.9.16-build/displaycal-3.9.16/DisplayCAL/theme/icons/16x16/apply-profiles-tray.png', '/builddir/build/BUILD/DisplayCAL-3.9.16-build/displaycal-3.9.16/DisplayCAL/theme/icons/16x16/black_level.png', '/builddir/build/BUILD/DisplayCAL-3.9.16-build/displaycal-3.9.16/DisplayCAL/theme/icons/16x16/copr-team@redhat.com', '/builddir/build/BUILD/DisplayCAL-3.9.16-build/displaycal-3.9.16/DisplayCAL/theme/icons/16x16/black_point.png', '/builddir/build/BUILD/DisplayCAL-3.9.16-build/displaycal-3.9.16/DisplayCAL/theme/icons/16x16/copr-team@redhat.com', '/builddir/build/BUILD/DisplayCAL-3.9.16-build/displaycal-3.9.16/DisplayCAL/theme/icons/16x16/button-pin.png', '/builddir/build/BUILD/DisplayCAL-3.9.16-build/displaycal-3.9.16/DisplayCAL/theme/icons/16x16/copr-team@redhat.com', '/builddir/build/BUILD/DisplayCAL-3.9.16-build/displaycal-3.9.16/DisplayCAL/theme/icons/16x16/checkmark.png', '/builddir/build/BUILD/DisplayCAL-3.9.16-build/displaycal-3.9.16/DisplayCAL/theme/icons/16x16/copr-team@redhat.com', '/builddir/build/BUILD/DisplayCAL-3.9.16-build/displaycal-3.9.16/DisplayCAL/theme/icons/16x16/color.png', '/builddir/build/BUILD/DisplayCAL-3.9.16-build/displaycal-3.9.16/DisplayCAL/theme/icons/16x16/copr-team@redhat.com', '/builddir/build/BUILD/DisplayCAL-3.9.16-build/displaycal-3.9.16/DisplayCAL/theme/icons/16x16/contrast.png', '/builddir/build/BUILD/DisplayCAL-3.9.16-build/displaycal-3.9.16/DisplayCAL/theme/icons/16x16/copr-team@redhat.com', '/builddir/build/BUILD/DisplayCAL-3.9.16-build/displaycal-3.9.16/DisplayCAL/theme/icons/16x16/dialog-information.png', '/builddir/build/BUILD/DisplayCAL-3.9.16-build/displaycal-3.9.16/DisplayCAL/theme/icons/16x16/dialog-warning.png', '/builddir/build/BUILD/DisplayCAL-3.9.16-build/displaycal-3.9.16/DisplayCAL/theme/icons/16x16/document-open.png', '/builddir/build/BUILD/DisplayCAL-3.9.16-build/displaycal-3.9.16/DisplayCAL/theme/icons/16x16/copr-team@redhat.com', '/builddir/build/BUILD/DisplayCAL-3.9.16-build/displaycal-3.9.16/DisplayCAL/theme/icons/16x16/copr-team@redhat.com', '/builddir/build/BUILD/DisplayCAL-3.9.16-build/displaycal-3.9.16/DisplayCAL/theme/icons/16x16/document-save-as.png', '/builddir/build/BUILD/DisplayCAL-3.9.16-build/displaycal-3.9.16/DisplayCAL/theme/icons/16x16/copr-team@redhat.com', '/builddir/build/BUILD/DisplayCAL-3.9.16-build/displaycal-3.9.16/DisplayCAL/theme/icons/16x16/edit-delete.png', '/builddir/build/BUILD/DisplayCAL-3.9.16-build/displaycal-3.9.16/DisplayCAL/theme/icons/16x16/copr-team@redhat.com', '/builddir/build/BUILD/DisplayCAL-3.9.16-build/displaycal-3.9.16/DisplayCAL/theme/icons/16x16/copr-team@redhat.com', '/builddir/build/BUILD/DisplayCAL-3.9.16-build/displaycal-3.9.16/DisplayCAL/theme/icons/16x16/image-x-generic.png', '/builddir/build/BUILD/DisplayCAL-3.9.16-build/displaycal-3.9.16/DisplayCAL/theme/icons/16x16/copr-team@redhat.com', '/builddir/build/BUILD/DisplayCAL-3.9.16-build/displaycal-3.9.16/DisplayCAL/theme/icons/16x16/info.png', '/builddir/build/BUILD/DisplayCAL-3.9.16-build/displaycal-3.9.16/DisplayCAL/theme/icons/16x16/copr-team@redhat.com', '/builddir/build/BUILD/DisplayCAL-3.9.16-build/displaycal-3.9.16/DisplayCAL/theme/icons/16x16/copr-team@redhat.com', '/builddir/build/BUILD/DisplayCAL-3.9.16-build/displaycal-3.9.16/DisplayCAL/theme/icons/16x16/install.png', '/builddir/build/BUILD/DisplayCAL-3.9.16-build/displaycal-3.9.16/DisplayCAL/theme/icons/16x16/copr-team@redhat.com', '/builddir/build/BUILD/DisplayCAL-3.9.16-build/displaycal-3.9.16/DisplayCAL/theme/icons/16x16/copr-team@redhat.com', '/builddir/build/BUILD/DisplayCAL-3.9.16-build/displaycal-3.9.16/DisplayCAL/theme/icons/16x16/list-add.png', '/builddir/build/BUILD/DisplayCAL-3.9.16-build/displaycal-3.9.16/DisplayCAL/theme/icons/16x16/copr-team@redhat.com', '/builddir/build/BUILD/DisplayCAL-3.9.16-build/displaycal-3.9.16/DisplayCAL/theme/icons/16x16/copr-team@redhat.com', '/builddir/build/BUILD/DisplayCAL-3.9.16-build/displaycal-3.9.16/DisplayCAL/theme/icons/16x16/luminance.png', '/builddir/build/BUILD/DisplayCAL-3.9.16-build/displaycal-3.9.16/DisplayCAL/theme/icons/16x16/copr-team@redhat.com', '/builddir/build/BUILD/DisplayCAL-3.9.16-build/displaycal-3.9.16/DisplayCAL/theme/icons/16x16/package-x-generic.png', '/builddir/build/BUILD/DisplayCAL-3.9.16-build/displaycal-3.9.16/DisplayCAL/theme/icons/16x16/copr-team@redhat.com', '/builddir/build/BUILD/DisplayCAL-3.9.16-build/displaycal-3.9.16/DisplayCAL/theme/icons/16x16/copr-team@redhat.com', '/builddir/build/BUILD/DisplayCAL-3.9.16-build/displaycal-3.9.16/DisplayCAL/theme/icons/16x16/palette-black.png', '/builddir/build/BUILD/DisplayCAL-3.9.16-build/displaycal-3.9.16/DisplayCAL/theme/icons/16x16/copr-team@redhat.com', '/builddir/build/BUILD/DisplayCAL-3.9.16-build/displaycal-3.9.16/DisplayCAL/theme/icons/16x16/palette-white.png', '/builddir/build/BUILD/DisplayCAL-3.9.16-build/displaycal-3.9.16/DisplayCAL/theme/icons/16x16/copr-team@redhat.com', '/builddir/build/BUILD/DisplayCAL-3.9.16-build/displaycal-3.9.16/DisplayCAL/theme/icons/16x16/question.png', '/builddir/build/BUILD/DisplayCAL-3.9.16-build/displaycal-3.9.16/DisplayCAL/theme/icons/16x16/copr-team@redhat.com', '/builddir/build/BUILD/DisplayCAL-3.9.16-build/displaycal-3.9.16/DisplayCAL/theme/icons/16x16/rgb_gain_blue.png', '/builddir/build/BUILD/DisplayCAL-3.9.16-build/displaycal-3.9.16/DisplayCAL/theme/icons/16x16/rgb_gain_green.png', '/builddir/build/BUILD/DisplayCAL-3.9.16-build/displaycal-3.9.16/DisplayCAL/theme/icons/16x16/rgb_gain_red.png', '/builddir/build/BUILD/DisplayCAL-3.9.16-build/displaycal-3.9.16/DisplayCAL/theme/icons/16x16/rgb_offset_blue.png', '/builddir/build/BUILD/DisplayCAL-3.9.16-build/displaycal-3.9.16/DisplayCAL/theme/icons/16x16/rgb_offset_green.png', '/builddir/build/BUILD/DisplayCAL-3.9.16-build/displaycal-3.9.16/DisplayCAL/theme/icons/16x16/rgb_offset_red.png', '/builddir/build/BUILD/DisplayCAL-3.9.16-build/displaycal-3.9.16/DisplayCAL/theme/icons/16x16/rgbsquares.png', '/builddir/build/BUILD/DisplayCAL-3.9.16-build/displaycal-3.9.16/DisplayCAL/theme/icons/16x16/copr-team@redhat.com', '/builddir/build/BUILD/DisplayCAL-3.9.16-build/displaycal-3.9.16/DisplayCAL/theme/icons/16x16/sound_off.png', '/builddir/build/BUILD/DisplayCAL-3.9.16-build/displaycal-3.9.16/DisplayCAL/theme/icons/16x16/copr-team@redhat.com', '/builddir/build/BUILD/DisplayCAL-3.9.16-build/displaycal-3.9.16/DisplayCAL/theme/icons/16x16/sound_volume_full.png', '/builddir/build/BUILD/DisplayCAL-3.9.16-build/displaycal-3.9.16/DisplayCAL/theme/icons/16x16/copr-team@redhat.com', '/builddir/build/BUILD/DisplayCAL-3.9.16-build/displaycal-3.9.16/DisplayCAL/theme/icons/16x16/spectral_curves.png', '/builddir/build/BUILD/DisplayCAL-3.9.16-build/displaycal-3.9.16/DisplayCAL/theme/icons/16x16/copr-team@redhat.com', '/builddir/build/BUILD/DisplayCAL-3.9.16-build/displaycal-3.9.16/DisplayCAL/theme/icons/16x16/start.png', '/builddir/build/BUILD/DisplayCAL-3.9.16-build/displaycal-3.9.16/DisplayCAL/theme/icons/16x16/copr-team@redhat.com', '/builddir/build/BUILD/DisplayCAL-3.9.16-build/displaycal-3.9.16/DisplayCAL/theme/icons/16x16/stock_3d-color-picker.png', '/builddir/build/BUILD/DisplayCAL-3.9.16-build/displaycal-3.9.16/DisplayCAL/theme/icons/16x16/copr-team@redhat.com', '/builddir/build/BUILD/DisplayCAL-3.9.16-build/displaycal-3.9.16/DisplayCAL/theme/icons/16x16/stock_lock-open.png', '/builddir/build/BUILD/DisplayCAL-3.9.16-build/displaycal-3.9.16/DisplayCAL/theme/icons/16x16/copr-team@redhat.com', '/builddir/build/BUILD/DisplayCAL-3.9.16-build/displaycal-3.9.16/DisplayCAL/theme/icons/16x16/stock_lock.png', '/builddir/build/BUILD/DisplayCAL-3.9.16-build/displaycal-3.9.16/DisplayCAL/theme/icons/16x16/copr-team@redhat.com', '/builddir/build/BUILD/DisplayCAL-3.9.16-build/displaycal-3.9.16/DisplayCAL/theme/icons/16x16/stock_refresh.png', '/builddir/build/BUILD/DisplayCAL-3.9.16-build/displaycal-3.9.16/DisplayCAL/theme/icons/16x16/copr-team@redhat.com', '/builddir/build/BUILD/DisplayCAL-3.9.16-build/displaycal-3.9.16/DisplayCAL/theme/icons/16x16/web.png', '/builddir/build/BUILD/DisplayCAL-3.9.16-build/displaycal-3.9.16/DisplayCAL/theme/icons/16x16/copr-team@redhat.com', '/builddir/build/BUILD/DisplayCAL-3.9.16-build/displaycal-3.9.16/DisplayCAL/theme/icons/16x16/copr-team@redhat.com', '/builddir/build/BUILD/DisplayCAL-3.9.16-build/displaycal-3.9.16/DisplayCAL/theme/icons/16x16/white_point.png', '/builddir/build/BUILD/DisplayCAL-3.9.16-build/displaycal-3.9.16/DisplayCAL/theme/icons/16x16/copr-team@redhat.com', '/builddir/build/BUILD/DisplayCAL-3.9.16-build/displaycal-3.9.16/DisplayCAL/theme/icons/16x16/window-center-outline.png', '/builddir/build/BUILD/DisplayCAL-3.9.16-build/displaycal-3.9.16/DisplayCAL/theme/icons/16x16/copr-team@redhat.com', '/builddir/build/BUILD/DisplayCAL-3.9.16-build/displaycal-3.9.16/DisplayCAL/theme/icons/16x16/window-center.png', '/builddir/build/BUILD/DisplayCAL-3.9.16-build/displaycal-3.9.16/DisplayCAL/theme/icons/16x16/copr-team@redhat.com', '/builddir/build/BUILD/DisplayCAL-3.9.16-build/displaycal-3.9.16/DisplayCAL/theme/icons/16x16/x.png', '/builddir/build/BUILD/DisplayCAL-3.9.16-build/displaycal-3.9.16/DisplayCAL/theme/icons/16x16/copr-team@redhat.com', '/builddir/build/BUILD/DisplayCAL-3.9.16-build/displaycal-3.9.16/DisplayCAL/theme/icons/16x16/zoom-best-fit.png', '/builddir/build/BUILD/DisplayCAL-3.9.16-build/displaycal-3.9.16/DisplayCAL/theme/icons/16x16/copr-team@redhat.com', '/builddir/build/BUILD/DisplayCAL-3.9.16-build/displaycal-3.9.16/DisplayCAL/theme/icons/16x16/zoom-in.png', '/builddir/build/BUILD/DisplayCAL-3.9.16-build/displaycal-3.9.16/DisplayCAL/theme/icons/16x16/copr-team@redhat.com', '/builddir/build/BUILD/DisplayCAL-3.9.16-build/displaycal-3.9.16/DisplayCAL/theme/icons/16x16/zoom-original-outline.png', '/builddir/build/BUILD/DisplayCAL-3.9.16-build/displaycal-3.9.16/DisplayCAL/theme/icons/16x16/copr-team@redhat.com', '/builddir/build/BUILD/DisplayCAL-3.9.16-build/displaycal-3.9.16/DisplayCAL/theme/icons/16x16/zoom-original.png', '/builddir/build/BUILD/DisplayCAL-3.9.16-build/displaycal-3.9.16/DisplayCAL/theme/icons/16x16/copr-team@redhat.com', '/builddir/build/BUILD/DisplayCAL-3.9.16-build/displaycal-3.9.16/DisplayCAL/theme/icons/16x16/zoom-out.png', '/builddir/build/BUILD/DisplayCAL-3.9.16-build/displaycal-3.9.16/DisplayCAL/theme/icons/16x16/copr-team@redhat.com']), ('share/icons/hicolor/16x16/apps', ['/builddir/build/BUILD/DisplayCAL-3.9.16-build/displaycal-3.9.16/DisplayCAL/theme/icons/16x16/displaycal-3dlut-maker.png', '/builddir/build/BUILD/DisplayCAL-3.9.16-build/displaycal-3.9.16/DisplayCAL/theme/icons/16x16/displaycal-apply-profiles.png', '/builddir/build/BUILD/DisplayCAL-3.9.16-build/displaycal-3.9.16/DisplayCAL/theme/icons/16x16/displaycal-curve-viewer.png', '/builddir/build/BUILD/DisplayCAL-3.9.16-build/displaycal-3.9.16/DisplayCAL/theme/icons/16x16/displaycal-profile-info.png', '/builddir/build/BUILD/DisplayCAL-3.9.16-build/displaycal-3.9.16/DisplayCAL/theme/icons/16x16/displaycal-scripting-client.png', '/builddir/build/BUILD/DisplayCAL-3.9.16-build/displaycal-3.9.16/DisplayCAL/theme/icons/16x16/displaycal-synthprofile.png', '/builddir/build/BUILD/DisplayCAL-3.9.16-build/displaycal-3.9.16/DisplayCAL/theme/icons/16x16/displaycal-testchart-editor.png', '/builddir/build/BUILD/DisplayCAL-3.9.16-build/displaycal-3.9.16/DisplayCAL/theme/icons/16x16/displaycal-vrml-to-x3d-converter.png', '/builddir/build/BUILD/DisplayCAL-3.9.16-build/displaycal-3.9.16/DisplayCAL/theme/icons/16x16/displaycal.png']), ('share/icons/hicolor/22x22/apps', ['/builddir/build/BUILD/DisplayCAL-3.9.16-build/displaycal-3.9.16/DisplayCAL/theme/icons/22x22/displaycal-3dlut-maker.png', '/builddir/build/BUILD/DisplayCAL-3.9.16-build/displaycal-3.9.16/DisplayCAL/theme/icons/22x22/displaycal-apply-profiles.png', '/builddir/build/BUILD/DisplayCAL-3.9.16-build/displaycal-3.9.16/DisplayCAL/theme/icons/22x22/displaycal-curve-viewer.png', '/builddir/build/BUILD/DisplayCAL-3.9.16-build/displaycal-3.9.16/DisplayCAL/theme/icons/22x22/displaycal-profile-info.png', '/builddir/build/BUILD/DisplayCAL-3.9.16-build/displaycal-3.9.16/DisplayCAL/theme/icons/22x22/displaycal-scripting-client.png', '/builddir/build/BUILD/DisplayCAL-3.9.16-build/displaycal-3.9.16/DisplayCAL/theme/icons/22x22/displaycal-synthprofile.png', '/builddir/build/BUILD/DisplayCAL-3.9.16-build/displaycal-3.9.16/DisplayCAL/theme/icons/22x22/displaycal-testchart-editor.png', '/builddir/build/BUILD/DisplayCAL-3.9.16-build/displaycal-3.9.16/DisplayCAL/theme/icons/22x22/displaycal-vrml-to-x3d-converter.png', '/builddir/build/BUILD/DisplayCAL-3.9.16-build/displaycal-3.9.16/DisplayCAL/theme/icons/22x22/displaycal.png']), ('share/icons/hicolor/24x24/apps', ['/builddir/build/BUILD/DisplayCAL-3.9.16-build/displaycal-3.9.16/DisplayCAL/theme/icons/24x24/displaycal-3dlut-maker.png', '/builddir/build/BUILD/DisplayCAL-3.9.16-build/displaycal-3.9.16/DisplayCAL/theme/icons/24x24/displaycal-apply-profiles.png', '/builddir/build/BUILD/DisplayCAL-3.9.16-build/displaycal-3.9.16/DisplayCAL/theme/icons/24x24/displaycal-curve-viewer.png', '/builddir/build/BUILD/DisplayCAL-3.9.16-build/displaycal-3.9.16/DisplayCAL/theme/icons/24x24/displaycal-profile-info.png', '/builddir/build/BUILD/DisplayCAL-3.9.16-build/displaycal-3.9.16/DisplayCAL/theme/icons/24x24/displaycal-scripting-client.png', '/builddir/build/BUILD/DisplayCAL-3.9.16-build/displaycal-3.9.16/DisplayCAL/theme/icons/24x24/displaycal-synthprofile.png', '/builddir/build/BUILD/DisplayCAL-3.9.16-build/displaycal-3.9.16/DisplayCAL/theme/icons/24x24/displaycal-testchart-editor.png', '/builddir/build/BUILD/DisplayCAL-3.9.16-build/displaycal-3.9.16/DisplayCAL/theme/icons/24x24/displaycal-vrml-to-x3d-converter.png', '/builddir/build/BUILD/DisplayCAL-3.9.16-build/displaycal-3.9.16/DisplayCAL/theme/icons/24x24/displaycal.png']), ('share/DisplayCAL/theme/icons/32x32', ['/builddir/build/BUILD/DisplayCAL-3.9.16-build/displaycal-3.9.16/DisplayCAL/theme/icons/32x32/3dlut.png', '/builddir/build/BUILD/DisplayCAL-3.9.16-build/displaycal-3.9.16/DisplayCAL/theme/icons/32x32/copr-team@redhat.com', '/builddir/build/BUILD/DisplayCAL-3.9.16-build/displaycal-3.9.16/DisplayCAL/theme/icons/32x32/apply-profiles-tray-135.png', '/builddir/build/BUILD/DisplayCAL-3.9.16-build/displaycal-3.9.16/DisplayCAL/theme/icons/32x32/apply-profiles-tray-180.png', '/builddir/build/BUILD/DisplayCAL-3.9.16-build/displaycal-3.9.16/DisplayCAL/theme/icons/32x32/apply-profiles-tray-225.png', '/builddir/build/BUILD/DisplayCAL-3.9.16-build/displaycal-3.9.16/DisplayCAL/theme/icons/32x32/apply-profiles-tray-270.png', '/builddir/build/BUILD/DisplayCAL-3.9.16-build/displaycal-3.9.16/DisplayCAL/theme/icons/32x32/apply-profiles-tray-315.png', '/builddir/build/BUILD/DisplayCAL-3.9.16-build/displaycal-3.9.16/DisplayCAL/theme/icons/32x32/apply-profiles-tray-45.png', '/builddir/build/BUILD/DisplayCAL-3.9.16-build/displaycal-3.9.16/DisplayCAL/theme/icons/32x32/apply-profiles-tray-90.png', '/builddir/build/BUILD/DisplayCAL-3.9.16-build/displaycal-3.9.16/DisplayCAL/theme/icons/32x32/apply-profiles-tray.png', '/builddir/build/BUILD/DisplayCAL-3.9.16-build/displaycal-3.9.16/DisplayCAL/theme/icons/32x32/calibration.png', '/builddir/build/BUILD/DisplayCAL-3.9.16-build/displaycal-3.9.16/DisplayCAL/theme/icons/32x32/copr-team@redhat.com', '/builddir/build/BUILD/DisplayCAL-3.9.16-build/displaycal-3.9.16/DisplayCAL/theme/icons/32x32/clock.png', '/builddir/build/BUILD/DisplayCAL-3.9.16-build/displaycal-3.9.16/DisplayCAL/theme/icons/32x32/copr-team@redhat.com', '/builddir/build/BUILD/DisplayCAL-3.9.16-build/displaycal-3.9.16/DisplayCAL/theme/icons/32x32/dialog-error.png', '/builddir/build/BUILD/DisplayCAL-3.9.16-build/displaycal-3.9.16/DisplayCAL/theme/icons/32x32/copr-team@redhat.com', '/builddir/build/BUILD/DisplayCAL-3.9.16-build/displaycal-3.9.16/DisplayCAL/theme/icons/32x32/dialog-information.png', '/builddir/build/BUILD/DisplayCAL-3.9.16-build/displaycal-3.9.16/DisplayCAL/theme/icons/32x32/copr-team@redhat.com', '/builddir/build/BUILD/DisplayCAL-3.9.16-build/displaycal-3.9.16/DisplayCAL/theme/icons/32x32/dialog-ok.png', '/builddir/build/BUILD/DisplayCAL-3.9.16-build/displaycal-3.9.16/DisplayCAL/theme/icons/32x32/copr-team@redhat.com', '/builddir/build/BUILD/DisplayCAL-3.9.16-build/displaycal-3.9.16/DisplayCAL/theme/icons/32x32/dialog-question.png', '/builddir/build/BUILD/DisplayCAL-3.9.16-build/displaycal-3.9.16/DisplayCAL/theme/icons/32x32/copr-team@redhat.com', '/builddir/build/BUILD/DisplayCAL-3.9.16-build/displaycal-3.9.16/DisplayCAL/theme/icons/32x32/dialog-warning.png', '/builddir/build/BUILD/DisplayCAL-3.9.16-build/displaycal-3.9.16/DisplayCAL/theme/icons/32x32/copr-team@redhat.com', '/builddir/build/BUILD/DisplayCAL-3.9.16-build/displaycal-3.9.16/DisplayCAL/theme/icons/32x32/display-instrument.png', '/builddir/build/BUILD/DisplayCAL-3.9.16-build/displaycal-3.9.16/DisplayCAL/theme/icons/32x32/copr-team@redhat.com', '/builddir/build/BUILD/DisplayCAL-3.9.16-build/displaycal-3.9.16/DisplayCAL/theme/icons/32x32/display.png', '/builddir/build/BUILD/DisplayCAL-3.9.16-build/displaycal-3.9.16/DisplayCAL/theme/icons/32x32/copr-team@redhat.com', '/builddir/build/BUILD/DisplayCAL-3.9.16-build/displaycal-3.9.16/DisplayCAL/theme/icons/32x32/lock.png', '/builddir/build/BUILD/DisplayCAL-3.9.16-build/displaycal-3.9.16/DisplayCAL/theme/icons/32x32/copr-team@redhat.com', '/builddir/build/BUILD/DisplayCAL-3.9.16-build/displaycal-3.9.16/DisplayCAL/theme/icons/32x32/profiling.png', '/builddir/build/BUILD/DisplayCAL-3.9.16-build/displaycal-3.9.16/DisplayCAL/theme/icons/32x32/copr-team@redhat.com']), ('share/icons/hicolor/32x32/apps', ['/builddir/build/BUILD/DisplayCAL-3.9.16-build/displaycal-3.9.16/DisplayCAL/theme/icons/32x32/displaycal-3dlut-maker.png', '/builddir/build/BUILD/DisplayCAL-3.9.16-build/displaycal-3.9.16/DisplayCAL/theme/icons/32x32/displaycal-apply-profiles.png', '/builddir/build/BUILD/DisplayCAL-3.9.16-build/displaycal-3.9.16/DisplayCAL/theme/icons/32x32/displaycal-curve-viewer.png', '/builddir/build/BUILD/DisplayCAL-3.9.16-build/displaycal-3.9.16/DisplayCAL/theme/icons/32x32/displaycal-profile-info.png', '/builddir/build/BUILD/DisplayCAL-3.9.16-build/displaycal-3.9.16/DisplayCAL/theme/icons/32x32/displaycal-scripting-client.png', '/builddir/build/BUILD/DisplayCAL-3.9.16-build/displaycal-3.9.16/DisplayCAL/theme/icons/32x32/displaycal-synthprofile.png', '/builddir/build/BUILD/DisplayCAL-3.9.16-build/displaycal-3.9.16/DisplayCAL/theme/icons/32x32/displaycal-testchart-editor.png', '/builddir/build/BUILD/DisplayCAL-3.9.16-build/displaycal-3.9.16/DisplayCAL/theme/icons/32x32/displaycal-vrml-to-x3d-converter.png', '/builddir/build/BUILD/DisplayCAL-3.9.16-build/displaycal-3.9.16/DisplayCAL/theme/icons/32x32/displaycal.png']), ('share/icons/hicolor/48x48/apps', ['/builddir/build/BUILD/DisplayCAL-3.9.16-build/displaycal-3.9.16/DisplayCAL/theme/icons/48x48/displaycal-3dlut-maker.png', '/builddir/build/BUILD/DisplayCAL-3.9.16-build/displaycal-3.9.16/DisplayCAL/theme/icons/48x48/displaycal-apply-profiles.png', '/builddir/build/BUILD/DisplayCAL-3.9.16-build/displaycal-3.9.16/DisplayCAL/theme/icons/48x48/displaycal-curve-viewer.png', '/builddir/build/BUILD/DisplayCAL-3.9.16-build/displaycal-3.9.16/DisplayCAL/theme/icons/48x48/displaycal-profile-info.png', '/builddir/build/BUILD/DisplayCAL-3.9.16-build/displaycal-3.9.16/DisplayCAL/theme/icons/48x48/displaycal-scripting-client.png', '/builddir/build/BUILD/DisplayCAL-3.9.16-build/displaycal-3.9.16/DisplayCAL/theme/icons/48x48/displaycal-synthprofile.png', '/builddir/build/BUILD/DisplayCAL-3.9.16-build/displaycal-3.9.16/DisplayCAL/theme/icons/48x48/displaycal-testchart-editor.png', '/builddir/build/BUILD/DisplayCAL-3.9.16-build/displaycal-3.9.16/DisplayCAL/theme/icons/48x48/displaycal-vrml-to-x3d-converter.png', '/builddir/build/BUILD/DisplayCAL-3.9.16-build/displaycal-3.9.16/DisplayCAL/theme/icons/48x48/displaycal.png']), ('share/DisplayCAL/theme/icons/72x72', ['/builddir/build/BUILD/DisplayCAL-3.9.16-build/displaycal-3.9.16/DisplayCAL/theme/icons/72x72/black_luminance.png', '/builddir/build/BUILD/DisplayCAL-3.9.16-build/displaycal-3.9.16/DisplayCAL/theme/icons/72x72/copr-team@redhat.com', '/builddir/build/BUILD/DisplayCAL-3.9.16-build/displaycal-3.9.16/DisplayCAL/theme/icons/72x72/black_point.png', '/builddir/build/BUILD/DisplayCAL-3.9.16-build/displaycal-3.9.16/DisplayCAL/theme/icons/72x72/copr-team@redhat.com', '/builddir/build/BUILD/DisplayCAL-3.9.16-build/displaycal-3.9.16/DisplayCAL/theme/icons/72x72/check_all.png', '/builddir/build/BUILD/DisplayCAL-3.9.16-build/displaycal-3.9.16/DisplayCAL/theme/icons/72x72/copr-team@redhat.com', '/builddir/build/BUILD/DisplayCAL-3.9.16-build/displaycal-3.9.16/DisplayCAL/theme/icons/72x72/contrast.png', '/builddir/build/BUILD/DisplayCAL-3.9.16-build/displaycal-3.9.16/DisplayCAL/theme/icons/72x72/copr-team@redhat.com', '/builddir/build/BUILD/DisplayCAL-3.9.16-build/displaycal-3.9.16/DisplayCAL/theme/icons/72x72/luminance.png', '/builddir/build/BUILD/DisplayCAL-3.9.16-build/displaycal-3.9.16/DisplayCAL/theme/icons/72x72/copr-team@redhat.com', '/builddir/build/BUILD/DisplayCAL-3.9.16-build/displaycal-3.9.16/DisplayCAL/theme/icons/72x72/white_point.png', '/builddir/build/BUILD/DisplayCAL-3.9.16-build/displaycal-3.9.16/DisplayCAL/theme/icons/72x72/copr-team@redhat.com']), ('share/icons/hicolor/128x128/apps', ['/builddir/build/BUILD/DisplayCAL-3.9.16-build/displaycal-3.9.16/DisplayCAL/theme/icons/128x128/displaycal-3dlut-maker.png', '/builddir/build/BUILD/DisplayCAL-3.9.16-build/displaycal-3.9.16/DisplayCAL/theme/icons/128x128/displaycal-apply-profiles.png', '/builddir/build/BUILD/DisplayCAL-3.9.16-build/displaycal-3.9.16/DisplayCAL/theme/icons/128x128/displaycal-curve-viewer.png', '/builddir/build/BUILD/DisplayCAL-3.9.16-build/displaycal-3.9.16/DisplayCAL/theme/icons/128x128/displaycal-profile-info.png', '/builddir/build/BUILD/DisplayCAL-3.9.16-build/displaycal-3.9.16/DisplayCAL/theme/icons/128x128/displaycal-scripting-client.png', '/builddir/build/BUILD/DisplayCAL-3.9.16-build/displaycal-3.9.16/DisplayCAL/theme/icons/128x128/displaycal-synthprofile.png', '/builddir/build/BUILD/DisplayCAL-3.9.16-build/displaycal-3.9.16/DisplayCAL/theme/icons/128x128/displaycal-testchart-editor.png', '/builddir/build/BUILD/DisplayCAL-3.9.16-build/displaycal-3.9.16/DisplayCAL/theme/icons/128x128/displaycal-vrml-to-x3d-converter.png', '/builddir/build/BUILD/DisplayCAL-3.9.16-build/displaycal-3.9.16/DisplayCAL/theme/icons/128x128/displaycal.png']), ('share/DisplayCAL/theme/icons/256x256', ['/builddir/build/BUILD/DisplayCAL-3.9.16-build/displaycal-3.9.16/DisplayCAL/theme/icons/256x256/3d-primitives.png']), ('share/icons/hicolor/256x256/apps', ['/builddir/build/BUILD/DisplayCAL-3.9.16-build/displaycal-3.9.16/DisplayCAL/theme/icons/256x256/displaycal-3dlut-maker.png', '/builddir/build/BUILD/DisplayCAL-3.9.16-build/displaycal-3.9.16/DisplayCAL/theme/icons/256x256/displaycal-apply-profiles.png', '/builddir/build/BUILD/DisplayCAL-3.9.16-build/displaycal-3.9.16/DisplayCAL/theme/icons/256x256/displaycal-curve-viewer.png', '/builddir/build/BUILD/DisplayCAL-3.9.16-build/displaycal-3.9.16/DisplayCAL/theme/icons/256x256/displaycal-profile-info.png', '/builddir/build/BUILD/DisplayCAL-3.9.16-build/displaycal-3.9.16/DisplayCAL/theme/icons/256x256/displaycal-scripting-client.png', '/builddir/build/BUILD/DisplayCAL-3.9.16-build/displaycal-3.9.16/DisplayCAL/theme/icons/256x256/displaycal-synthprofile.png', '/builddir/build/BUILD/DisplayCAL-3.9.16-build/displaycal-3.9.16/DisplayCAL/theme/icons/256x256/displaycal-testchart-editor.png', '/builddir/build/BUILD/DisplayCAL-3.9.16-build/displaycal-3.9.16/DisplayCAL/theme/icons/256x256/displaycal-vrml-to-x3d-converter.png', '/builddir/build/BUILD/DisplayCAL-3.9.16-build/displaycal-3.9.16/DisplayCAL/theme/icons/256x256/displaycal.png']), ('share/DisplayCAL/theme/icons/512x512', ['/builddir/build/BUILD/DisplayCAL-3.9.16-build/displaycal-3.9.16/DisplayCAL/theme/icons/512x512/3d-primitives.png'])]Traceback (most recent call last):
  File "/usr/lib/rpm/redhat/pyproject_buildrequires.py", line 730, in main
    generate_requires(
    ~~~~~~~~~~~~~~~~~^
        include_runtime=args.runtime,
        ^^^^^^^^^^^^^^^^^^^^^^^^^^^^^
    ...<11 lines>...
        config_settings=parse_config_settings_args(args.config_settings),
        ^^^^^^^^^^^^^^^^^^^^^^^^^^^^^^^^^^^^^^^^^^^^^^^^^^^^^^^^^^^^^^^^^
    )
    ^
  File "/usr/lib/rpm/redhat/pyproject_buildrequires.py", line 612, in generate_requires
    generate_build_requirements(backend, requirements)
    ~~~~~~~~~~~~~~~~~~~~~~~~~~~^^^^^^^^^^^^^^^^^^^^^^^
  File "/usr/lib/rpm/redhat/pyproject_buildrequires.py", line 302, in generate_build_requirements
    new_reqs = get_requires(config_settings=requirements.config_settings)
  File "/usr/lib/python3.13/site-packages/setuptools/build_meta.py", line 325, in get_requires_for_build_wheel
    return self._get_build_requires(config_settings, requirements=['wheel'])
           ~~~~~~~~~~~~~~~~~~~~~~~~^^^^^^^^^^^^^^^^^^^^^^^^^^^^^^^^^^^^^^^^^
  File "/usr/lib/python3.13/site-packages/setuptools/build_meta.py", line 295, in _get_build_requires
    self.run_setup()
    ~~~~~~~~~~~~~~^^
  File "/usr/lib/python3.13/site-packages/setuptools/build_meta.py", line 311, in run_setup
    exec(code, locals())
    ~~~~^^^^^^^^^^^^^^^^
  File "<string>", line 1583, in <module>
  File "<string>", line 994, in setup
  File "/builddir/build/BUILD/DisplayCAL-3.9.16-build/displaycal-3.9.16/DisplayCAL/setup.py", line 1577, in setup
    setup(**attrs)
    ~~~~~^^^^^^^^^
  File "/usr/lib/python3.13/site-packages/setuptools/_distutils/core.py", line 159, in setup
    dist.parse_config_files()
    ~~~~~~~~~~~~~~~~~~~~~~~^^
  File "/usr/lib/python3.13/site-packages/setuptools/dist.py", line 631, in parse_config_files
    pyprojecttoml.apply_configuration(self, filename, ignore_option_errors)
    ~~~~~~~~~~~~~~~~~~~~~~~~~~~~~~~~~^^^^^^^^^^^^^^^^^^^^^^^^^^^^^^^^^^^^^^
  File "/usr/lib/python3.13/site-packages/setuptools/config/pyprojecttoml.py", line 68, in apply_configuration
    config = read_configuration(filepath, True, ignore_option_errors, dist)
  File "/usr/lib/python3.13/site-packages/setuptools/config/pyprojecttoml.py", line 129, in read_configuration
    validate(subset, filepath)
    ~~~~~~~~^^^^^^^^^^^^^^^^^^
  File "/usr/lib/python3.13/site-packages/setuptools/config/pyprojecttoml.py", line 57, in validate
    raise ValueError(f"{error}\n{summary}") from None
ValueError: invalid pyproject.toml config: `project.license`.
configuration error: `project.license` must be valid exactly by one definition (2 matches found):
    - keys:
        'file': {type: string}
      required: ['file']
    - keys:
        'text': {type: string}
      required: ['text']
error: Bad exit status from /var/tmp/rpm-tmp.TNKIRT (%generate_buildrequires)
    Bad exit status from /var/tmp/rpm-tmp.TNKIRT (%generate_buildrequires)
RPM build errors:
Child return code was: 1
