Mock Version: 5.5
Mock Version: 5.5
Mock Version: 5.5
ENTER ['do_with_status'](['bash', '--login', '-c', '/usr/bin/rpmbuild -bs --noclean --target i686 --nodeps /builddir/build/SPECS/python-ratinabox.spec'], chrootPath='/var/lib/mock/f41-build-49652926-5916286/root'env={'TERM': 'vt100', 'SHELL': '/bin/bash', 'HOME': '/builddir', 'HOSTNAME': 'mock', 'PATH': '/usr/bin:/bin:/usr/sbin:/sbin', 'PROMPT_COMMAND': 'printf "\\033]0;<mock-chroot>\\007"', 'PS1': '<mock-chroot> \\s-\\v\\$ ', 'LANG': 'C.UTF-8'}shell=Falselogger=<mockbuild.trace_decorator.getLog object at 0x7f4bc9b49cd0>timeout=201600uid=1000gid=425user='mockbuild'nspawn_args=['--capability=cap_ipc_lock', '--bind=/tmp/mock-resolv.grs8xwjt:/etc/resolv.conf', '--bind=/dev/btrfs-control', '--bind=/dev/mapper/control', '--bind=/dev/fuse', '--bind=/dev/loop-control', '--bind=/dev/loop0', '--bind=/dev/loop1', '--bind=/dev/loop2', '--bind=/dev/loop3', '--bind=/dev/loop4', '--bind=/dev/loop5', '--bind=/dev/loop6', '--bind=/dev/loop7', '--bind=/dev/loop8', '--bind=/dev/loop9', '--bind=/dev/loop10', '--bind=/dev/loop11']unshare_net=TrueprintOutput=False)
Using nspawn with args ['--capability=cap_ipc_lock', '--bind=/tmp/mock-resolv.grs8xwjt:/etc/resolv.conf', '--bind=/dev/btrfs-control', '--bind=/dev/mapper/control', '--bind=/dev/fuse', '--bind=/dev/loop-control', '--bind=/dev/loop0', '--bind=/dev/loop1', '--bind=/dev/loop2', '--bind=/dev/loop3', '--bind=/dev/loop4', '--bind=/dev/loop5', '--bind=/dev/loop6', '--bind=/dev/loop7', '--bind=/dev/loop8', '--bind=/dev/loop9', '--bind=/dev/loop10', '--bind=/dev/loop11']
Executing command: ['/usr/bin/systemd-nspawn', '-q', '-M', '2e594c8455b04a5f9eff08423ec01747', '-D', '/var/lib/mock/f41-build-49652926-5916286/root', '-a', '-u', 'mockbuild', '--capability=cap_ipc_lock', '--bind=/tmp/mock-resolv.grs8xwjt:/etc/resolv.conf', '--bind=/dev/btrfs-control', '--bind=/dev/mapper/control', '--bind=/dev/fuse', '--bind=/dev/loop-control', '--bind=/dev/loop0', '--bind=/dev/loop1', '--bind=/dev/loop2', '--bind=/dev/loop3', '--bind=/dev/loop4', '--bind=/dev/loop5', '--bind=/dev/loop6', '--bind=/dev/loop7', '--bind=/dev/loop8', '--bind=/dev/loop9', '--bind=/dev/loop10', '--bind=/dev/loop11', '--console=pipe', '--setenv=TERM=vt100', '--setenv=SHELL=/bin/bash', '--setenv=HOME=/builddir', '--setenv=HOSTNAME=mock', '--setenv=PATH=/usr/bin:/bin:/usr/sbin:/sbin', '--setenv=PROMPT_COMMAND=printf "\\033]0;<mock-chroot>\\007"', '--setenv=PS1=<mock-chroot> \\s-\\v\\$ ', '--setenv=LANG=C.UTF-8', '--resolv-conf=off', 'bash', '--login', '-c', '/usr/bin/rpmbuild -bs --noclean --target i686 --nodeps /builddir/build/SPECS/python-ratinabox.spec'] with env {'TERM': 'vt100', 'SHELL': '/bin/bash', 'HOME': '/builddir', 'HOSTNAME': 'mock', 'PATH': '/usr/bin:/bin:/usr/sbin:/sbin', 'PROMPT_COMMAND': 'printf "\\033]0;<mock-chroot>\\007"', 'PS1': '<mock-chroot> \\s-\\v\\$ ', 'LANG': 'C.UTF-8', 'SYSTEMD_NSPAWN_TMPFS_TMP': '0', 'SYSTEMD_SECCOMP': '0'} and shell False
Building target platforms: i686
Building for target i686
setting SOURCE_DATE_EPOCH=1710288000
Wrote: /builddir/build/SRPMS/python-ratinabox-1.12.3-1.fc41.src.rpm
Child return code was: 0
ENTER ['do_with_status'](['bash', '--login', '-c', '/usr/bin/rpmbuild -br --noclean --target i686 --nodeps /builddir/build/SPECS/python-ratinabox.spec'], chrootPath='/var/lib/mock/f41-build-49652926-5916286/root'env={'TERM': 'vt100', 'SHELL': '/bin/bash', 'HOME': '/builddir', 'HOSTNAME': 'mock', 'PATH': '/usr/bin:/bin:/usr/sbin:/sbin', 'PROMPT_COMMAND': 'printf "\\033]0;<mock-chroot>\\007"', 'PS1': '<mock-chroot> \\s-\\v\\$ ', 'LANG': 'C.UTF-8'}shell=Falselogger=<mockbuild.trace_decorator.getLog object at 0x7f4bc9b49cd0>timeout=201600uid=1000gid=425user='mockbuild'nspawn_args=['--capability=cap_ipc_lock', '--bind=/tmp/mock-resolv.grs8xwjt:/etc/resolv.conf', '--bind=/dev/btrfs-control', '--bind=/dev/mapper/control', '--bind=/dev/fuse', '--bind=/dev/loop-control', '--bind=/dev/loop0', '--bind=/dev/loop1', '--bind=/dev/loop2', '--bind=/dev/loop3', '--bind=/dev/loop4', '--bind=/dev/loop5', '--bind=/dev/loop6', '--bind=/dev/loop7', '--bind=/dev/loop8', '--bind=/dev/loop9', '--bind=/dev/loop10', '--bind=/dev/loop11']unshare_net=TrueraiseExc=FalseprintOutput=False)
Using nspawn with args ['--capability=cap_ipc_lock', '--bind=/tmp/mock-resolv.grs8xwjt:/etc/resolv.conf', '--bind=/dev/btrfs-control', '--bind=/dev/mapper/control', '--bind=/dev/fuse', '--bind=/dev/loop-control', '--bind=/dev/loop0', '--bind=/dev/loop1', '--bind=/dev/loop2', '--bind=/dev/loop3', '--bind=/dev/loop4', '--bind=/dev/loop5', '--bind=/dev/loop6', '--bind=/dev/loop7', '--bind=/dev/loop8', '--bind=/dev/loop9', '--bind=/dev/loop10', '--bind=/dev/loop11']
Executing command: ['/usr/bin/systemd-nspawn', '-q', '-M', 'b04eb9efc2b84aa991569ef59b63f112', '-D', '/var/lib/mock/f41-build-49652926-5916286/root', '-a', '-u', 'mockbuild', '--capability=cap_ipc_lock', '--bind=/tmp/mock-resolv.grs8xwjt:/etc/resolv.conf', '--bind=/dev/btrfs-control', '--bind=/dev/mapper/control', '--bind=/dev/fuse', '--bind=/dev/loop-control', '--bind=/dev/loop0', '--bind=/dev/loop1', '--bind=/dev/loop2', '--bind=/dev/loop3', '--bind=/dev/loop4', '--bind=/dev/loop5', '--bind=/dev/loop6', '--bind=/dev/loop7', '--bind=/dev/loop8', '--bind=/dev/loop9', '--bind=/dev/loop10', '--bind=/dev/loop11', '--console=pipe', '--setenv=TERM=vt100', '--setenv=SHELL=/bin/bash', '--setenv=HOME=/builddir', '--setenv=HOSTNAME=mock', '--setenv=PATH=/usr/bin:/bin:/usr/sbin:/sbin', '--setenv=PROMPT_COMMAND=printf "\\033]0;<mock-chroot>\\007"', '--setenv=PS1=<mock-chroot> \\s-\\v\\$ ', '--setenv=LANG=C.UTF-8', '--resolv-conf=off', 'bash', '--login', '-c', '/usr/bin/rpmbuild -br --noclean --target i686 --nodeps /builddir/build/SPECS/python-ratinabox.spec'] with env {'TERM': 'vt100', 'SHELL': '/bin/bash', 'HOME': '/builddir', 'HOSTNAME': 'mock', 'PATH': '/usr/bin:/bin:/usr/sbin:/sbin', 'PROMPT_COMMAND': 'printf "\\033]0;<mock-chroot>\\007"', 'PS1': '<mock-chroot> \\s-\\v\\$ ', 'LANG': 'C.UTF-8', 'SYSTEMD_NSPAWN_TMPFS_TMP': '0', 'SYSTEMD_SECCOMP': '0'} and shell False
Building target platforms: i686
Building for target i686
setting SOURCE_DATE_EPOCH=1710288000
Executing(%prep): /bin/sh -e /var/tmp/rpm-tmp.lSl00x
+ umask 022
+ cd /builddir/build/BUILD
+ cd /builddir/build/BUILD
+ rm -rf ratinabox-1.12.3
+ /usr/lib/rpm/rpmuncompress -x /builddir/build/SOURCES/ratinabox-1.12.3.tar.gz
+ STATUS=0
+ '[' 0 -ne 0 ']'
+ cd ratinabox-1.12.3
+ rm -rf /builddir/build/BUILD/ratinabox-1.12.3-SPECPARTS
+ /usr/bin/mkdir -p /builddir/build/BUILD/ratinabox-1.12.3-SPECPARTS
+ /usr/bin/chmod -Rf a+rX,u+w,g-w,o-w .
+ RPM_EC=0
++ jobs -p
+ exit 0
Executing(%generate_buildrequires): /bin/sh -e /var/tmp/rpm-tmp.2sNsPX
+ umask 022
+ cd /builddir/build/BUILD
+ cd ratinabox-1.12.3
+ CFLAGS='-O2 -flto=auto -ffat-lto-objects -fexceptions -g -grecord-gcc-switches -pipe -Wall -Werror=format-security -Wp,-U_FORTIFY_SOURCE,-D_FORTIFY_SOURCE=3 -Wp,-D_GLIBCXX_ASSERTIONS -specs=/usr/lib/rpm/redhat/redhat-hardened-cc1 -fstack-protector-strong -specs=/usr/lib/rpm/redhat/redhat-annobin-cc1  -m32 -march=i686 -mtune=generic -msse2 -mfpmath=sse -mstackrealign -fasynchronous-unwind-tables -fstack-clash-protection '
+ export CFLAGS
+ CXXFLAGS='-O2 -flto=auto -ffat-lto-objects -fexceptions -g -grecord-gcc-switches -pipe -Wall -Werror=format-security -Wp,-U_FORTIFY_SOURCE,-D_FORTIFY_SOURCE=3 -Wp,-D_GLIBCXX_ASSERTIONS -specs=/usr/lib/rpm/redhat/redhat-hardened-cc1 -fstack-protector-strong -specs=/usr/lib/rpm/redhat/redhat-annobin-cc1  -m32 -march=i686 -mtune=generic -msse2 -mfpmath=sse -mstackrealign -fasynchronous-unwind-tables -fstack-clash-protection '
+ export CXXFLAGS
+ FFLAGS='-O2 -flto=auto -ffat-lto-objects -fexceptions -g -grecord-gcc-switches -pipe -Wall -Wp,-U_FORTIFY_SOURCE,-D_FORTIFY_SOURCE=3 -Wp,-D_GLIBCXX_ASSERTIONS -specs=/usr/lib/rpm/redhat/redhat-hardened-cc1 -fstack-protector-strong -specs=/usr/lib/rpm/redhat/redhat-annobin-cc1  -m32 -march=i686 -mtune=generic -msse2 -mfpmath=sse -mstackrealign -fasynchronous-unwind-tables -fstack-clash-protection -I/usr/lib/gfortran/modules '
+ export FFLAGS
+ FCFLAGS='-O2 -flto=auto -ffat-lto-objects -fexceptions -g -grecord-gcc-switches -pipe -Wall -Wp,-U_FORTIFY_SOURCE,-D_FORTIFY_SOURCE=3 -Wp,-D_GLIBCXX_ASSERTIONS -specs=/usr/lib/rpm/redhat/redhat-hardened-cc1 -fstack-protector-strong -specs=/usr/lib/rpm/redhat/redhat-annobin-cc1  -m32 -march=i686 -mtune=generic -msse2 -mfpmath=sse -mstackrealign -fasynchronous-unwind-tables -fstack-clash-protection -I/usr/lib/gfortran/modules '
+ export FCFLAGS
+ VALAFLAGS=-g
+ export VALAFLAGS
+ RUSTFLAGS='-Copt-level=3 -Cdebuginfo=2 -Ccodegen-units=1 -Cstrip=none -Clink-arg=-specs=/usr/lib/rpm/redhat/redhat-package-notes --cap-lints=warn'
+ export RUSTFLAGS
+ LDFLAGS='-Wl,-z,relro -Wl,--as-needed  -Wl,-z,pack-relative-relocs -Wl,-z,now -specs=/usr/lib/rpm/redhat/redhat-hardened-ld-errors -specs=/usr/lib/rpm/redhat/redhat-hardened-ld -specs=/usr/lib/rpm/redhat/redhat-annobin-cc1  -Wl,--build-id=sha1 -specs=/usr/lib/rpm/redhat/redhat-package-notes '
+ export LDFLAGS
+ LT_SYS_LIBRARY_PATH=/usr/lib:
+ export LT_SYS_LIBRARY_PATH
+ CC=gcc
+ export CC
+ CXX=g++
+ export CXX
+ echo pyproject-rpm-macros
+ echo python3-devel
+ echo 'python3dist(pip) >= 19'
+ echo 'python3dist(packaging)'
+ '[' -f pyproject.toml ']'
+ echo '(python3dist(tomli) if python3-devel < 3.11)'
+ rm -rfv '*.dist-info/'
+ '[' -f /usr/bin/python3 ']'
+ mkdir -p /builddir/build/BUILD/ratinabox-1.12.3/.pyproject-builddir
+ echo -n
+ CFLAGS='-O2 -flto=auto -ffat-lto-objects -fexceptions -g -grecord-gcc-switches -pipe -Wall -Werror=format-security -Wp,-U_FORTIFY_SOURCE,-D_FORTIFY_SOURCE=3 -Wp,-D_GLIBCXX_ASSERTIONS -specs=/usr/lib/rpm/redhat/redhat-hardened-cc1 -fstack-protector-strong -specs=/usr/lib/rpm/redhat/redhat-annobin-cc1  -m32 -march=i686 -mtune=generic -msse2 -mfpmath=sse -mstackrealign -fasynchronous-unwind-tables -fstack-clash-protection '
+ LDFLAGS='-Wl,-z,relro -Wl,--as-needed  -Wl,-z,pack-relative-relocs -Wl,-z,now -specs=/usr/lib/rpm/redhat/redhat-hardened-ld-errors -specs=/usr/lib/rpm/redhat/redhat-hardened-ld -specs=/usr/lib/rpm/redhat/redhat-annobin-cc1  -Wl,--build-id=sha1 -specs=/usr/lib/rpm/redhat/redhat-package-notes '
+ TMPDIR=/builddir/build/BUILD/ratinabox-1.12.3/.pyproject-builddir
+ RPM_TOXENV=py312
+ HOSTNAME=rpmbuild
+ /usr/bin/python3 -Bs /usr/lib/rpm/redhat/pyproject_buildrequires.py --generate-extras --python3_pkgversion 3 --wheeldir /builddir/build/BUILD/ratinabox-1.12.3/pyproject-wheeldir --output /builddir/build/BUILD/python-ratinabox-1.12.3-1.fc41.i386-pyproject-buildrequires -x test
Handling setuptools from build-system.requires
Requirement not satisfied: setuptools
Handling wheel from build-system.requires
Requirement not satisfied: wheel
Exiting dependency generation pass: build backend
+ cat /builddir/build/BUILD/python-ratinabox-1.12.3-1.fc41.i386-pyproject-buildrequires
+ rm -rfv '*.dist-info/'
+ RPM_EC=0
++ jobs -p
+ exit 0
Wrote: /builddir/build/SRPMS/python-ratinabox-1.12.3-1.fc41.buildreqs.nosrc.rpm
Child return code was: 11
Dynamic buildrequires detected
Going to install missing buildrequires. See root.log for details.
ENTER ['do_with_status'](['bash', '--login', '-c', '/usr/bin/rpmbuild -br --noprep --noclean --target i686 --nodeps /builddir/build/SPECS/python-ratinabox.spec'], chrootPath='/var/lib/mock/f41-build-49652926-5916286/root'env={'TERM': 'vt100', 'SHELL': '/bin/bash', 'HOME': '/builddir', 'HOSTNAME': 'mock', 'PATH': '/usr/bin:/bin:/usr/sbin:/sbin', 'PROMPT_COMMAND': 'printf "\\033]0;<mock-chroot>\\007"', 'PS1': '<mock-chroot> \\s-\\v\\$ ', 'LANG': 'C.UTF-8'}shell=Falselogger=<mockbuild.trace_decorator.getLog object at 0x7f4bc9b49cd0>timeout=201600uid=1000gid=425user='mockbuild'nspawn_args=['--capability=cap_ipc_lock', '--bind=/tmp/mock-resolv.grs8xwjt:/etc/resolv.conf', '--bind=/dev/btrfs-control', '--bind=/dev/mapper/control', '--bind=/dev/fuse', '--bind=/dev/loop-control', '--bind=/dev/loop0', '--bind=/dev/loop1', '--bind=/dev/loop2', '--bind=/dev/loop3', '--bind=/dev/loop4', '--bind=/dev/loop5', '--bind=/dev/loop6', '--bind=/dev/loop7', '--bind=/dev/loop8', '--bind=/dev/loop9', '--bind=/dev/loop10', '--bind=/dev/loop11']unshare_net=TrueraiseExc=FalseprintOutput=False)
Using nspawn with args ['--capability=cap_ipc_lock', '--bind=/tmp/mock-resolv.grs8xwjt:/etc/resolv.conf', '--bind=/dev/btrfs-control', '--bind=/dev/mapper/control', '--bind=/dev/fuse', '--bind=/dev/loop-control', '--bind=/dev/loop0', '--bind=/dev/loop1', '--bind=/dev/loop2', '--bind=/dev/loop3', '--bind=/dev/loop4', '--bind=/dev/loop5', '--bind=/dev/loop6', '--bind=/dev/loop7', '--bind=/dev/loop8', '--bind=/dev/loop9', '--bind=/dev/loop10', '--bind=/dev/loop11']
Executing command: ['/usr/bin/systemd-nspawn', '-q', '-M', 'e53ca9ed35724269a6065335b610203a', '-D', '/var/lib/mock/f41-build-49652926-5916286/root', '-a', '-u', 'mockbuild', '--capability=cap_ipc_lock', '--bind=/tmp/mock-resolv.grs8xwjt:/etc/resolv.conf', '--bind=/dev/btrfs-control', '--bind=/dev/mapper/control', '--bind=/dev/fuse', '--bind=/dev/loop-control', '--bind=/dev/loop0', '--bind=/dev/loop1', '--bind=/dev/loop2', '--bind=/dev/loop3', '--bind=/dev/loop4', '--bind=/dev/loop5', '--bind=/dev/loop6', '--bind=/dev/loop7', '--bind=/dev/loop8', '--bind=/dev/loop9', '--bind=/dev/loop10', '--bind=/dev/loop11', '--console=pipe', '--setenv=TERM=vt100', '--setenv=SHELL=/bin/bash', '--setenv=HOME=/builddir', '--setenv=HOSTNAME=mock', '--setenv=PATH=/usr/bin:/bin:/usr/sbin:/sbin', '--setenv=PROMPT_COMMAND=printf "\\033]0;<mock-chroot>\\007"', '--setenv=PS1=<mock-chroot> \\s-\\v\\$ ', '--setenv=LANG=C.UTF-8', '--resolv-conf=off', 'bash', '--login', '-c', '/usr/bin/rpmbuild -br --noprep --noclean --target i686 --nodeps /builddir/build/SPECS/python-ratinabox.spec'] with env {'TERM': 'vt100', 'SHELL': '/bin/bash', 'HOME': '/builddir', 'HOSTNAME': 'mock', 'PATH': '/usr/bin:/bin:/usr/sbin:/sbin', 'PROMPT_COMMAND': 'printf "\\033]0;<mock-chroot>\\007"', 'PS1': '<mock-chroot> \\s-\\v\\$ ', 'LANG': 'C.UTF-8', 'SYSTEMD_NSPAWN_TMPFS_TMP': '0', 'SYSTEMD_SECCOMP': '0'} and shell False
Building target platforms: i686
Building for target i686
setting SOURCE_DATE_EPOCH=1710288000
Executing(%generate_buildrequires): /bin/sh -e /var/tmp/rpm-tmp.qnquQT
+ umask 022
+ cd /builddir/build/BUILD
+ cd ratinabox-1.12.3
+ CFLAGS='-O2 -flto=auto -ffat-lto-objects -fexceptions -g -grecord-gcc-switches -pipe -Wall -Werror=format-security -Wp,-U_FORTIFY_SOURCE,-D_FORTIFY_SOURCE=3 -Wp,-D_GLIBCXX_ASSERTIONS -specs=/usr/lib/rpm/redhat/redhat-hardened-cc1 -fstack-protector-strong -specs=/usr/lib/rpm/redhat/redhat-annobin-cc1  -m32 -march=i686 -mtune=generic -msse2 -mfpmath=sse -mstackrealign -fasynchronous-unwind-tables -fstack-clash-protection '
+ export CFLAGS
+ CXXFLAGS='-O2 -flto=auto -ffat-lto-objects -fexceptions -g -grecord-gcc-switches -pipe -Wall -Werror=format-security -Wp,-U_FORTIFY_SOURCE,-D_FORTIFY_SOURCE=3 -Wp,-D_GLIBCXX_ASSERTIONS -specs=/usr/lib/rpm/redhat/redhat-hardened-cc1 -fstack-protector-strong -specs=/usr/lib/rpm/redhat/redhat-annobin-cc1  -m32 -march=i686 -mtune=generic -msse2 -mfpmath=sse -mstackrealign -fasynchronous-unwind-tables -fstack-clash-protection '
+ export CXXFLAGS
+ FFLAGS='-O2 -flto=auto -ffat-lto-objects -fexceptions -g -grecord-gcc-switches -pipe -Wall -Wp,-U_FORTIFY_SOURCE,-D_FORTIFY_SOURCE=3 -Wp,-D_GLIBCXX_ASSERTIONS -specs=/usr/lib/rpm/redhat/redhat-hardened-cc1 -fstack-protector-strong -specs=/usr/lib/rpm/redhat/redhat-annobin-cc1  -m32 -march=i686 -mtune=generic -msse2 -mfpmath=sse -mstackrealign -fasynchronous-unwind-tables -fstack-clash-protection -I/usr/lib/gfortran/modules '
+ export FFLAGS
+ FCFLAGS='-O2 -flto=auto -ffat-lto-objects -fexceptions -g -grecord-gcc-switches -pipe -Wall -Wp,-U_FORTIFY_SOURCE,-D_FORTIFY_SOURCE=3 -Wp,-D_GLIBCXX_ASSERTIONS -specs=/usr/lib/rpm/redhat/redhat-hardened-cc1 -fstack-protector-strong -specs=/usr/lib/rpm/redhat/redhat-annobin-cc1  -m32 -march=i686 -mtune=generic -msse2 -mfpmath=sse -mstackrealign -fasynchronous-unwind-tables -fstack-clash-protection -I/usr/lib/gfortran/modules '
+ export FCFLAGS
+ VALAFLAGS=-g
+ export VALAFLAGS
+ RUSTFLAGS='-Copt-level=3 -Cdebuginfo=2 -Ccodegen-units=1 -Cstrip=none -Clink-arg=-specs=/usr/lib/rpm/redhat/redhat-package-notes --cap-lints=warn'
+ export RUSTFLAGS
+ LDFLAGS='-Wl,-z,relro -Wl,--as-needed  -Wl,-z,pack-relative-relocs -Wl,-z,now -specs=/usr/lib/rpm/redhat/redhat-hardened-ld-errors -specs=/usr/lib/rpm/redhat/redhat-hardened-ld -specs=/usr/lib/rpm/redhat/redhat-annobin-cc1  -Wl,--build-id=sha1 -specs=/usr/lib/rpm/redhat/redhat-package-notes '
+ export LDFLAGS
+ LT_SYS_LIBRARY_PATH=/usr/lib:
+ export LT_SYS_LIBRARY_PATH
+ CC=gcc
+ export CC
+ CXX=g++
+ export CXX
+ echo pyproject-rpm-macros
+ echo python3-devel
+ echo 'python3dist(pip) >= 19'
+ echo 'python3dist(packaging)'
+ '[' -f pyproject.toml ']'
+ echo '(python3dist(tomli) if python3-devel < 3.11)'
+ rm -rfv '*.dist-info/'
+ '[' -f /usr/bin/python3 ']'
+ mkdir -p /builddir/build/BUILD/ratinabox-1.12.3/.pyproject-builddir
+ echo -n
+ CFLAGS='-O2 -flto=auto -ffat-lto-objects -fexceptions -g -grecord-gcc-switches -pipe -Wall -Werror=format-security -Wp,-U_FORTIFY_SOURCE,-D_FORTIFY_SOURCE=3 -Wp,-D_GLIBCXX_ASSERTIONS -specs=/usr/lib/rpm/redhat/redhat-hardened-cc1 -fstack-protector-strong -specs=/usr/lib/rpm/redhat/redhat-annobin-cc1  -m32 -march=i686 -mtune=generic -msse2 -mfpmath=sse -mstackrealign -fasynchronous-unwind-tables -fstack-clash-protection '
+ LDFLAGS='-Wl,-z,relro -Wl,--as-needed  -Wl,-z,pack-relative-relocs -Wl,-z,now -specs=/usr/lib/rpm/redhat/redhat-hardened-ld-errors -specs=/usr/lib/rpm/redhat/redhat-hardened-ld -specs=/usr/lib/rpm/redhat/redhat-annobin-cc1  -Wl,--build-id=sha1 -specs=/usr/lib/rpm/redhat/redhat-package-notes '
+ TMPDIR=/builddir/build/BUILD/ratinabox-1.12.3/.pyproject-builddir
+ RPM_TOXENV=py312
+ HOSTNAME=rpmbuild
+ /usr/bin/python3 -Bs /usr/lib/rpm/redhat/pyproject_buildrequires.py --generate-extras --python3_pkgversion 3 --wheeldir /builddir/build/BUILD/ratinabox-1.12.3/pyproject-wheeldir --output /builddir/build/BUILD/python-ratinabox-1.12.3-1.fc41.i386-pyproject-buildrequires -x test
Handling setuptools from build-system.requires
Requirement satisfied: setuptools
   (installed: setuptools 69.1.1)
Handling wheel from build-system.requires
Requirement satisfied: wheel
   (installed: wheel 0.41.2)
running egg_info
writing ratinabox.egg-info/PKG-INFO
writing dependency_links to ratinabox.egg-info/dependency_links.txt
writing requirements to ratinabox.egg-info/requires.txt
writing top-level names to ratinabox.egg-info/top_level.txt
reading manifest file 'ratinabox.egg-info/SOURCES.txt'
reading manifest template 'MANIFEST.in'
no previously-included directories found matching '.github'
no previously-included directories found matching '.gitignore'
no previously-included directories found matching '.images'
no previously-included directories found matching 'demos'
no previously-included directories found matching 'docs'
no previously-included directories found matching 'ratinabox/contribs/TaskEnv_example_files'
adding license file 'LICENSE'
writing manifest file 'ratinabox.egg-info/SOURCES.txt'
Handling wheel from get_requires_for_build_wheel
Requirement satisfied: wheel
   (installed: wheel 0.41.2)
running dist_info
writing ratinabox.egg-info/PKG-INFO
writing dependency_links to ratinabox.egg-info/dependency_links.txt
writing requirements to ratinabox.egg-info/requires.txt
writing top-level names to ratinabox.egg-info/top_level.txt
reading manifest file 'ratinabox.egg-info/SOURCES.txt'
reading manifest template 'MANIFEST.in'
no previously-included directories found matching '.github'
no previously-included directories found matching '.gitignore'
no previously-included directories found matching '.images'
no previously-included directories found matching 'demos'
no previously-included directories found matching 'docs'
no previously-included directories found matching 'ratinabox/contribs/TaskEnv_example_files'
adding license file 'LICENSE'
writing manifest file 'ratinabox.egg-info/SOURCES.txt'
creating '/builddir/build/BUILD/ratinabox-1.12.3/ratinabox-1.12.3.dist-info'
Handling numpy from hook generated metadata: Requires-Dist (ratinabox)
Requirement not satisfied: numpy
Handling matplotlib from hook generated metadata: Requires-Dist (ratinabox)
Requirement not satisfied: matplotlib
Handling scipy from hook generated metadata: Requires-Dist (ratinabox)
Requirement not satisfied: scipy
Handling shapely from hook generated metadata: Requires-Dist (ratinabox)
Requirement not satisfied: shapely
Handling pettingzoo >=1.23.0 ; extra == 'gymnasium' from hook generated metadata: Requires-Dist (ratinabox)
Ignoring alien requirement: pettingzoo >=1.23.0 ; extra == 'gymnasium'
Handling pytest ; extra == 'test' from hook generated metadata: Requires-Dist (ratinabox)
Requirement satisfied: pytest ; extra == 'test'
   (installed: pytest 7.4.3)
Handling scikit-learn ; extra == 'test' from hook generated metadata: Requires-Dist (ratinabox)
Requirement not satisfied: scikit-learn ; extra == 'test'
+ cat /builddir/build/BUILD/python-ratinabox-1.12.3-1.fc41.i386-pyproject-buildrequires
+ rm -rfv ratinabox-1.12.3.dist-info/
removed 'ratinabox-1.12.3.dist-info/top_level.txt'
removed 'ratinabox-1.12.3.dist-info/METADATA'
removed 'ratinabox-1.12.3.dist-info/LICENSE'
removed directory 'ratinabox-1.12.3.dist-info/'
+ RPM_EC=0
++ jobs -p
+ exit 0
Wrote: /builddir/build/SRPMS/python-ratinabox-1.12.3-1.fc41.buildreqs.nosrc.rpm
Child return code was: 11
Dynamic buildrequires detected
Going to install missing buildrequires. See root.log for details.
