Mock Version: 6.1
Mock Version: 6.1
Mock Version: 6.1
ENTER ['do_with_status'](['bash', '--login', '-c', '/usr/bin/rpmbuild -bs --noclean --target noarch --nodeps /builddir/build/SPECS/python-beautifulsoup4.spec'], chrootPath='/var/lib/mock/f40-build-59048254-6570588/root'env={'TERM': 'vt100', 'SHELL': '/bin/bash', 'HOME': '/builddir', 'HOSTNAME': 'mock', 'PATH': '/usr/bin:/bin:/usr/sbin:/sbin', 'PROMPT_COMMAND': 'printf "\\033]0;<mock-chroot>\\007"', 'PS1': '<mock-chroot> \\s-\\v\\$ ', 'LANG': 'C.UTF-8'}shell=Falselogger=<mockbuild.trace_decorator.getLog object at 0x7fe3271dd370>timeout=201600uid=1000gid=425user='mockbuild'unshare_net=TrueprintOutput=Falsenspawn_args=['--capability=cap_ipc_lock', '--bind=/tmp/mock-resolv.ur9pr0lz:/etc/resolv.conf', '--bind=/dev/btrfs-control', '--bind=/dev/mapper/control', '--bind=/dev/fuse', '--bind=/dev/loop-control', '--bind=/dev/loop0', '--bind=/dev/loop1', '--bind=/dev/loop2', '--bind=/dev/loop3', '--bind=/dev/loop4', '--bind=/dev/loop5', '--bind=/dev/loop6', '--bind=/dev/loop7', '--bind=/dev/loop8', '--bind=/dev/loop9', '--bind=/dev/loop10', '--bind=/dev/loop11'])
Using nspawn with args ['--capability=cap_ipc_lock', '--bind=/tmp/mock-resolv.ur9pr0lz:/etc/resolv.conf', '--bind=/dev/btrfs-control', '--bind=/dev/mapper/control', '--bind=/dev/fuse', '--bind=/dev/loop-control', '--bind=/dev/loop0', '--bind=/dev/loop1', '--bind=/dev/loop2', '--bind=/dev/loop3', '--bind=/dev/loop4', '--bind=/dev/loop5', '--bind=/dev/loop6', '--bind=/dev/loop7', '--bind=/dev/loop8', '--bind=/dev/loop9', '--bind=/dev/loop10', '--bind=/dev/loop11']
Executing command: ['/usr/bin/systemd-nspawn', '-q', '-M', '8f8a918b27e6488ab39334d67c23aaad', '-D', '/var/lib/mock/f40-build-59048254-6570588/root', '-a', '-u', 'mockbuild', '--capability=cap_ipc_lock', '--bind=/tmp/mock-resolv.ur9pr0lz:/etc/resolv.conf', '--bind=/dev/btrfs-control', '--bind=/dev/mapper/control', '--bind=/dev/fuse', '--bind=/dev/loop-control', '--bind=/dev/loop0', '--bind=/dev/loop1', '--bind=/dev/loop2', '--bind=/dev/loop3', '--bind=/dev/loop4', '--bind=/dev/loop5', '--bind=/dev/loop6', '--bind=/dev/loop7', '--bind=/dev/loop8', '--bind=/dev/loop9', '--bind=/dev/loop10', '--bind=/dev/loop11', '--console=pipe', '--setenv=TERM=vt100', '--setenv=SHELL=/bin/bash', '--setenv=HOME=/builddir', '--setenv=HOSTNAME=mock', '--setenv=PATH=/usr/bin:/bin:/usr/sbin:/sbin', '--setenv=PROMPT_COMMAND=printf "\\033]0;<mock-chroot>\\007"', '--setenv=PS1=<mock-chroot> \\s-\\v\\$ ', '--setenv=LANG=C.UTF-8', '--resolv-conf=off', 'bash', '--login', '-c', '/usr/bin/rpmbuild -bs --noclean --target noarch --nodeps /builddir/build/SPECS/python-beautifulsoup4.spec'] with env {'TERM': 'vt100', 'SHELL': '/bin/bash', 'HOME': '/builddir', 'HOSTNAME': 'mock', 'PATH': '/usr/bin:/bin:/usr/sbin:/sbin', 'PROMPT_COMMAND': 'printf "\\033]0;<mock-chroot>\\007"', 'PS1': '<mock-chroot> \\s-\\v\\$ ', 'LANG': 'C.UTF-8', 'SYSTEMD_NSPAWN_TMPFS_TMP': '0', 'SYSTEMD_SECCOMP': '0'} and shell False
Building target platforms: noarch
Building for target noarch
setting SOURCE_DATE_EPOCH=1745366400
Wrote: /builddir/build/SRPMS/python-beautifulsoup4-4.13.4-1.fc40.src.rpm
Child return code was: 0
ENTER ['do_with_status'](['bash', '--login', '-c', '/usr/bin/rpmbuild -br --noclean --target noarch --nodeps /builddir/build/SPECS/python-beautifulsoup4.spec'], chrootPath='/var/lib/mock/f40-build-59048254-6570588/root'env={'TERM': 'vt100', 'SHELL': '/bin/bash', 'HOME': '/builddir', 'HOSTNAME': 'mock', 'PATH': '/usr/bin:/bin:/usr/sbin:/sbin', 'PROMPT_COMMAND': 'printf "\\033]0;<mock-chroot>\\007"', 'PS1': '<mock-chroot> \\s-\\v\\$ ', 'LANG': 'C.UTF-8'}shell=Falselogger=<mockbuild.trace_decorator.getLog object at 0x7fe3271dd370>timeout=201600uid=1000gid=425user='mockbuild'unshare_net=TrueraiseExc=FalseprintOutput=Falsenspawn_args=['--capability=cap_ipc_lock', '--bind=/tmp/mock-resolv.ur9pr0lz:/etc/resolv.conf', '--bind=/dev/btrfs-control', '--bind=/dev/mapper/control', '--bind=/dev/fuse', '--bind=/dev/loop-control', '--bind=/dev/loop0', '--bind=/dev/loop1', '--bind=/dev/loop2', '--bind=/dev/loop3', '--bind=/dev/loop4', '--bind=/dev/loop5', '--bind=/dev/loop6', '--bind=/dev/loop7', '--bind=/dev/loop8', '--bind=/dev/loop9', '--bind=/dev/loop10', '--bind=/dev/loop11'])
Using nspawn with args ['--capability=cap_ipc_lock', '--bind=/tmp/mock-resolv.ur9pr0lz:/etc/resolv.conf', '--bind=/dev/btrfs-control', '--bind=/dev/mapper/control', '--bind=/dev/fuse', '--bind=/dev/loop-control', '--bind=/dev/loop0', '--bind=/dev/loop1', '--bind=/dev/loop2', '--bind=/dev/loop3', '--bind=/dev/loop4', '--bind=/dev/loop5', '--bind=/dev/loop6', '--bind=/dev/loop7', '--bind=/dev/loop8', '--bind=/dev/loop9', '--bind=/dev/loop10', '--bind=/dev/loop11']
Executing command: ['/usr/bin/systemd-nspawn', '-q', '-M', 'd56cb5e4d0e544798c7279f1e351bf80', '-D', '/var/lib/mock/f40-build-59048254-6570588/root', '-a', '-u', 'mockbuild', '--capability=cap_ipc_lock', '--bind=/tmp/mock-resolv.ur9pr0lz:/etc/resolv.conf', '--bind=/dev/btrfs-control', '--bind=/dev/mapper/control', '--bind=/dev/fuse', '--bind=/dev/loop-control', '--bind=/dev/loop0', '--bind=/dev/loop1', '--bind=/dev/loop2', '--bind=/dev/loop3', '--bind=/dev/loop4', '--bind=/dev/loop5', '--bind=/dev/loop6', '--bind=/dev/loop7', '--bind=/dev/loop8', '--bind=/dev/loop9', '--bind=/dev/loop10', '--bind=/dev/loop11', '--console=pipe', '--setenv=TERM=vt100', '--setenv=SHELL=/bin/bash', '--setenv=HOME=/builddir', '--setenv=HOSTNAME=mock', '--setenv=PATH=/usr/bin:/bin:/usr/sbin:/sbin', '--setenv=PROMPT_COMMAND=printf "\\033]0;<mock-chroot>\\007"', '--setenv=PS1=<mock-chroot> \\s-\\v\\$ ', '--setenv=LANG=C.UTF-8', '--resolv-conf=off', 'bash', '--login', '-c', '/usr/bin/rpmbuild -br --noclean --target noarch --nodeps /builddir/build/SPECS/python-beautifulsoup4.spec'] with env {'TERM': 'vt100', 'SHELL': '/bin/bash', 'HOME': '/builddir', 'HOSTNAME': 'mock', 'PATH': '/usr/bin:/bin:/usr/sbin:/sbin', 'PROMPT_COMMAND': 'printf "\\033]0;<mock-chroot>\\007"', 'PS1': '<mock-chroot> \\s-\\v\\$ ', 'LANG': 'C.UTF-8', 'SYSTEMD_NSPAWN_TMPFS_TMP': '0', 'SYSTEMD_SECCOMP': '0'} and shell False
Building target platforms: noarch
Building for target noarch
setting SOURCE_DATE_EPOCH=1745366400
Executing(%prep): /bin/sh -e /var/tmp/rpm-tmp.5jnxlk
+ umask 022
+ cd /builddir/build/BUILD
+ cd /builddir/build/BUILD
+ rm -rf beautifulsoup4-4.13.4
+ /usr/lib/rpm/rpmuncompress -x /builddir/build/SOURCES/beautifulsoup4-4.13.4.tar.gz
+ STATUS=0
+ '[' 0 -ne 0 ']'
+ cd beautifulsoup4-4.13.4
+ rm -rf /builddir/build/BUILD/beautifulsoup4-4.13.4-SPECPARTS
+ /usr/bin/mkdir -p /builddir/build/BUILD/beautifulsoup4-4.13.4-SPECPARTS
+ /usr/bin/chmod -Rf a+rX,u+w,g-w,o-w .
+ sed -i s/strip_cdata=False,// bs4/builder/_lxml.py
+ RPM_EC=0
++ jobs -p
+ exit 0
Executing(%generate_buildrequires): /bin/sh -e /var/tmp/rpm-tmp.obuB3c
+ umask 022
+ cd /builddir/build/BUILD
+ cd beautifulsoup4-4.13.4
+ echo pyproject-rpm-macros
+ echo python3-devel
+ echo 'python3dist(packaging)'
+ echo 'python3dist(pip) >= 19'
+ '[' -f pyproject.toml ']'
+ echo '(python3dist(tomli) if python3-devel < 3.11)'
+ rm -rfv '*.dist-info/'
+ '[' -f /usr/bin/python3 ']'
+ mkdir -p /builddir/build/BUILD/beautifulsoup4-4.13.4/.pyproject-builddir
+ echo -n
+ CFLAGS='-O2 -flto=auto -ffat-lto-objects -fexceptions -g -grecord-gcc-switches -pipe -Wall -Werror=format-security -Wp,-U_FORTIFY_SOURCE,-D_FORTIFY_SOURCE=3 -Wp,-D_GLIBCXX_ASSERTIONS -specs=/usr/lib/rpm/redhat/redhat-hardened-cc1 -fstack-protector-strong -specs=/usr/lib/rpm/redhat/redhat-annobin-cc1  -m64 -march=x86-64 -mtune=generic -fasynchronous-unwind-tables -fstack-clash-protection -fcf-protection -fno-omit-frame-pointer -mno-omit-leaf-frame-pointer '
+ CXXFLAGS='-O2 -flto=auto -ffat-lto-objects -fexceptions -g -grecord-gcc-switches -pipe -Wall -Werror=format-security -Wp,-U_FORTIFY_SOURCE,-D_FORTIFY_SOURCE=3 -Wp,-D_GLIBCXX_ASSERTIONS -specs=/usr/lib/rpm/redhat/redhat-hardened-cc1 -fstack-protector-strong -specs=/usr/lib/rpm/redhat/redhat-annobin-cc1  -m64 -march=x86-64 -mtune=generic -fasynchronous-unwind-tables -fstack-clash-protection -fcf-protection -fno-omit-frame-pointer -mno-omit-leaf-frame-pointer '
+ FFLAGS='-O2 -flto=auto -ffat-lto-objects -fexceptions -g -grecord-gcc-switches -pipe -Wall -Wp,-U_FORTIFY_SOURCE,-D_FORTIFY_SOURCE=3 -Wp,-D_GLIBCXX_ASSERTIONS -specs=/usr/lib/rpm/redhat/redhat-hardened-cc1 -fstack-protector-strong -specs=/usr/lib/rpm/redhat/redhat-annobin-cc1  -m64 -march=x86-64 -mtune=generic -fasynchronous-unwind-tables -fstack-clash-protection -fcf-protection -fno-omit-frame-pointer -mno-omit-leaf-frame-pointer -I/usr/lib/gfortran/modules '
+ FCFLAGS='-O2 -flto=auto -ffat-lto-objects -fexceptions -g -grecord-gcc-switches -pipe -Wall -Wp,-U_FORTIFY_SOURCE,-D_FORTIFY_SOURCE=3 -Wp,-D_GLIBCXX_ASSERTIONS -specs=/usr/lib/rpm/redhat/redhat-hardened-cc1 -fstack-protector-strong -specs=/usr/lib/rpm/redhat/redhat-annobin-cc1  -m64 -march=x86-64 -mtune=generic -fasynchronous-unwind-tables -fstack-clash-protection -fcf-protection -fno-omit-frame-pointer -mno-omit-leaf-frame-pointer -I/usr/lib/gfortran/modules '
+ VALAFLAGS=-g
+ RUSTFLAGS='-Copt-level=3 -Cdebuginfo=2 -Ccodegen-units=1 -Cstrip=none -Cforce-frame-pointers=yes --cap-lints=warn'
+ LDFLAGS='-Wl,-z,relro -Wl,--as-needed   -Wl,-z,now -specs=/usr/lib/rpm/redhat/redhat-hardened-ld -specs=/usr/lib/rpm/redhat/redhat-annobin-cc1  -Wl,--build-id=sha1  '
+ LT_SYS_LIBRARY_PATH=/usr/lib:
+ CC=gcc
+ CXX=g++
+ TMPDIR=/builddir/build/BUILD/beautifulsoup4-4.13.4/.pyproject-builddir
+ RPM_TOXENV=py312
+ FEDORA=40
+ HOSTNAME=rpmbuild
+ /usr/bin/python3 -Bs /usr/lib/rpm/redhat/pyproject_buildrequires.py --generate-extras --python3_pkgversion 3 --wheeldir /builddir/build/BUILD/beautifulsoup4-4.13.4/pyproject-wheeldir --output /builddir/build/BUILD/python-beautifulsoup4-4.13.4-1.fc40.noarch-pyproject-buildrequires -t
Handling hatchling from build-system.requires
Requirement not satisfied: hatchling
Exiting dependency generation pass: build backend
+ cat /builddir/build/BUILD/python-beautifulsoup4-4.13.4-1.fc40.noarch-pyproject-buildrequires
+ rm -rfv '*.dist-info/'
+ RPM_EC=0
++ jobs -p
+ exit 0
Wrote: /builddir/build/SRPMS/python-beautifulsoup4-4.13.4-1.fc40.buildreqs.nosrc.rpm
Child return code was: 11
Dynamic buildrequires detected
Going to install missing buildrequires. See root.log for details.
ENTER ['do_with_status'](['bash', '--login', '-c', '/usr/bin/rpmbuild -br --noprep --noclean --target noarch --nodeps /builddir/build/SPECS/python-beautifulsoup4.spec'], chrootPath='/var/lib/mock/f40-build-59048254-6570588/root'env={'TERM': 'vt100', 'SHELL': '/bin/bash', 'HOME': '/builddir', 'HOSTNAME': 'mock', 'PATH': '/usr/bin:/bin:/usr/sbin:/sbin', 'PROMPT_COMMAND': 'printf "\\033]0;<mock-chroot>\\007"', 'PS1': '<mock-chroot> \\s-\\v\\$ ', 'LANG': 'C.UTF-8'}shell=Falselogger=<mockbuild.trace_decorator.getLog object at 0x7fe3271dd370>timeout=201600uid=1000gid=425user='mockbuild'unshare_net=TrueraiseExc=FalseprintOutput=Falsenspawn_args=['--capability=cap_ipc_lock', '--bind=/tmp/mock-resolv.ur9pr0lz:/etc/resolv.conf', '--bind=/dev/btrfs-control', '--bind=/dev/mapper/control', '--bind=/dev/fuse', '--bind=/dev/loop-control', '--bind=/dev/loop0', '--bind=/dev/loop1', '--bind=/dev/loop2', '--bind=/dev/loop3', '--bind=/dev/loop4', '--bind=/dev/loop5', '--bind=/dev/loop6', '--bind=/dev/loop7', '--bind=/dev/loop8', '--bind=/dev/loop9', '--bind=/dev/loop10', '--bind=/dev/loop11'])
Using nspawn with args ['--capability=cap_ipc_lock', '--bind=/tmp/mock-resolv.ur9pr0lz:/etc/resolv.conf', '--bind=/dev/btrfs-control', '--bind=/dev/mapper/control', '--bind=/dev/fuse', '--bind=/dev/loop-control', '--bind=/dev/loop0', '--bind=/dev/loop1', '--bind=/dev/loop2', '--bind=/dev/loop3', '--bind=/dev/loop4', '--bind=/dev/loop5', '--bind=/dev/loop6', '--bind=/dev/loop7', '--bind=/dev/loop8', '--bind=/dev/loop9', '--bind=/dev/loop10', '--bind=/dev/loop11']
Executing command: ['/usr/bin/systemd-nspawn', '-q', '-M', '1a9a322744554f5498e76c4147bdda0a', '-D', '/var/lib/mock/f40-build-59048254-6570588/root', '-a', '-u', 'mockbuild', '--capability=cap_ipc_lock', '--bind=/tmp/mock-resolv.ur9pr0lz:/etc/resolv.conf', '--bind=/dev/btrfs-control', '--bind=/dev/mapper/control', '--bind=/dev/fuse', '--bind=/dev/loop-control', '--bind=/dev/loop0', '--bind=/dev/loop1', '--bind=/dev/loop2', '--bind=/dev/loop3', '--bind=/dev/loop4', '--bind=/dev/loop5', '--bind=/dev/loop6', '--bind=/dev/loop7', '--bind=/dev/loop8', '--bind=/dev/loop9', '--bind=/dev/loop10', '--bind=/dev/loop11', '--console=pipe', '--setenv=TERM=vt100', '--setenv=SHELL=/bin/bash', '--setenv=HOME=/builddir', '--setenv=HOSTNAME=mock', '--setenv=PATH=/usr/bin:/bin:/usr/sbin:/sbin', '--setenv=PROMPT_COMMAND=printf "\\033]0;<mock-chroot>\\007"', '--setenv=PS1=<mock-chroot> \\s-\\v\\$ ', '--setenv=LANG=C.UTF-8', '--resolv-conf=off', 'bash', '--login', '-c', '/usr/bin/rpmbuild -br --noprep --noclean --target noarch --nodeps /builddir/build/SPECS/python-beautifulsoup4.spec'] with env {'TERM': 'vt100', 'SHELL': '/bin/bash', 'HOME': '/builddir', 'HOSTNAME': 'mock', 'PATH': '/usr/bin:/bin:/usr/sbin:/sbin', 'PROMPT_COMMAND': 'printf "\\033]0;<mock-chroot>\\007"', 'PS1': '<mock-chroot> \\s-\\v\\$ ', 'LANG': 'C.UTF-8', 'SYSTEMD_NSPAWN_TMPFS_TMP': '0', 'SYSTEMD_SECCOMP': '0'} and shell False
Building target platforms: noarch
Building for target noarch
setting SOURCE_DATE_EPOCH=1745366400
Executing(%generate_buildrequires): /bin/sh -e /var/tmp/rpm-tmp.KHhrvO
+ umask 022
+ cd /builddir/build/BUILD
+ cd beautifulsoup4-4.13.4
+ echo pyproject-rpm-macros
+ echo python3-devel
+ echo 'python3dist(packaging)'
+ echo 'python3dist(pip) >= 19'
+ '[' -f pyproject.toml ']'
+ echo '(python3dist(tomli) if python3-devel < 3.11)'
+ rm -rfv '*.dist-info/'
+ '[' -f /usr/bin/python3 ']'
+ mkdir -p /builddir/build/BUILD/beautifulsoup4-4.13.4/.pyproject-builddir
+ echo -n
+ CFLAGS='-O2 -flto=auto -ffat-lto-objects -fexceptions -g -grecord-gcc-switches -pipe -Wall -Werror=format-security -Wp,-U_FORTIFY_SOURCE,-D_FORTIFY_SOURCE=3 -Wp,-D_GLIBCXX_ASSERTIONS -specs=/usr/lib/rpm/redhat/redhat-hardened-cc1 -fstack-protector-strong -specs=/usr/lib/rpm/redhat/redhat-annobin-cc1  -m64 -march=x86-64 -mtune=generic -fasynchronous-unwind-tables -fstack-clash-protection -fcf-protection -fno-omit-frame-pointer -mno-omit-leaf-frame-pointer '
+ CXXFLAGS='-O2 -flto=auto -ffat-lto-objects -fexceptions -g -grecord-gcc-switches -pipe -Wall -Werror=format-security -Wp,-U_FORTIFY_SOURCE,-D_FORTIFY_SOURCE=3 -Wp,-D_GLIBCXX_ASSERTIONS -specs=/usr/lib/rpm/redhat/redhat-hardened-cc1 -fstack-protector-strong -specs=/usr/lib/rpm/redhat/redhat-annobin-cc1  -m64 -march=x86-64 -mtune=generic -fasynchronous-unwind-tables -fstack-clash-protection -fcf-protection -fno-omit-frame-pointer -mno-omit-leaf-frame-pointer '
+ FFLAGS='-O2 -flto=auto -ffat-lto-objects -fexceptions -g -grecord-gcc-switches -pipe -Wall -Wp,-U_FORTIFY_SOURCE,-D_FORTIFY_SOURCE=3 -Wp,-D_GLIBCXX_ASSERTIONS -specs=/usr/lib/rpm/redhat/redhat-hardened-cc1 -fstack-protector-strong -specs=/usr/lib/rpm/redhat/redhat-annobin-cc1  -m64 -march=x86-64 -mtune=generic -fasynchronous-unwind-tables -fstack-clash-protection -fcf-protection -fno-omit-frame-pointer -mno-omit-leaf-frame-pointer -I/usr/lib/gfortran/modules '
+ FCFLAGS='-O2 -flto=auto -ffat-lto-objects -fexceptions -g -grecord-gcc-switches -pipe -Wall -Wp,-U_FORTIFY_SOURCE,-D_FORTIFY_SOURCE=3 -Wp,-D_GLIBCXX_ASSERTIONS -specs=/usr/lib/rpm/redhat/redhat-hardened-cc1 -fstack-protector-strong -specs=/usr/lib/rpm/redhat/redhat-annobin-cc1  -m64 -march=x86-64 -mtune=generic -fasynchronous-unwind-tables -fstack-clash-protection -fcf-protection -fno-omit-frame-pointer -mno-omit-leaf-frame-pointer -I/usr/lib/gfortran/modules '
+ VALAFLAGS=-g
+ RUSTFLAGS='-Copt-level=3 -Cdebuginfo=2 -Ccodegen-units=1 -Cstrip=none -Cforce-frame-pointers=yes --cap-lints=warn'
+ LDFLAGS='-Wl,-z,relro -Wl,--as-needed   -Wl,-z,now -specs=/usr/lib/rpm/redhat/redhat-hardened-ld -specs=/usr/lib/rpm/redhat/redhat-annobin-cc1  -Wl,--build-id=sha1  '
+ LT_SYS_LIBRARY_PATH=/usr/lib:
+ CC=gcc
+ CXX=g++
+ TMPDIR=/builddir/build/BUILD/beautifulsoup4-4.13.4/.pyproject-builddir
+ RPM_TOXENV=py312
+ FEDORA=40
+ HOSTNAME=rpmbuild
+ /usr/bin/python3 -Bs /usr/lib/rpm/redhat/pyproject_buildrequires.py --generate-extras --python3_pkgversion 3 --wheeldir /builddir/build/BUILD/beautifulsoup4-4.13.4/pyproject-wheeldir --output /builddir/build/BUILD/python-beautifulsoup4-4.13.4-1.fc40.noarch-pyproject-buildrequires -t
Handling hatchling from build-system.requires
Requirement satisfied: hatchling
   (installed: hatchling 1.21.1)
Handling tox-current-env >= 0.0.16 from tox itself
Requirement not satisfied: tox-current-env >= 0.0.16
Exiting dependency generation pass: tox itself
+ cat /builddir/build/BUILD/python-beautifulsoup4-4.13.4-1.fc40.noarch-pyproject-buildrequires
+ rm -rfv '*.dist-info/'
+ RPM_EC=0
++ jobs -p
+ exit 0
Wrote: /builddir/build/SRPMS/python-beautifulsoup4-4.13.4-1.fc40.buildreqs.nosrc.rpm
Child return code was: 11
Dynamic buildrequires detected
Going to install missing buildrequires. See root.log for details.
ENTER ['do_with_status'](['bash', '--login', '-c', '/usr/bin/rpmbuild -br --noprep --noclean --target noarch --nodeps /builddir/build/SPECS/python-beautifulsoup4.spec'], chrootPath='/var/lib/mock/f40-build-59048254-6570588/root'env={'TERM': 'vt100', 'SHELL': '/bin/bash', 'HOME': '/builddir', 'HOSTNAME': 'mock', 'PATH': '/usr/bin:/bin:/usr/sbin:/sbin', 'PROMPT_COMMAND': 'printf "\\033]0;<mock-chroot>\\007"', 'PS1': '<mock-chroot> \\s-\\v\\$ ', 'LANG': 'C.UTF-8'}shell=Falselogger=<mockbuild.trace_decorator.getLog object at 0x7fe3271dd370>timeout=201600uid=1000gid=425user='mockbuild'unshare_net=TrueraiseExc=FalseprintOutput=Falsenspawn_args=['--capability=cap_ipc_lock', '--bind=/tmp/mock-resolv.ur9pr0lz:/etc/resolv.conf', '--bind=/dev/btrfs-control', '--bind=/dev/mapper/control', '--bind=/dev/fuse', '--bind=/dev/loop-control', '--bind=/dev/loop0', '--bind=/dev/loop1', '--bind=/dev/loop2', '--bind=/dev/loop3', '--bind=/dev/loop4', '--bind=/dev/loop5', '--bind=/dev/loop6', '--bind=/dev/loop7', '--bind=/dev/loop8', '--bind=/dev/loop9', '--bind=/dev/loop10', '--bind=/dev/loop11'])
Using nspawn with args ['--capability=cap_ipc_lock', '--bind=/tmp/mock-resolv.ur9pr0lz:/etc/resolv.conf', '--bind=/dev/btrfs-control', '--bind=/dev/mapper/control', '--bind=/dev/fuse', '--bind=/dev/loop-control', '--bind=/dev/loop0', '--bind=/dev/loop1', '--bind=/dev/loop2', '--bind=/dev/loop3', '--bind=/dev/loop4', '--bind=/dev/loop5', '--bind=/dev/loop6', '--bind=/dev/loop7', '--bind=/dev/loop8', '--bind=/dev/loop9', '--bind=/dev/loop10', '--bind=/dev/loop11']
Executing command: ['/usr/bin/systemd-nspawn', '-q', '-M', 'a02035e4f3404278b39fe085ba6542f1', '-D', '/var/lib/mock/f40-build-59048254-6570588/root', '-a', '-u', 'mockbuild', '--capability=cap_ipc_lock', '--bind=/tmp/mock-resolv.ur9pr0lz:/etc/resolv.conf', '--bind=/dev/btrfs-control', '--bind=/dev/mapper/control', '--bind=/dev/fuse', '--bind=/dev/loop-control', '--bind=/dev/loop0', '--bind=/dev/loop1', '--bind=/dev/loop2', '--bind=/dev/loop3', '--bind=/dev/loop4', '--bind=/dev/loop5', '--bind=/dev/loop6', '--bind=/dev/loop7', '--bind=/dev/loop8', '--bind=/dev/loop9', '--bind=/dev/loop10', '--bind=/dev/loop11', '--console=pipe', '--setenv=TERM=vt100', '--setenv=SHELL=/bin/bash', '--setenv=HOME=/builddir', '--setenv=HOSTNAME=mock', '--setenv=PATH=/usr/bin:/bin:/usr/sbin:/sbin', '--setenv=PROMPT_COMMAND=printf "\\033]0;<mock-chroot>\\007"', '--setenv=PS1=<mock-chroot> \\s-\\v\\$ ', '--setenv=LANG=C.UTF-8', '--resolv-conf=off', 'bash', '--login', '-c', '/usr/bin/rpmbuild -br --noprep --noclean --target noarch --nodeps /builddir/build/SPECS/python-beautifulsoup4.spec'] with env {'TERM': 'vt100', 'SHELL': '/bin/bash', 'HOME': '/builddir', 'HOSTNAME': 'mock', 'PATH': '/usr/bin:/bin:/usr/sbin:/sbin', 'PROMPT_COMMAND': 'printf "\\033]0;<mock-chroot>\\007"', 'PS1': '<mock-chroot> \\s-\\v\\$ ', 'LANG': 'C.UTF-8', 'SYSTEMD_NSPAWN_TMPFS_TMP': '0', 'SYSTEMD_SECCOMP': '0'} and shell False
Building target platforms: noarch
Building for target noarch
setting SOURCE_DATE_EPOCH=1745366400
Executing(%generate_buildrequires): /bin/sh -e /var/tmp/rpm-tmp.fpCLVV
+ umask 022
+ cd /builddir/build/BUILD
+ cd beautifulsoup4-4.13.4
+ echo pyproject-rpm-macros
+ echo python3-devel
+ echo 'python3dist(packaging)'
+ echo 'python3dist(pip) >= 19'
+ '[' -f pyproject.toml ']'
+ echo '(python3dist(tomli) if python3-devel < 3.11)'
+ rm -rfv '*.dist-info/'
+ '[' -f /usr/bin/python3 ']'
+ mkdir -p /builddir/build/BUILD/beautifulsoup4-4.13.4/.pyproject-builddir
+ echo -n
+ CFLAGS='-O2 -flto=auto -ffat-lto-objects -fexceptions -g -grecord-gcc-switches -pipe -Wall -Werror=format-security -Wp,-U_FORTIFY_SOURCE,-D_FORTIFY_SOURCE=3 -Wp,-D_GLIBCXX_ASSERTIONS -specs=/usr/lib/rpm/redhat/redhat-hardened-cc1 -fstack-protector-strong -specs=/usr/lib/rpm/redhat/redhat-annobin-cc1  -m64 -march=x86-64 -mtune=generic -fasynchronous-unwind-tables -fstack-clash-protection -fcf-protection -fno-omit-frame-pointer -mno-omit-leaf-frame-pointer '
+ CXXFLAGS='-O2 -flto=auto -ffat-lto-objects -fexceptions -g -grecord-gcc-switches -pipe -Wall -Werror=format-security -Wp,-U_FORTIFY_SOURCE,-D_FORTIFY_SOURCE=3 -Wp,-D_GLIBCXX_ASSERTIONS -specs=/usr/lib/rpm/redhat/redhat-hardened-cc1 -fstack-protector-strong -specs=/usr/lib/rpm/redhat/redhat-annobin-cc1  -m64 -march=x86-64 -mtune=generic -fasynchronous-unwind-tables -fstack-clash-protection -fcf-protection -fno-omit-frame-pointer -mno-omit-leaf-frame-pointer '
+ FFLAGS='-O2 -flto=auto -ffat-lto-objects -fexceptions -g -grecord-gcc-switches -pipe -Wall -Wp,-U_FORTIFY_SOURCE,-D_FORTIFY_SOURCE=3 -Wp,-D_GLIBCXX_ASSERTIONS -specs=/usr/lib/rpm/redhat/redhat-hardened-cc1 -fstack-protector-strong -specs=/usr/lib/rpm/redhat/redhat-annobin-cc1  -m64 -march=x86-64 -mtune=generic -fasynchronous-unwind-tables -fstack-clash-protection -fcf-protection -fno-omit-frame-pointer -mno-omit-leaf-frame-pointer -I/usr/lib/gfortran/modules '
+ FCFLAGS='-O2 -flto=auto -ffat-lto-objects -fexceptions -g -grecord-gcc-switches -pipe -Wall -Wp,-U_FORTIFY_SOURCE,-D_FORTIFY_SOURCE=3 -Wp,-D_GLIBCXX_ASSERTIONS -specs=/usr/lib/rpm/redhat/redhat-hardened-cc1 -fstack-protector-strong -specs=/usr/lib/rpm/redhat/redhat-annobin-cc1  -m64 -march=x86-64 -mtune=generic -fasynchronous-unwind-tables -fstack-clash-protection -fcf-protection -fno-omit-frame-pointer -mno-omit-leaf-frame-pointer -I/usr/lib/gfortran/modules '
+ VALAFLAGS=-g
+ RUSTFLAGS='-Copt-level=3 -Cdebuginfo=2 -Ccodegen-units=1 -Cstrip=none -Cforce-frame-pointers=yes --cap-lints=warn'
+ LDFLAGS='-Wl,-z,relro -Wl,--as-needed   -Wl,-z,now -specs=/usr/lib/rpm/redhat/redhat-hardened-ld -specs=/usr/lib/rpm/redhat/redhat-annobin-cc1  -Wl,--build-id=sha1  '
+ LT_SYS_LIBRARY_PATH=/usr/lib:
+ CC=gcc
+ CXX=g++
+ TMPDIR=/builddir/build/BUILD/beautifulsoup4-4.13.4/.pyproject-builddir
+ RPM_TOXENV=py312
+ FEDORA=40
+ HOSTNAME=rpmbuild
+ /usr/bin/python3 -Bs /usr/lib/rpm/redhat/pyproject_buildrequires.py --generate-extras --python3_pkgversion 3 --wheeldir /builddir/build/BUILD/beautifulsoup4-4.13.4/pyproject-wheeldir --output /builddir/build/BUILD/python-beautifulsoup4-4.13.4-1.fc40.noarch-pyproject-buildrequires -t
Handling hatchling from build-system.requires
Requirement satisfied: hatchling
   (installed: hatchling 1.21.1)
Handling tox-current-env >= 0.0.16 from tox itself
Requirement satisfied: tox-current-env >= 0.0.16
   (installed: tox-current-env 0.0.16)
  py312: OK (0.01 seconds)
  congratulations :) (0.08 seconds)
Handling tox>=3.28.0 from tox --print-deps-only: py312
Requirement satisfied: tox>=3.28.0
   (installed: tox 4.25.0)
Handling lxml from tox --print-deps-only: py312
Requirement satisfied: lxml
   (installed: lxml 5.1.0)
Handling html5lib from tox --print-deps-only: py312
Requirement satisfied: html5lib
   (installed: html5lib 1.1)
Handling packaging from tox --print-deps-only: py312
Requirement satisfied: packaging
   (installed: packaging 23.2)
Handling soupsieve>=2.6 from tox --print-deps-only: py312
Handling pytest>=6 from tox --print-deps-only: py312
Requirement not satisfied: pytest>=6
Handling typing_extensions>=4.0.0 from tox --print-deps-only: py312
Requirement not satisfied: typing_extensions>=4.0.0
  py312: OK (0.01 seconds)
  congratulations :) (0.08 seconds)
Handling soupsieve>1.2 from hook generated metadata: Requires-Dist (beautifulsoup4)
Requirement satisfied: soupsieve>1.2
   (installed: soupsieve 2.5)
Handling typing-extensions>=4.0.0 from hook generated metadata: Requires-Dist (beautifulsoup4)
Requirement not satisfied: typing-extensions>=4.0.0
Handling cchardet; extra == 'cchardet' from hook generated metadata: Requires-Dist (beautifulsoup4)
Ignoring alien requirement: cchardet; extra == 'cchardet'
Handling chardet; extra == 'chardet' from hook generated metadata: Requires-Dist (beautifulsoup4)
Ignoring alien requirement: chardet; extra == 'chardet'
Handling charset-normalizer; extra == 'charset-normalizer' from hook generated metadata: Requires-Dist (beautifulsoup4)
Ignoring alien requirement: charset-normalizer; extra == 'charset-normalizer'
Handling html5lib; extra == 'html5lib' from hook generated metadata: Requires-Dist (beautifulsoup4)
Ignoring alien requirement: html5lib; extra == 'html5lib'
Handling lxml; extra == 'lxml' from hook generated metadata: Requires-Dist (beautifulsoup4)
Ignoring alien requirement: lxml; extra == 'lxml'
+ cat /builddir/build/BUILD/python-beautifulsoup4-4.13.4-1.fc40.noarch-pyproject-buildrequires
+ rm -rfv beautifulsoup4-4.13.4.dist-info/
removed 'beautifulsoup4-4.13.4.dist-info/METADATA'
removed directory 'beautifulsoup4-4.13.4.dist-info/'
+ RPM_EC=0
++ jobs -p
+ exit 0
Wrote: /builddir/build/SRPMS/python-beautifulsoup4-4.13.4-1.fc40.buildreqs.nosrc.rpm
Child return code was: 11
Dynamic buildrequires detected
Going to install missing buildrequires. See root.log for details.
